⏭️  Skipping Windows-only module "gamebryo-plugin-management" as we are running on macOS
⏭️  Skipping Windows-only module "gamebryo-bsa-support" as we are running on macOS
⏭️  Skipping Windows-only module "gamestore-gog" as we are running on macOS
⏭️  Skipping Windows-only module "nmm-import-tool" as we are running on macOS
⏭️  Skipping Windows-only module "mo-import" as we are running on macOS
⏭️  Skipping Windows-only module "fnis-integration" as we are running on macOS
⏭️  Skipping Windows-only module "test-setup" as we are running on macOS
-- started: extensions/gamebryo-savegame-management/yarn install
-- copying files
-- yarn install v1.22.5
xx warning package-lock.json found. Your project contains lock files generated by tools other than Yarn. It is advised not to mix package managers in order to avoid resolution inconsistencies caused by unsynchronized lock files. To clear this warning, remove package-lock.json.
-- [1/4] Resolving packages...
xx error Package "gamebryo-savegame" refers to a non-existing file '"/Users/veland/Downloads/vortex/extensions/gamebryo-savegame-management/node_modules/node-gamebryo-savegames"'.
-- info Visit https://yarnpkg.com/en/docs/cli/install for documentation about this command.
(gamebryo-savegame-management) extensions/gamebryo-savegame-management/yarn install finished with code 1
failed  gamebryo-savegame-management Error: install failed with code 1
    at ChildProcess.<anonymous> (/Users/veland/Downloads/vortex/BuildSubprojects.js:101:18)
    at ChildProcess.emit (node:events:524:28)
    at maybeClose (node:internal/child_process:1104:16)
    at Socket.<anonymous> (node:internal/child_process:456:11)
    at Socket.emit (node:events:524:28)
    at Pipe.<anonymous> (node:net:343:12)
(gamebryo-archive-invalidation) extensions/gamebryo-archive-invalidation/yarn install finished with code 0
(gamebryo-archive-check) extensions/gamebryo-archive-check/yarn install finished with code 0
(gamebryo-test-settings) extensions/gamebryo-test-settings/yarn install finished with code 0
(gamebryo-plugin-indexlock) extensions/gamebryo-plugin-indexlock/yarn install finished with code 0
(local-gamesettings) extensions/local-gamesettings/yarn install finished with code 0
(mod-highlight) extensions/mod-highlight/yarn install finished with code 0
(mod-dependency-manager) extensions/mod-dependency-manager/yarn install finished with code 0
(gamestore-xbox) extensions/gamestore-xbox/yarn install finished with code 0
(gamestore-macappstore) extensions/gamestore-macappstore/yarn install finished with code 0
(modtype-enb) extensions/modtype-enb/yarn install finished with code 0
(modtype-dinput) extensions/modtype-dinput/yarn install finished with code 0
(script-extender-error-check) extensions/script-extender-error-check/yarn install finished with code 0
(open-directory) extensions/open-directory/yarn install finished with code 0
(gamebryo-ba2-support) extensions/gamebryo-ba2-support/yarn install finished with code 0
(documentation) extensions/documentation/yarn install finished with code 0
(gamestore-origin) extensions/gamestore-origin/yarn install finished with code 0
(theme-switcher) extensions/theme-switcher/yarn install finished with code 0
(changelog-dashlet) extensions/changelog-dashlet/yarn install finished with code 0
(issue-tracker) extensions/issue-tracker/yarn install finished with code 0
(script-extender-installer) extensions/script-extender-installer/yarn install finished with code 0
(mtframework-arc-support) extensions/mtframework-arc-support/yarn install finished with code 0
(new-file-monitor) extensions/new-file-monitor/yarn install finished with code 0
(modtype-bepinex) extensions/modtype-bepinex/yarn install finished with code 0
(feedback) extensions/feedback/yarn install finished with code 0
(mod-content) extensions/mod-content/yarn install finished with code 0
(modtype-dragonage) extensions/modtype-dazip/yarn install finished with code 0
(modtype-gedosato) extensions/modtype-gedosato/yarn install finished with code 0
(gamestore-uplay) extensions/gamestore-uplay/yarn install finished with code 0
(collections) extensions/collections/yarn install finished with code 0
(game-pillarsofeternity2) extensions/game-pillarsofeternity2/yarn install finished with code 0
(common-interpreters) extensions/common-interpreters/yarn install finished with code 0
(extension-dashlet) extensions/extension-dashlet/yarn install finished with code 0
(quickbms-support) extensions/quickbms-support/yarn install finished with code 0
(gameinfo-steam) extensions/gameinfo-steam/yarn install finished with code 0
(titlebar-launcher) extensions/titlebar-launcher/yarn install finished with code 0
(meta-editor) extensions/meta-editor/yarn install finished with code 0
(mod-report) extensions/mod-report/yarn install finished with code 0
(test-gameversion) extensions/test-gameversion/yarn install finished with code 0
-- started: extensions/local-gamesettings/yarn install
-- copying files
-- yarn install v1.22.5
-- [1/4] Resolving packages...
-- success Already up-to-date.
-- Done in 0.61s.
-- started: extensions/local-gamesettings/yarn run build
-- yarn run v1.22.5
-- $ npm run webpack && extractInfo
-- > local-gamesettings@0.1.4 webpack
-- > node ./node_modules/webpack/bin/webpack --config webpack.config.js --progress --profile --color
xx [webpack-cli] [31mFailed to load '/Users/veland/Downloads/vortex/extensions/local-gamesettings/webpack.config.js' config[39m
xx [webpack-cli] [31mError: Cannot find module '/Users/veland/Downloads/vortex/extensions/local-gamesettings/node_modules/vortex-api/lib/index.js'. Please verify that the package.json has a valid "main" entry
xx     at tryPackage (node:internal/modules/cjs/loader:489:19)
xx     at Module._findPath (node:internal/modules/cjs/loader:763:18)
xx     at Module._resolveFilename (node:internal/modules/cjs/loader:1198:27)
xx     at Module._load (node:internal/modules/cjs/loader:1043:27)
xx     at Module.require (node:internal/modules/cjs/loader:1298:19)
xx     at require (node:internal/modules/helpers:182:18)
xx     at Object.<anonymous> (/Users/veland/Downloads/vortex/extensions/local-gamesettings/webpack.config.js:1:23)
xx     at Module._compile (node:internal/modules/cjs/loader:1529:14)
xx     at Module._extensions..js (node:internal/modules/cjs/loader:1613:10)
xx     at Module.load (node:internal/modules/cjs/loader:1275:32) {
xx   code: 'MODULE_NOT_FOUND',
xx   path: '/Users/veland/Downloads/vortex/extensions/local-gamesettings/node_modules/vortex-api/package.json',
xx   requestPath: 'vortex-api'
xx }[39m
xx error Command failed with exit code 2.
-- info Visit https://yarnpkg.com/en/docs/cli/run for documentation about this command.
(local-gamesettings) extensions/local-gamesettings/yarn run build finished with code 2
failed  local-gamesettings Error: run,build failed with code 2
    at ChildProcess.<anonymous> (/Users/veland/Downloads/vortex/BuildSubprojects.js:101:18)
    at ChildProcess.emit (node:events:524:28)
    at maybeClose (node:internal/child_process:1104:16)
    at ChildProcess._handle.onexit (node:internal/child_process:304:5)
-- started: extensions/gamebryo-test-settings/yarn install
-- copying files
-- yarn install v1.22.5
-- [1/4] Resolving packages...
-- success Already up-to-date.
-- Done in 0.60s.
-- started: extensions/gamebryo-test-settings/yarn run build
-- yarn run v1.22.5
-- $ npm run webpack && extractInfo
-- > gamebryo-test-settings@0.1.5 webpack
-- > webpack --config webpack.config.js --progress --profile --color
xx [webpack-cli] [31mFailed to load '/Users/veland/Downloads/vortex/extensions/gamebryo-test-settings/webpack.config.js' config[39m
xx [webpack-cli] [31mError: Cannot find module '/Users/veland/Downloads/vortex/extensions/gamebryo-test-settings/node_modules/vortex-api/lib/index.js'. Please verify that the package.json has a valid "main" entry
xx     at tryPackage (node:internal/modules/cjs/loader:489:19)
xx     at Module._findPath (node:internal/modules/cjs/loader:763:18)
xx     at Module._resolveFilename (node:internal/modules/cjs/loader:1198:27)
xx     at Module._load (node:internal/modules/cjs/loader:1043:27)
xx     at Module.require (node:internal/modules/cjs/loader:1298:19)
xx     at require (node:internal/modules/helpers:182:18)
xx     at Object.<anonymous> (/Users/veland/Downloads/vortex/extensions/gamebryo-test-settings/webpack.config.js:1:23)
xx     at Module._compile (node:internal/modules/cjs/loader:1529:14)
xx     at Module._extensions..js (node:internal/modules/cjs/loader:1613:10)
xx     at Module.load (node:internal/modules/cjs/loader:1275:32) {
xx   code: 'MODULE_NOT_FOUND',
xx   path: '/Users/veland/Downloads/vortex/extensions/gamebryo-test-settings/node_modules/vortex-api/package.json',
xx   requestPath: 'vortex-api'
xx }[39m
xx error Command failed with exit code 2.
-- info Visit https://yarnpkg.com/en/docs/cli/run for documentation about this command.
(gamebryo-test-settings) extensions/gamebryo-test-settings/yarn run build finished with code 2
failed  gamebryo-test-settings Error: run,build failed with code 2
    at ChildProcess.<anonymous> (/Users/veland/Downloads/vortex/BuildSubprojects.js:101:18)
    at ChildProcess.emit (node:events:524:28)
    at maybeClose (node:internal/child_process:1104:16)
    at ChildProcess._handle.onexit (node:internal/child_process:304:5)
-- started: extensions/gamebryo-archive-invalidation/yarn install
-- copying files
-- yarn install v1.22.5
-- [1/4] Resolving packages...
-- success Already up-to-date.
-- Done in 0.20s.
-- started: extensions/gamebryo-archive-invalidation/yarn run build
-- yarn run v1.22.5
-- $ npm run webpack && extractInfo
-- > gamebryo-archive-invalidation@0.1.4 webpack
-- > webpack --config webpack.config.js --progress --profile --color
xx [webpack-cli] [31mFailed to load '/Users/veland/Downloads/vortex/extensions/gamebryo-archive-invalidation/webpack.config.js' config[39m
xx [webpack-cli] [31mError: Cannot find module '/Users/veland/Downloads/vortex/extensions/gamebryo-archive-invalidation/node_modules/vortex-api/lib/index.js'. Please verify that the package.json has a valid "main" entry
xx     at tryPackage (node:internal/modules/cjs/loader:489:19)
xx     at Module._findPath (node:internal/modules/cjs/loader:763:18)
xx     at Module._resolveFilename (node:internal/modules/cjs/loader:1198:27)
xx     at Module._load (node:internal/modules/cjs/loader:1043:27)
xx     at Module.require (node:internal/modules/cjs/loader:1298:19)
xx     at require (node:internal/modules/helpers:182:18)
xx     at Object.<anonymous> (/Users/veland/Downloads/vortex/extensions/gamebryo-archive-invalidation/webpack.config.js:1:23)
xx     at Module._compile (node:internal/modules/cjs/loader:1529:14)
xx     at Module._extensions..js (node:internal/modules/cjs/loader:1613:10)
xx     at Module.load (node:internal/modules/cjs/loader:1275:32) {
xx   code: 'MODULE_NOT_FOUND',
xx   path: '/Users/veland/Downloads/vortex/extensions/gamebryo-archive-invalidation/node_modules/vortex-api/package.json',
xx   requestPath: 'vortex-api'
xx }[39m
xx error Command failed with exit code 2.
-- info Visit https://yarnpkg.com/en/docs/cli/run for documentation about this command.
(gamebryo-archive-invalidation) extensions/gamebryo-archive-invalidation/yarn run build finished with code 2
failed  gamebryo-archive-invalidation Error: run,build failed with code 2
    at ChildProcess.<anonymous> (/Users/veland/Downloads/vortex/BuildSubprojects.js:101:18)
    at ChildProcess.emit (node:events:524:28)
    at maybeClose (node:internal/child_process:1104:16)
    at ChildProcess._handle.onexit (node:internal/child_process:304:5)
-- started: extensions/changelog-dashlet/yarn install
-- copying files
-- yarn install v1.22.5
-- [1/4] Resolving packages...
-- success Already up-to-date.
-- Done in 0.51s.
-- started: extensions/changelog-dashlet/yarn run build
-- yarn run v1.22.5
-- $ npm run webpack && npm run copy_scss && extractInfo
-- > changelog-dashlet@0.0.5 webpack
-- > node ./node_modules/webpack/bin/webpack --config webpack.config.js --progress --profile --color
xx [webpack-cli] [31mFailed to load '/Users/veland/Downloads/vortex/extensions/changelog-dashlet/webpack.config.js' config[39m
xx [webpack-cli] [31mError: Cannot find module '/Users/veland/Downloads/vortex/extensions/changelog-dashlet/node_modules/vortex-api/lib/index.js'. Please verify that the package.json has a valid "main" entry
xx     at tryPackage (node:internal/modules/cjs/loader:489:19)
xx     at Module._findPath (node:internal/modules/cjs/loader:763:18)
xx     at Module._resolveFilename (node:internal/modules/cjs/loader:1198:27)
xx     at Module._load (node:internal/modules/cjs/loader:1043:27)
xx     at Module.require (node:internal/modules/cjs/loader:1298:19)
xx     at require (node:internal/modules/helpers:182:18)
xx     at Object.<anonymous> (/Users/veland/Downloads/vortex/extensions/changelog-dashlet/webpack.config.js:2:23)
xx     at Module._compile (node:internal/modules/cjs/loader:1529:14)
xx     at Module._extensions..js (node:internal/modules/cjs/loader:1613:10)
xx     at Module.load (node:internal/modules/cjs/loader:1275:32) {
xx   code: 'MODULE_NOT_FOUND',
xx   path: '/Users/veland/Downloads/vortex/extensions/changelog-dashlet/node_modules/vortex-api/package.json',
xx   requestPath: 'vortex-api'
xx }[39m
xx error Command failed with exit code 2.
-- info Visit https://yarnpkg.com/en/docs/cli/run for documentation about this command.
(changelog-dashlet) extensions/changelog-dashlet/yarn run build finished with code 2
failed  changelog-dashlet Error: run,build failed with code 2
    at ChildProcess.<anonymous> (/Users/veland/Downloads/vortex/BuildSubprojects.js:101:18)
    at ChildProcess.emit (node:events:524:28)
    at maybeClose (node:internal/child_process:1104:16)
    at ChildProcess._handle.onexit (node:internal/child_process:304:5)
-- started: extensions/gamebryo-archive-check/yarn install
-- copying files
-- yarn install v1.22.5
-- [1/4] Resolving packages...
-- success Already up-to-date.
-- Done in 0.29s.
-- started: extensions/gamebryo-archive-check/yarn run build
-- yarn run v1.22.5
-- $ npm run webpack && extractInfo
-- > gamebryo-archive-check@1.0.5 webpack
-- > node ./node_modules/webpack/bin/webpack --config webpack.config.js --progress --profile --color
-- logging started
xx [webpack-cli] [31mFailed to load '/Users/veland/Downloads/vortex/extensions/gamebryo-archive-check/webpack.config.js' config[39m
xx [webpack-cli] [31mError: Cannot find module 'original-fs'
xx Require stack:
xx - /Users/veland/Downloads/vortex/extensions/gamebryo-archive-check/node_modules/vortex-api/lib/util/fs.js
xx - /Users/veland/Downloads/vortex/extensions/gamebryo-archive-check/node_modules/vortex-api/lib/util/i18n.js
xx - /Users/veland/Downloads/vortex/extensions/gamebryo-archive-check/node_modules/vortex-api/lib/util/errorHandling.js
xx - /Users/veland/Downloads/vortex/extensions/gamebryo-archive-check/node_modules/vortex-api/lib/extensions/mod_management/InstallManager.js
xx - /Users/veland/Downloads/vortex/extensions/gamebryo-archive-check/node_modules/vortex-api/lib/util/message.js
xx - /Users/veland/Downloads/vortex/extensions/gamebryo-archive-check/node_modules/vortex-api/lib/util/api.js
xx - /Users/veland/Downloads/vortex/extensions/gamebryo-archive-check/node_modules/vortex-api/lib/index.js
xx - /Users/veland/Downloads/vortex/extensions/gamebryo-archive-check/webpack.config.js
xx - /Users/veland/Downloads/vortex/extensions/gamebryo-archive-check/node_modules/webpack-cli/lib/webpack-cli.js
xx - /Users/veland/Downloads/vortex/extensions/gamebryo-archive-check/node_modules/webpack-cli/lib/bootstrap.js
xx - /Users/veland/Downloads/vortex/extensions/gamebryo-archive-check/node_modules/webpack-cli/bin/cli.js
xx - /Users/veland/Downloads/vortex/extensions/gamebryo-archive-check/node_modules/webpack/bin/webpack.js
xx     at Module._resolveFilename (node:internal/modules/cjs/loader:1212:15)
xx     at Module._load (node:internal/modules/cjs/loader:1043:27)
xx     at Module.require (node:internal/modules/cjs/loader:1298:19)
xx     at require (node:internal/modules/helpers:182:18)
xx     at Object.<anonymous> (/Users/veland/Downloads/vortex/extensions/gamebryo-archive-check/node_modules/vortex-api/lib/util/fs.js:106:21)
xx     at Module._compile (node:internal/modules/cjs/loader:1529:14)
xx     at Module._extensions..js (node:internal/modules/cjs/loader:1613:10)
xx     at Module.load (node:internal/modules/cjs/loader:1275:32)
xx     at Module._load (node:internal/modules/cjs/loader:1096:12)
xx     at Module.require (node:internal/modules/cjs/loader:1298:19)
xx     at require (node:internal/modules/helpers:182:18)
xx     at Object.<anonymous> (/Users/veland/Downloads/vortex/extensions/gamebryo-archive-check/node_modules/vortex-api/lib/util/i18n.js:55:25)
xx     at Module._compile (node:internal/modules/cjs/loader:1529:14)
xx     at Module._extensions..js (node:internal/modules/cjs/loader:1613:10)
xx     at Module.load (node:internal/modules/cjs/loader:1275:32)
xx     at Module._load (node:internal/modules/cjs/loader:1096:12) {
xx   code: 'MODULE_NOT_FOUND',
xx   requireStack: [
xx     '/Users/veland/Downloads/vortex/extensions/gamebryo-archive-check/node_modules/vortex-api/lib/util/fs.js',
xx     '/Users/veland/Downloads/vortex/extensions/gamebryo-archive-check/node_modules/vortex-api/lib/util/i18n.js',
xx     '/Users/veland/Downloads/vortex/extensions/gamebryo-archive-check/node_modules/vortex-api/lib/util/errorHandling.js',
xx     '/Users/veland/Downloads/vortex/extensions/gamebryo-archive-check/node_modules/vortex-api/lib/extensions/mod_management/InstallManager.js',
xx     '/Users/veland/Downloads/vortex/extensions/gamebryo-archive-check/node_modules/vortex-api/lib/util/message.js',
xx     '/Users/veland/Downloads/vortex/extensions/gamebryo-archive-check/node_modules/vortex-api/lib/util/api.js',
xx     '/Users/veland/Downloads/vortex/extensions/gamebryo-archive-check/node_modules/vortex-api/lib/index.js',
xx     '/Users/veland/Downloads/vortex/extensions/gamebryo-archive-check/webpack.config.js',
xx     '/Users/veland/Downloads/vortex/extensions/gamebryo-archive-check/node_modules/webpack-cli/lib/webpack-cli.js',
xx     '/Users/veland/Downloads/vortex/extensions/gamebryo-archive-check/node_modules/webpack-cli/lib/bootstrap.js',
xx     '/Users/veland/Downloads/vortex/extensions/gamebryo-archive-check/node_modules/webpack-cli/bin/cli.js',
xx     '/Users/veland/Downloads/vortex/extensions/gamebryo-archive-check/node_modules/webpack/bin/webpack.js'
xx   ]
xx }[39m
xx error Command failed with exit code 2.
-- info Visit https://yarnpkg.com/en/docs/cli/run for documentation about this command.
(gamebryo-archive-check) extensions/gamebryo-archive-check/yarn run build finished with code 2
failed  gamebryo-archive-check Error: run,build failed with code 2
    at ChildProcess.<anonymous> (/Users/veland/Downloads/vortex/BuildSubprojects.js:101:18)
    at ChildProcess.emit (node:events:524:28)
    at maybeClose (node:internal/child_process:1104:16)
    at Socket.<anonymous> (node:internal/child_process:456:11)
    at Socket.emit (node:events:524:28)
    at Pipe.<anonymous> (node:net:343:12)
-- started: extensions/mod-dependency-manager/yarn install
-- copying files
-- yarn install v1.22.5
-- [1/4] Resolving packages...
-- success Already up-to-date.
-- Done in 0.59s.
-- started: extensions/mod-dependency-manager/yarn run build
-- yarn run v1.22.5
-- $ npm run webpack && copyfiles -f src/stylesheets/*.scss dist && copyfiles -f src/language.json dist && extractInfo
-- > mod-dependency-manager@0.2.22 webpack
-- > webpack --config webpack.config.js --progress --profile --color
xx [webpack-cli] [31mFailed to load '/Users/veland/Downloads/vortex/extensions/mod-dependency-manager/webpack.config.js' config[39m
xx [webpack-cli] [31mError: Cannot find module '/Users/veland/Downloads/vortex/extensions/mod-dependency-manager/node_modules/vortex-api/lib/index.js'. Please verify that the package.json has a valid "main" entry
xx     at tryPackage (node:internal/modules/cjs/loader:489:19)
xx     at Module._findPath (node:internal/modules/cjs/loader:763:18)
xx     at Module._resolveFilename (node:internal/modules/cjs/loader:1198:27)
xx     at Module._load (node:internal/modules/cjs/loader:1043:27)
xx     at Module.require (node:internal/modules/cjs/loader:1298:19)
xx     at require (node:internal/modules/helpers:182:18)
xx     at Object.<anonymous> (/Users/veland/Downloads/vortex/extensions/mod-dependency-manager/webpack.config.js:1:23)
xx     at Module._compile (node:internal/modules/cjs/loader:1529:14)
xx     at Module._extensions..js (node:internal/modules/cjs/loader:1613:10)
xx     at Module.load (node:internal/modules/cjs/loader:1275:32) {
xx   code: 'MODULE_NOT_FOUND',
xx   path: '/Users/veland/Downloads/vortex/extensions/mod-dependency-manager/node_modules/vortex-api/package.json',
xx   requestPath: 'vortex-api'
xx }[39m
xx error Command failed with exit code 2.
-- info Visit https://yarnpkg.com/en/docs/cli/run for documentation about this command.
(mod-dependency-manager) extensions/mod-dependency-manager/yarn run build finished with code 2
failed  mod-dependency-manager Error: run,build failed with code 2
    at ChildProcess.<anonymous> (/Users/veland/Downloads/vortex/BuildSubprojects.js:101:18)
    at ChildProcess.emit (node:events:524:28)
    at maybeClose (node:internal/child_process:1104:16)
    at ChildProcess._handle.onexit (node:internal/child_process:304:5)
-- started: extensions/mod-highlight/yarn install
-- copying files
-- yarn install v1.22.5
-- [1/4] Resolving packages...
-- success Already up-to-date.
-- Done in 0.42s.
-- started: extensions/mod-highlight/yarn run build
-- yarn run v1.22.5
-- $ npm run webpack && copyfiles -f src/stylesheets/mod-highlight.scss dist && extractInfo
-- > mod-highlight@0.1.0 webpack
-- > node ./node_modules/webpack/bin/webpack --config webpack.config.js --progress --profile --color
xx [webpack-cli] [31mFailed to load '/Users/veland/Downloads/vortex/extensions/mod-highlight/webpack.config.js' config[39m
xx [webpack-cli] [31mError: Cannot find module '/Users/veland/Downloads/vortex/extensions/mod-highlight/node_modules/vortex-api/lib/index.js'. Please verify that the package.json has a valid "main" entry
xx     at tryPackage (node:internal/modules/cjs/loader:489:19)
xx     at Module._findPath (node:internal/modules/cjs/loader:763:18)
xx     at Module._resolveFilename (node:internal/modules/cjs/loader:1198:27)
xx     at Module._load (node:internal/modules/cjs/loader:1043:27)
xx     at Module.require (node:internal/modules/cjs/loader:1298:19)
xx     at require (node:internal/modules/helpers:182:18)
xx     at Object.<anonymous> (/Users/veland/Downloads/vortex/extensions/mod-highlight/webpack.config.js:1:23)
xx     at Module._compile (node:internal/modules/cjs/loader:1529:14)
xx     at Module._extensions..js (node:internal/modules/cjs/loader:1613:10)
xx     at Module.load (node:internal/modules/cjs/loader:1275:32) {
xx   code: 'MODULE_NOT_FOUND',
xx   path: '/Users/veland/Downloads/vortex/extensions/mod-highlight/node_modules/vortex-api/package.json',
xx   requestPath: 'vortex-api'
xx }[39m
xx error Command failed with exit code 2.
-- info Visit https://yarnpkg.com/en/docs/cli/run for documentation about this command.
(mod-highlight) extensions/mod-highlight/yarn run build finished with code 2
failed  mod-highlight Error: run,build failed with code 2
    at ChildProcess.<anonymous> (/Users/veland/Downloads/vortex/BuildSubprojects.js:101:18)
    at ChildProcess.emit (node:events:524:28)
    at maybeClose (node:internal/child_process:1104:16)
    at ChildProcess._handle.onexit (node:internal/child_process:304:5)
-- started: extensions/gamebryo-plugin-indexlock/yarn install
-- copying files
-- yarn install v1.22.5
-- [1/4] Resolving packages...
-- success Already up-to-date.
-- Done in 0.51s.
-- started: extensions/gamebryo-plugin-indexlock/yarn run build
-- yarn run v1.22.5
-- $ npm run webpack && extractInfo
-- > gamebryo-plugin-indexlock@0.1.0 webpack
-- > webpack --config webpack.config.js --progress --profile --color
xx [webpack-cli] [31mFailed to load '/Users/veland/Downloads/vortex/extensions/gamebryo-plugin-indexlock/webpack.config.js' config[39m
xx [webpack-cli] [31mError: Cannot find module '/Users/veland/Downloads/vortex/extensions/gamebryo-plugin-indexlock/node_modules/vortex-api/lib/index.js'. Please verify that the package.json has a valid "main" entry
xx     at tryPackage (node:internal/modules/cjs/loader:489:19)
xx     at Module._findPath (node:internal/modules/cjs/loader:763:18)
xx     at Module._resolveFilename (node:internal/modules/cjs/loader:1198:27)
xx     at Module._load (node:internal/modules/cjs/loader:1043:27)
xx     at Module.require (node:internal/modules/cjs/loader:1298:19)
xx     at require (node:internal/modules/helpers:182:18)
xx     at Object.<anonymous> (/Users/veland/Downloads/vortex/extensions/gamebryo-plugin-indexlock/webpack.config.js:1:23)
xx     at Module._compile (node:internal/modules/cjs/loader:1529:14)
xx     at Module._extensions..js (node:internal/modules/cjs/loader:1613:10)
xx     at Module.load (node:internal/modules/cjs/loader:1275:32) {
xx   code: 'MODULE_NOT_FOUND',
xx   path: '/Users/veland/Downloads/vortex/extensions/gamebryo-plugin-indexlock/node_modules/vortex-api/package.json',
xx   requestPath: 'vortex-api'
xx }[39m
xx error Command failed with exit code 2.
-- info Visit https://yarnpkg.com/en/docs/cli/run for documentation about this command.
(gamebryo-plugin-indexlock) extensions/gamebryo-plugin-indexlock/yarn run build finished with code 2
failed  gamebryo-plugin-indexlock Error: run,build failed with code 2
    at ChildProcess.<anonymous> (/Users/veland/Downloads/vortex/BuildSubprojects.js:101:18)
    at ChildProcess.emit (node:events:524:28)
    at maybeClose (node:internal/child_process:1104:16)
    at Socket.<anonymous> (node:internal/child_process:456:11)
    at Socket.emit (node:events:524:28)
    at Pipe.<anonymous> (node:net:343:12)
(modtype-umm) extensions/modtype-umm/yarn install finished with code 0
-- started: extensions/gamestore-xbox/yarn install
-- copying files
-- yarn install v1.22.5
-- [1/4] Resolving packages...
-- success Already up-to-date.
-- Done in 0.63s.
-- started: extensions/gamestore-xbox/yarn run build
-- yarn run v1.22.5
-- $ npm run webpack && extractInfo
-- > gamestore-xbox@0.2.3 webpack
-- > node ./node_modules/webpack/bin/webpack --config webpack.config.js --progress --profile --color
xx [webpack-cli] [31mFailed to load '/Users/veland/Downloads/vortex/extensions/gamestore-xbox/webpack.config.js' config[39m
xx [webpack-cli] [31mError: Cannot find module '/Users/veland/Downloads/vortex/extensions/gamestore-xbox/node_modules/vortex-api/lib/index.js'. Please verify that the package.json has a valid "main" entry
xx     at tryPackage (node:internal/modules/cjs/loader:489:19)
xx     at Module._findPath (node:internal/modules/cjs/loader:763:18)
xx     at Module._resolveFilename (node:internal/modules/cjs/loader:1198:27)
xx     at Module._load (node:internal/modules/cjs/loader:1043:27)
xx     at Module.require (node:internal/modules/cjs/loader:1298:19)
xx     at require (node:internal/modules/helpers:182:18)
xx     at Object.<anonymous> (/Users/veland/Downloads/vortex/extensions/gamestore-xbox/webpack.config.js:1:23)
xx     at Module._compile (node:internal/modules/cjs/loader:1529:14)
xx     at Module._extensions..js (node:internal/modules/cjs/loader:1613:10)
xx     at Module.load (node:internal/modules/cjs/loader:1275:32) {
xx   code: 'MODULE_NOT_FOUND',
xx   path: '/Users/veland/Downloads/vortex/extensions/gamestore-xbox/node_modules/vortex-api/package.json',
xx   requestPath: 'vortex-api'
xx }[39m
xx error Command failed with exit code 2.
-- info Visit https://yarnpkg.com/en/docs/cli/run for documentation about this command.
(gamestore-xbox) extensions/gamestore-xbox/yarn run build finished with code 2
failed  gamestore-xbox Error: run,build failed with code 2
    at ChildProcess.<anonymous> (/Users/veland/Downloads/vortex/BuildSubprojects.js:101:18)
    at ChildProcess.emit (node:events:524:28)
    at maybeClose (node:internal/child_process:1104:16)
    at Socket.<anonymous> (node:internal/child_process:456:11)
    at Socket.emit (node:events:524:28)
    at Pipe.<anonymous> (node:net:343:12)
-- started: extensions/modtype-enb/yarn install
-- copying files
-- yarn install v1.22.5
-- [1/4] Resolving packages...
-- success Already up-to-date.
-- Done in 0.45s.
-- started: extensions/modtype-enb/yarn run build
-- yarn run v1.22.5
-- $ npm run webpack && extractInfo
-- > modtype-enb@0.0.2 webpack
-- > node ./node_modules/webpack/bin/webpack --config webpack.config.js --progress --profile --color
xx [webpack-cli] [31mFailed to load '/Users/veland/Downloads/vortex/extensions/modtype-enb/webpack.config.js' config[39m
xx [webpack-cli] [31mError: Cannot find module '/Users/veland/Downloads/vortex/extensions/modtype-enb/node_modules/vortex-api/lib/index.js'. Please verify that the package.json has a valid "main" entry
xx     at tryPackage (node:internal/modules/cjs/loader:489:19)
xx     at Module._findPath (node:internal/modules/cjs/loader:763:18)
xx     at Module._resolveFilename (node:internal/modules/cjs/loader:1198:27)
xx     at Module._load (node:internal/modules/cjs/loader:1043:27)
xx     at Module.require (node:internal/modules/cjs/loader:1298:19)
xx     at require (node:internal/modules/helpers:182:18)
xx     at Object.<anonymous> (/Users/veland/Downloads/vortex/extensions/modtype-enb/webpack.config.js:1:23)
xx     at Module._compile (node:internal/modules/cjs/loader:1529:14)
xx     at Module._extensions..js (node:internal/modules/cjs/loader:1613:10)
xx     at Module.load (node:internal/modules/cjs/loader:1275:32) {
xx   code: 'MODULE_NOT_FOUND',
xx   path: '/Users/veland/Downloads/vortex/extensions/modtype-enb/node_modules/vortex-api/package.json',
xx   requestPath: 'vortex-api'
xx }[39m
xx error Command failed with exit code 2.
-- info Visit https://yarnpkg.com/en/docs/cli/run for documentation about this command.
(modtype-enb) extensions/modtype-enb/yarn run build finished with code 2
failed  modtype-enb Error: run,build failed with code 2
    at ChildProcess.<anonymous> (/Users/veland/Downloads/vortex/BuildSubprojects.js:101:18)
    at ChildProcess.emit (node:events:524:28)
    at maybeClose (node:internal/child_process:1104:16)
    at ChildProcess._handle.onexit (node:internal/child_process:304:5)
-- started: extensions/modtype-dinput/yarn install
-- copying files
-- yarn install v1.22.5
-- [1/4] Resolving packages...
-- success Already up-to-date.
-- Done in 0.47s.
-- started: extensions/modtype-dinput/yarn run build
-- yarn run v1.22.5
-- $ npm run webpack && extractInfo
-- > modtype-dinput@0.1.0 webpack
-- > node ./node_modules/webpack/bin/webpack --config webpack.config.js --progress --profile --color
xx [webpack-cli] [31mFailed to load '/Users/veland/Downloads/vortex/extensions/modtype-dinput/webpack.config.js' config[39m
xx [webpack-cli] [31mError: Cannot find module '/Users/veland/Downloads/vortex/extensions/modtype-dinput/node_modules/vortex-api/lib/index.js'. Please verify that the package.json has a valid "main" entry
xx     at tryPackage (node:internal/modules/cjs/loader:489:19)
xx     at Module._findPath (node:internal/modules/cjs/loader:763:18)
xx     at Module._resolveFilename (node:internal/modules/cjs/loader:1198:27)
xx     at Module._load (node:internal/modules/cjs/loader:1043:27)
xx     at Module.require (node:internal/modules/cjs/loader:1298:19)
xx     at require (node:internal/modules/helpers:182:18)
xx     at Object.<anonymous> (/Users/veland/Downloads/vortex/extensions/modtype-dinput/webpack.config.js:1:23)
xx     at Module._compile (node:internal/modules/cjs/loader:1529:14)
xx     at Module._extensions..js (node:internal/modules/cjs/loader:1613:10)
xx     at Module.load (node:internal/modules/cjs/loader:1275:32) {
xx   code: 'MODULE_NOT_FOUND',
xx   path: '/Users/veland/Downloads/vortex/extensions/modtype-dinput/node_modules/vortex-api/package.json',
xx   requestPath: 'vortex-api'
xx }[39m
xx error Command failed with exit code 2.
-- info Visit https://yarnpkg.com/en/docs/cli/run for documentation about this command.
(modtype-dinput) extensions/modtype-dinput/yarn run build finished with code 2
failed  modtype-dinput Error: run,build failed with code 2
    at ChildProcess.<anonymous> (/Users/veland/Downloads/vortex/BuildSubprojects.js:101:18)
    at ChildProcess.emit (node:events:524:28)
    at maybeClose (node:internal/child_process:1104:16)
    at Socket.<anonymous> (node:internal/child_process:456:11)
    at Socket.emit (node:events:524:28)
    at Pipe.<anonymous> (node:net:343:12)
-- started: extensions/gamestore-macappstore/yarn install
-- copying files
-- yarn install v1.22.5
-- [1/4] Resolving packages...
-- success Already up-to-date.
-- Done in 0.34s.
-- started: extensions/gamestore-macappstore/yarn run build
-- yarn run v1.22.5
-- $ npm run webpack && extractInfo
-- > gamestore-macappstore@1.0.0 webpack
-- > webpack --config webpack.config.js --progress --profile --color
xx [webpack-cli] [31mFailed to load '/Users/veland/Downloads/vortex/extensions/gamestore-macappstore/webpack.config.js' config[39m
xx [webpack-cli] [31mError: Cannot find module '/Users/veland/Downloads/vortex/extensions/gamestore-macappstore/node_modules/vortex-api/lib/index.js'. Please verify that the package.json has a valid "main" entry
xx     at tryPackage (node:internal/modules/cjs/loader:489:19)
xx     at Module._findPath (node:internal/modules/cjs/loader:763:18)
xx     at Module._resolveFilename (node:internal/modules/cjs/loader:1198:27)
xx     at Module._load (node:internal/modules/cjs/loader:1043:27)
xx     at Module.require (node:internal/modules/cjs/loader:1298:19)
xx     at require (node:internal/modules/helpers:182:18)
xx     at Object.<anonymous> (/Users/veland/Downloads/vortex/extensions/gamestore-macappstore/webpack.config.js:2:23)
xx     at Module._compile (node:internal/modules/cjs/loader:1529:14)
xx     at Module._extensions..js (node:internal/modules/cjs/loader:1613:10)
xx     at Module.load (node:internal/modules/cjs/loader:1275:32) {
xx   code: 'MODULE_NOT_FOUND',
xx   path: '/Users/veland/Downloads/vortex/extensions/gamestore-macappstore/node_modules/vortex-api/package.json',
xx   requestPath: 'vortex-api'
xx }[39m
xx error Command failed with exit code 2.
-- info Visit https://yarnpkg.com/en/docs/cli/run for documentation about this command.
(gamestore-macappstore) extensions/gamestore-macappstore/yarn run build finished with code 2
failed  gamestore-macappstore Error: run,build failed with code 2
    at ChildProcess.<anonymous> (/Users/veland/Downloads/vortex/BuildSubprojects.js:101:18)
    at ChildProcess.emit (node:events:524:28)
    at maybeClose (node:internal/child_process:1104:16)
    at Socket.<anonymous> (node:internal/child_process:456:11)
    at Socket.emit (node:events:524:28)
    at Pipe.<anonymous> (node:net:343:12)
-- started: extensions/script-extender-installer/yarn install
-- copying files
-- yarn install v1.22.5
-- [1/4] Resolving packages...
-- success Already up-to-date.
-- Done in 0.53s.
-- started: extensions/script-extender-installer/yarn run build
-- yarn run v1.22.5
-- $ npm run webpack && extractInfo
-- > script-extender-installer@1.1.14 webpack
-- > node ./node_modules/webpack/bin/webpack --config webpack.config.js --progress --profile --color
xx [webpack-cli] [31mFailed to load '/Users/veland/Downloads/vortex/extensions/script-extender-installer/webpack.config.js' config[39m
xx [webpack-cli] [31mError: Cannot find module '/Users/veland/Downloads/vortex/extensions/script-extender-installer/node_modules/vortex-api/lib/index.js'. Please verify that the package.json has a valid "main" entry
xx     at tryPackage (node:internal/modules/cjs/loader:489:19)
xx     at Module._findPath (node:internal/modules/cjs/loader:763:18)
xx     at Module._resolveFilename (node:internal/modules/cjs/loader:1198:27)
xx     at Module._load (node:internal/modules/cjs/loader:1043:27)
xx     at Module.require (node:internal/modules/cjs/loader:1298:19)
xx     at require (node:internal/modules/helpers:182:18)
xx     at Object.<anonymous> (/Users/veland/Downloads/vortex/extensions/script-extender-installer/webpack.config.js:2:23)
xx     at Module._compile (node:internal/modules/cjs/loader:1529:14)
xx     at Module._extensions..js (node:internal/modules/cjs/loader:1613:10)
xx     at Module.load (node:internal/modules/cjs/loader:1275:32) {
xx   code: 'MODULE_NOT_FOUND',
xx   path: '/Users/veland/Downloads/vortex/extensions/script-extender-installer/node_modules/vortex-api/package.json',
xx   requestPath: 'vortex-api'
xx }[39m
xx error Command failed with exit code 2.
-- info Visit https://yarnpkg.com/en/docs/cli/run for documentation about this command.
(script-extender-installer) extensions/script-extender-installer/yarn run build finished with code 2
failed  script-extender-installer Error: run,build failed with code 2
    at ChildProcess.<anonymous> (/Users/veland/Downloads/vortex/BuildSubprojects.js:101:18)
    at ChildProcess.emit (node:events:524:28)
    at maybeClose (node:internal/child_process:1104:16)
    at Socket.<anonymous> (node:internal/child_process:456:11)
    at Socket.emit (node:events:524:28)
    at Pipe.<anonymous> (node:net:343:12)
-- started: extensions/gamestore-origin/yarn install
-- copying files
-- yarn install v1.22.5
-- [1/4] Resolving packages...
-- success Already up-to-date.
-- Done in 0.53s.
-- started: extensions/gamestore-origin/yarn run build
-- yarn run v1.22.5
-- $ npm run webpack && extractInfo
-- > gamestore-origin@0.1.0 webpack
-- > node ./node_modules/webpack/bin/webpack --config webpack.config.js --progress --profile --color
xx [webpack-cli] [31mFailed to load '/Users/veland/Downloads/vortex/extensions/gamestore-origin/webpack.config.js' config[39m
xx [webpack-cli] [31mError: Cannot find module '/Users/veland/Downloads/vortex/extensions/gamestore-origin/node_modules/vortex-api/lib/index.js'. Please verify that the package.json has a valid "main" entry
xx     at tryPackage (node:internal/modules/cjs/loader:489:19)
xx     at Module._findPath (node:internal/modules/cjs/loader:763:18)
xx     at Module._resolveFilename (node:internal/modules/cjs/loader:1198:27)
xx     at Module._load (node:internal/modules/cjs/loader:1043:27)
xx     at Module.require (node:internal/modules/cjs/loader:1298:19)
xx     at require (node:internal/modules/helpers:182:18)
xx     at Object.<anonymous> (/Users/veland/Downloads/vortex/extensions/gamestore-origin/webpack.config.js:1:23)
xx     at Module._compile (node:internal/modules/cjs/loader:1529:14)
xx     at Module._extensions..js (node:internal/modules/cjs/loader:1613:10)
xx     at Module.load (node:internal/modules/cjs/loader:1275:32) {
xx   code: 'MODULE_NOT_FOUND',
xx   path: '/Users/veland/Downloads/vortex/extensions/gamestore-origin/node_modules/vortex-api/package.json',
xx   requestPath: 'vortex-api'
xx }[39m
xx error Command failed with exit code 2.
-- info Visit https://yarnpkg.com/en/docs/cli/run for documentation about this command.
(gamestore-origin) extensions/gamestore-origin/yarn run build finished with code 2
failed  gamestore-origin Error: run,build failed with code 2
    at ChildProcess.<anonymous> (/Users/veland/Downloads/vortex/BuildSubprojects.js:101:18)
    at ChildProcess.emit (node:events:524:28)
    at maybeClose (node:internal/child_process:1104:16)
    at ChildProcess._handle.onexit (node:internal/child_process:304:5)
-- started: extensions/mtframework-arc-support/yarn install
-- copying files
-- yarn install v1.22.5
-- [1/4] Resolving packages...
-- success Already up-to-date.
-- Done in 0.56s.
-- started: extensions/mtframework-arc-support/yarn run build
-- yarn run v1.22.5
-- $ npm run webpack && node download_arctool.js && extractInfo
-- > mtframework-arc-support@0.1.1 webpack
-- > node ./node_modules/webpack/bin/webpack --config webpack.config.js --progress --profile --color
xx [webpack-cli] [31mFailed to load '/Users/veland/Downloads/vortex/extensions/mtframework-arc-support/webpack.config.js' config[39m
xx [webpack-cli] [31mError: Cannot find module '/Users/veland/Downloads/vortex/extensions/mtframework-arc-support/node_modules/vortex-api/lib/index.js'. Please verify that the package.json has a valid "main" entry
xx     at tryPackage (node:internal/modules/cjs/loader:489:19)
xx     at Module._findPath (node:internal/modules/cjs/loader:763:18)
xx     at Module._resolveFilename (node:internal/modules/cjs/loader:1198:27)
xx     at Module._load (node:internal/modules/cjs/loader:1043:27)
xx     at Module.require (node:internal/modules/cjs/loader:1298:19)
xx     at require (node:internal/modules/helpers:182:18)
xx     at Object.<anonymous> (/Users/veland/Downloads/vortex/extensions/mtframework-arc-support/webpack.config.js:1:23)
xx     at Module._compile (node:internal/modules/cjs/loader:1529:14)
xx     at Module._extensions..js (node:internal/modules/cjs/loader:1613:10)
xx     at Module.load (node:internal/modules/cjs/loader:1275:32) {
xx   code: 'MODULE_NOT_FOUND',
xx   path: '/Users/veland/Downloads/vortex/extensions/mtframework-arc-support/node_modules/vortex-api/package.json',
xx   requestPath: 'vortex-api'
xx }[39m
xx error Command failed with exit code 2.
-- info Visit https://yarnpkg.com/en/docs/cli/run for documentation about this command.
(mtframework-arc-support) extensions/mtframework-arc-support/yarn run build finished with code 2
failed  mtframework-arc-support Error: run,build failed with code 2
    at ChildProcess.<anonymous> (/Users/veland/Downloads/vortex/BuildSubprojects.js:101:18)
    at ChildProcess.emit (node:events:524:28)
    at maybeClose (node:internal/child_process:1104:16)
    at Socket.<anonymous> (node:internal/child_process:456:11)
    at Socket.emit (node:events:524:28)
    at Pipe.<anonymous> (node:net:343:12)
-- started: extensions/script-extender-error-check/yarn install
-- copying files
-- yarn install v1.22.5
-- [1/4] Resolving packages...
-- success Already up-to-date.
-- Done in 0.47s.
-- started: extensions/script-extender-error-check/yarn run build
-- yarn run v1.22.5
-- $ npm run webpack && copyfiles -f src/style.scss dist && extractInfo
-- > script-extender-error-check@0.1.1 webpack
-- > webpack --config webpack.config.js --progress --profile --color
xx [webpack-cli] [31mFailed to load '/Users/veland/Downloads/vortex/extensions/script-extender-error-check/webpack.config.js' config[39m
xx [webpack-cli] [31mError: Cannot find module '/Users/veland/Downloads/vortex/extensions/script-extender-error-check/node_modules/vortex-api/lib/index.js'. Please verify that the package.json has a valid "main" entry
xx     at tryPackage (node:internal/modules/cjs/loader:489:19)
xx     at Module._findPath (node:internal/modules/cjs/loader:763:18)
xx     at Module._resolveFilename (node:internal/modules/cjs/loader:1198:27)
xx     at Module._load (node:internal/modules/cjs/loader:1043:27)
xx     at Module.require (node:internal/modules/cjs/loader:1298:19)
xx     at require (node:internal/modules/helpers:182:18)
xx     at Object.<anonymous> (/Users/veland/Downloads/vortex/extensions/script-extender-error-check/webpack.config.js:1:23)
xx     at Module._compile (node:internal/modules/cjs/loader:1529:14)
xx     at Module._extensions..js (node:internal/modules/cjs/loader:1613:10)
xx     at Module.load (node:internal/modules/cjs/loader:1275:32) {
xx   code: 'MODULE_NOT_FOUND',
xx   path: '/Users/veland/Downloads/vortex/extensions/script-extender-error-check/node_modules/vortex-api/package.json',
xx   requestPath: 'vortex-api'
xx }[39m
xx error Command failed with exit code 2.
-- info Visit https://yarnpkg.com/en/docs/cli/run for documentation about this command.
(script-extender-error-check) extensions/script-extender-error-check/yarn run build finished with code 2
-- started: extensions/new-file-monitor/yarn install
-- copying files
-- yarn install v1.22.5
-- [1/4] Resolving packages...
-- success Already up-to-date.
-- Done in 0.59s.
-- started: extensions/new-file-monitor/yarn run build
-- yarn run v1.22.5
-- $ npm run webpack && copyfiles -f src/stylesheets/import-tool.scss dist && copyfiles -f src/images/* dist && extractInfo
-- > new-file-monitor@0.1.0 webpack
-- > webpack --config webpack.config.js --progress --profile --color
xx [webpack-cli] [31mFailed to load '/Users/veland/Downloads/vortex/extensions/new-file-monitor/webpack.config.js' config[39m
xx [webpack-cli] [31mError: Cannot find module '/Users/veland/Downloads/vortex/extensions/new-file-monitor/node_modules/vortex-api/lib/index.js'. Please verify that the package.json has a valid "main" entry
xx     at tryPackage (node:internal/modules/cjs/loader:489:19)
xx     at Module._findPath (node:internal/modules/cjs/loader:763:18)
xx     at Module._resolveFilename (node:internal/modules/cjs/loader:1198:27)
xx     at Module._load (node:internal/modules/cjs/loader:1043:27)
xx     at Module.require (node:internal/modules/cjs/loader:1298:19)
xx     at require (node:internal/modules/helpers:182:18)
xx     at Object.<anonymous> (/Users/veland/Downloads/vortex/extensions/new-file-monitor/webpack.config.js:1:23)
xx     at Module._compile (node:internal/modules/cjs/loader:1529:14)
xx     at Module._extensions..js (node:internal/modules/cjs/loader:1613:10)
xx     at Module.load (node:internal/modules/cjs/loader:1275:32) {
xx   code: 'MODULE_NOT_FOUND',
xx   path: '/Users/veland/Downloads/vortex/extensions/new-file-monitor/node_modules/vortex-api/package.json',
xx   requestPath: 'vortex-api'
xx }[39m
xx error Command failed with exit code 2.
-- info Visit https://yarnpkg.com/en/docs/cli/run for documentation about this command.
(new-file-monitor) extensions/new-file-monitor/yarn run build finished with code 2
failed  script-extender-error-check Error: run,build failed with code 2
    at ChildProcess.<anonymous> (/Users/veland/Downloads/vortex/BuildSubprojects.js:101:18)
    at ChildProcess.emit (node:events:524:28)
    at maybeClose (node:internal/child_process:1104:16)
    at ChildProcess._handle.onexit (node:internal/child_process:304:5)
failed  new-file-monitor Error: run,build failed with code 2
    at ChildProcess.<anonymous> (/Users/veland/Downloads/vortex/BuildSubprojects.js:101:18)
    at ChildProcess.emit (node:events:524:28)
    at maybeClose (node:internal/child_process:1104:16)
    at ChildProcess._handle.onexit (node:internal/child_process:304:5)
-- started: extensions/issue-tracker/yarn install
-- copying files
-- yarn install v1.22.5
-- [1/4] Resolving packages...
-- success Already up-to-date.
-- Done in 0.67s.
-- started: extensions/issue-tracker/yarn run build
-- yarn run v1.22.5
-- $ npm run webpack && npm run copy_scss && extractInfo
-- > issue-tracker@0.1.4 webpack
-- > node ./node_modules/webpack/bin/webpack --config webpack.config.js --progress --profile --color
xx [webpack-cli] [31mFailed to load '/Users/veland/Downloads/vortex/extensions/issue-tracker/webpack.config.js' config[39m
xx [webpack-cli] [31mError: Cannot find module '/Users/veland/Downloads/vortex/extensions/issue-tracker/node_modules/vortex-api/lib/index.js'. Please verify that the package.json has a valid "main" entry
xx     at tryPackage (node:internal/modules/cjs/loader:489:19)
xx     at Module._findPath (node:internal/modules/cjs/loader:763:18)
xx     at Module._resolveFilename (node:internal/modules/cjs/loader:1198:27)
xx     at Module._load (node:internal/modules/cjs/loader:1043:27)
xx     at Module.require (node:internal/modules/cjs/loader:1298:19)
xx     at require (node:internal/modules/helpers:182:18)
xx     at Object.<anonymous> (/Users/veland/Downloads/vortex/extensions/issue-tracker/webpack.config.js:2:23)
xx     at Module._compile (node:internal/modules/cjs/loader:1529:14)
xx     at Module._extensions..js (node:internal/modules/cjs/loader:1613:10)
xx     at Module.load (node:internal/modules/cjs/loader:1275:32) {
xx   code: 'MODULE_NOT_FOUND',
xx   path: '/Users/veland/Downloads/vortex/extensions/issue-tracker/node_modules/vortex-api/package.json',
xx   requestPath: 'vortex-api'
xx }[39m
xx error Command failed with exit code 2.
-- info Visit https://yarnpkg.com/en/docs/cli/run for documentation about this command.
(issue-tracker) extensions/issue-tracker/yarn run build finished with code 2
failed  issue-tracker Error: run,build failed with code 2
    at ChildProcess.<anonymous> (/Users/veland/Downloads/vortex/BuildSubprojects.js:101:18)
    at ChildProcess.emit (node:events:524:28)
    at maybeClose (node:internal/child_process:1104:16)
    at ChildProcess._handle.onexit (node:internal/child_process:304:5)
-- started: extensions/documentation/yarn install
-- copying files
-- yarn install v1.22.5
-- [1/4] Resolving packages...
-- success Already up-to-date.
-- Done in 0.36s.
-- started: extensions/documentation/yarn run build
-- yarn run v1.22.5
-- $ npm run webpack && copyfiles -f src/stylesheets/*.scss dist && extractInfo
-- > documentation@1.0.1 webpack
-- > node ./node_modules/webpack/bin/webpack --config webpack.config.js --progress --profile --color
xx [webpack-cli] [31mFailed to load '/Users/veland/Downloads/vortex/extensions/documentation/webpack.config.js' config[39m
xx [webpack-cli] [31mError: Cannot find module '/Users/veland/Downloads/vortex/extensions/documentation/node_modules/vortex-api/lib/index.js'. Please verify that the package.json has a valid "main" entry
xx     at tryPackage (node:internal/modules/cjs/loader:489:19)
xx     at Module._findPath (node:internal/modules/cjs/loader:763:18)
xx     at Module._resolveFilename (node:internal/modules/cjs/loader:1198:27)
xx     at Module._load (node:internal/modules/cjs/loader:1043:27)
xx     at Module.require (node:internal/modules/cjs/loader:1298:19)
xx     at require (node:internal/modules/helpers:182:18)
xx     at Object.<anonymous> (/Users/veland/Downloads/vortex/extensions/documentation/webpack.config.js:1:23)
xx     at Module._compile (node:internal/modules/cjs/loader:1529:14)
xx     at Module._extensions..js (node:internal/modules/cjs/loader:1613:10)
xx     at Module.load (node:internal/modules/cjs/loader:1275:32) {
xx   code: 'MODULE_NOT_FOUND',
xx   path: '/Users/veland/Downloads/vortex/extensions/documentation/node_modules/vortex-api/package.json',
xx   requestPath: 'vortex-api'
xx }[39m
xx error Command failed with exit code 2.
-- info Visit https://yarnpkg.com/en/docs/cli/run for documentation about this command.
(documentation) extensions/documentation/yarn run build finished with code 2
failed  documentation Error: run,build failed with code 2
    at ChildProcess.<anonymous> (/Users/veland/Downloads/vortex/BuildSubprojects.js:101:18)
    at ChildProcess.emit (node:events:524:28)
    at maybeClose (node:internal/child_process:1104:16)
    at ChildProcess._handle.onexit (node:internal/child_process:304:5)
-- started: extensions/extension-dashlet/yarn install
-- copying files
-- yarn install v1.22.5
-- [1/4] Resolving packages...
-- success Already up-to-date.
-- Done in 0.71s.
-- started: extensions/extension-dashlet/yarn run build
-- yarn run v1.22.5
-- $ npm run webpack && copyfiles -f src/extensions-dashlet.scss dist && extractInfo
-- > extensions-dashlet@0.0.3 webpack
-- > webpack --config webpack.config.js --progress --profile --color
xx [webpack-cli] [31mFailed to load '/Users/veland/Downloads/vortex/extensions/extension-dashlet/webpack.config.js' config[39m
xx [webpack-cli] [31mError: Cannot find module '/Users/veland/Downloads/vortex/extensions/extension-dashlet/node_modules/vortex-api/lib/index.js'. Please verify that the package.json has a valid "main" entry
xx     at tryPackage (node:internal/modules/cjs/loader:489:19)
xx     at Module._findPath (node:internal/modules/cjs/loader:763:18)
xx     at Module._resolveFilename (node:internal/modules/cjs/loader:1198:27)
xx     at Module._load (node:internal/modules/cjs/loader:1043:27)
xx     at Module.require (node:internal/modules/cjs/loader:1298:19)
xx     at require (node:internal/modules/helpers:182:18)
xx     at Object.<anonymous> (/Users/veland/Downloads/vortex/extensions/extension-dashlet/webpack.config.js:2:23)
xx     at Module._compile (node:internal/modules/cjs/loader:1529:14)
xx     at Module._extensions..js (node:internal/modules/cjs/loader:1613:10)
xx     at Module.load (node:internal/modules/cjs/loader:1275:32) {
xx   code: 'MODULE_NOT_FOUND',
xx   path: '/Users/veland/Downloads/vortex/extensions/extension-dashlet/node_modules/vortex-api/package.json',
xx   requestPath: 'vortex-api'
xx }[39m
xx error Command failed with exit code 2.
-- info Visit https://yarnpkg.com/en/docs/cli/run for documentation about this command.
(extension-dashlet) extensions/extension-dashlet/yarn run build finished with code 2
failed  extension-dashlet Error: run,build failed with code 2
    at ChildProcess.<anonymous> (/Users/veland/Downloads/vortex/BuildSubprojects.js:101:18)
    at ChildProcess.emit (node:events:524:28)
    at maybeClose (node:internal/child_process:1104:16)
    at Socket.<anonymous> (node:internal/child_process:456:11)
    at Socket.emit (node:events:524:28)
    at Pipe.<anonymous> (node:net:343:12)
-- started: extensions/gamestore-uplay/yarn install
-- copying files
-- yarn install v1.22.5
-- [1/4] Resolving packages...
-- success Already up-to-date.
-- Done in 0.61s.
-- started: extensions/gamestore-uplay/yarn run build
-- yarn run v1.22.5
-- $ npm run webpack && extractInfo
-- > gamestore-uplay@0.0.4 webpack
-- > node ./node_modules/webpack/bin/webpack --config webpack.config.js --progress --profile --color
xx [webpack-cli] [31mFailed to load '/Users/veland/Downloads/vortex/extensions/gamestore-uplay/webpack.config.js' config[39m
xx [webpack-cli] [31mError: Cannot find module '/Users/veland/Downloads/vortex/extensions/gamestore-uplay/node_modules/vortex-api/lib/index.js'. Please verify that the package.json has a valid "main" entry
xx     at tryPackage (node:internal/modules/cjs/loader:489:19)
xx     at Module._findPath (node:internal/modules/cjs/loader:763:18)
xx     at Module._resolveFilename (node:internal/modules/cjs/loader:1198:27)
xx     at Module._load (node:internal/modules/cjs/loader:1043:27)
xx     at Module.require (node:internal/modules/cjs/loader:1298:19)
xx     at require (node:internal/modules/helpers:182:18)
xx     at Object.<anonymous> (/Users/veland/Downloads/vortex/extensions/gamestore-uplay/webpack.config.js:2:23)
xx     at Module._compile (node:internal/modules/cjs/loader:1529:14)
xx     at Module._extensions..js (node:internal/modules/cjs/loader:1613:10)
xx     at Module.load (node:internal/modules/cjs/loader:1275:32) {
xx   code: 'MODULE_NOT_FOUND',
xx   path: '/Users/veland/Downloads/vortex/extensions/gamestore-uplay/node_modules/vortex-api/package.json',
xx   requestPath: 'vortex-api'
xx }[39m
xx error Command failed with exit code 2.
-- info Visit https://yarnpkg.com/en/docs/cli/run for documentation about this command.
(gamestore-uplay) extensions/gamestore-uplay/yarn run build finished with code 2
failed  gamestore-uplay Error: run,build failed with code 2
    at ChildProcess.<anonymous> (/Users/veland/Downloads/vortex/BuildSubprojects.js:101:18)
    at ChildProcess.emit (node:events:524:28)
    at maybeClose (node:internal/child_process:1104:16)
    at Socket.<anonymous> (node:internal/child_process:456:11)
    at Socket.emit (node:events:524:28)
    at Pipe.<anonymous> (node:net:343:12)
-- started: extensions/modtype-bepinex/yarn install
-- copying files
-- yarn install v1.22.5
-- [1/4] Resolving packages...
-- success Already up-to-date.
-- Done in 0.52s.
-- started: extensions/modtype-bepinex/yarn run build
-- yarn run v1.22.5
-- $ npm run webpack && extractInfo && npm run copyassets
-- > modtype-bepinex@0.2.9 webpack
-- > node ./node_modules/webpack/bin/webpack --config webpack.config.js --progress --profile --color
xx [webpack-cli] [31mFailed to load '/Users/veland/Downloads/vortex/extensions/modtype-bepinex/webpack.config.js' config[39m
xx [webpack-cli] [31mError: Cannot find module '/Users/veland/Downloads/vortex/extensions/modtype-bepinex/node_modules/vortex-api/lib/index.js'. Please verify that the package.json has a valid "main" entry
xx     at tryPackage (node:internal/modules/cjs/loader:489:19)
xx     at Module._findPath (node:internal/modules/cjs/loader:763:18)
xx     at Module._resolveFilename (node:internal/modules/cjs/loader:1198:27)
xx     at Module._load (node:internal/modules/cjs/loader:1043:27)
xx     at Module.require (node:internal/modules/cjs/loader:1298:19)
xx     at require (node:internal/modules/helpers:182:18)
xx     at Object.<anonymous> (/Users/veland/Downloads/vortex/extensions/modtype-bepinex/webpack.config.js:1:23)
xx     at Module._compile (node:internal/modules/cjs/loader:1529:14)
xx     at Module._extensions..js (node:internal/modules/cjs/loader:1613:10)
xx     at Module.load (node:internal/modules/cjs/loader:1275:32) {
xx   code: 'MODULE_NOT_FOUND',
xx   path: '/Users/veland/Downloads/vortex/extensions/modtype-bepinex/node_modules/vortex-api/package.json',
xx   requestPath: 'vortex-api'
xx }[39m
xx error Command failed with exit code 2.
-- info Visit https://yarnpkg.com/en/docs/cli/run for documentation about this command.
(modtype-bepinex) extensions/modtype-bepinex/yarn run build finished with code 2
failed  modtype-bepinex Error: run,build failed with code 2
    at ChildProcess.<anonymous> (/Users/veland/Downloads/vortex/BuildSubprojects.js:101:18)
    at ChildProcess.emit (node:events:524:28)
    at maybeClose (node:internal/child_process:1104:16)
    at Socket.<anonymous> (node:internal/child_process:456:11)
    at Socket.emit (node:events:524:28)
    at Pipe.<anonymous> (node:net:343:12)
-- started: extensions/quickbms-support/yarn install
-- copying files
-- yarn install v1.22.5
-- [1/4] Resolving packages...
-- success Already up-to-date.
-- Done in 0.56s.
-- started: extensions/quickbms-support/yarn run build
-- yarn run v1.22.5
-- $ npm run webpack && node download_dependencies.js && extractInfo
-- > quickbms-support@0.2.5 webpack
-- > node ./node_modules/webpack/bin/webpack --config webpack.config.js --progress --profile --color
xx [webpack-cli] [31mFailed to load '/Users/veland/Downloads/vortex/extensions/quickbms-support/webpack.config.js' config[39m
xx [webpack-cli] [31mError: Cannot find module '/Users/veland/Downloads/vortex/extensions/quickbms-support/node_modules/vortex-api/lib/index.js'. Please verify that the package.json has a valid "main" entry
xx     at tryPackage (node:internal/modules/cjs/loader:489:19)
xx     at Module._findPath (node:internal/modules/cjs/loader:763:18)
xx     at Module._resolveFilename (node:internal/modules/cjs/loader:1198:27)
xx     at Module._load (node:internal/modules/cjs/loader:1043:27)
xx     at Module.require (node:internal/modules/cjs/loader:1298:19)
xx     at require (node:internal/modules/helpers:182:18)
xx     at Object.<anonymous> (/Users/veland/Downloads/vortex/extensions/quickbms-support/webpack.config.js:2:23)
xx     at Module._compile (node:internal/modules/cjs/loader:1529:14)
xx     at Module._extensions..js (node:internal/modules/cjs/loader:1613:10)
xx     at Module.load (node:internal/modules/cjs/loader:1275:32) {
xx   code: 'MODULE_NOT_FOUND',
xx   path: '/Users/veland/Downloads/vortex/extensions/quickbms-support/node_modules/vortex-api/package.json',
xx   requestPath: 'vortex-api'
xx }[39m
xx error Command failed with exit code 2.
-- info Visit https://yarnpkg.com/en/docs/cli/run for documentation about this command.
(quickbms-support) extensions/quickbms-support/yarn run build finished with code 2
failed  quickbms-support Error: run,build failed with code 2
    at ChildProcess.<anonymous> (/Users/veland/Downloads/vortex/BuildSubprojects.js:101:18)
    at ChildProcess.emit (node:events:524:28)
    at maybeClose (node:internal/child_process:1104:16)
    at Socket.<anonymous> (node:internal/child_process:456:11)
    at Socket.emit (node:events:524:28)
    at Pipe.<anonymous> (node:net:343:12)
-- started: extensions/open-directory/yarn install
-- copying files
-- yarn install v1.22.5
-- [1/4] Resolving packages...
-- success Already up-to-date.
-- Done in 0.51s.
-- started: extensions/open-directory/yarn run build
-- yarn run v1.22.5
-- $ npm run webpack && extractInfo
-- > open-directory@0.1.3 webpack
-- > node ./node_modules/webpack/bin/webpack --config webpack.config.js --progress --profile --color
xx [webpack-cli] [31mFailed to load '/Users/veland/Downloads/vortex/extensions/open-directory/webpack.config.js' config[39m
xx [webpack-cli] [31mError: Cannot find module '/Users/veland/Downloads/vortex/extensions/open-directory/node_modules/vortex-api/lib/index.js'. Please verify that the package.json has a valid "main" entry
xx     at tryPackage (node:internal/modules/cjs/loader:489:19)
xx     at Module._findPath (node:internal/modules/cjs/loader:763:18)
xx     at Module._resolveFilename (node:internal/modules/cjs/loader:1198:27)
xx     at Module._load (node:internal/modules/cjs/loader:1043:27)
xx     at Module.require (node:internal/modules/cjs/loader:1298:19)
xx     at require (node:internal/modules/helpers:182:18)
xx     at Object.<anonymous> (/Users/veland/Downloads/vortex/extensions/open-directory/webpack.config.js:1:23)
xx     at Module._compile (node:internal/modules/cjs/loader:1529:14)
xx     at Module._extensions..js (node:internal/modules/cjs/loader:1613:10)
xx     at Module.load (node:internal/modules/cjs/loader:1275:32) {
xx   code: 'MODULE_NOT_FOUND',
xx   path: '/Users/veland/Downloads/vortex/extensions/open-directory/node_modules/vortex-api/package.json',
xx   requestPath: 'vortex-api'
xx }[39m
xx error Command failed with exit code 2.
-- info Visit https://yarnpkg.com/en/docs/cli/run for documentation about this command.
(open-directory) extensions/open-directory/yarn run build finished with code 2
failed  open-directory Error: run,build failed with code 2
    at ChildProcess.<anonymous> (/Users/veland/Downloads/vortex/BuildSubprojects.js:101:18)
    at ChildProcess.emit (node:events:524:28)
    at maybeClose (node:internal/child_process:1104:16)
    at Socket.<anonymous> (node:internal/child_process:456:11)
    at Socket.emit (node:events:524:28)
    at Pipe.<anonymous> (node:net:343:12)
-- started: extensions/common-interpreters/yarn install
-- copying files
-- yarn install v1.22.5
-- [1/4] Resolving packages...
-- success Already up-to-date.
-- Done in 0.56s.
-- started: extensions/common-interpreters/yarn run build
-- yarn run v1.22.5
-- $ npm run webpack && extractInfo
-- > common-interpreters@1.0.0 webpack
-- > node ./node_modules/webpack/bin/webpack --config webpack.config.js --progress --profile --color
xx [webpack-cli] [31mFailed to load '/Users/veland/Downloads/vortex/extensions/common-interpreters/webpack.config.js' config[39m
xx [webpack-cli] [31mError: Cannot find module '/Users/veland/Downloads/vortex/extensions/common-interpreters/node_modules/vortex-api/lib/index.js'. Please verify that the package.json has a valid "main" entry
xx     at tryPackage (node:internal/modules/cjs/loader:489:19)
xx     at Module._findPath (node:internal/modules/cjs/loader:763:18)
xx     at Module._resolveFilename (node:internal/modules/cjs/loader:1198:27)
xx     at Module._load (node:internal/modules/cjs/loader:1043:27)
xx     at Module.require (node:internal/modules/cjs/loader:1298:19)
xx     at require (node:internal/modules/helpers:182:18)
xx     at Object.<anonymous> (/Users/veland/Downloads/vortex/extensions/common-interpreters/webpack.config.js:2:23)
xx     at Module._compile (node:internal/modules/cjs/loader:1529:14)
xx     at Module._extensions..js (node:internal/modules/cjs/loader:1613:10)
xx     at Module.load (node:internal/modules/cjs/loader:1275:32) {
xx   code: 'MODULE_NOT_FOUND',
xx   path: '/Users/veland/Downloads/vortex/extensions/common-interpreters/node_modules/vortex-api/package.json',
xx   requestPath: 'vortex-api'
xx }[39m
xx error Command failed with exit code 2.
-- info Visit https://yarnpkg.com/en/docs/cli/run for documentation about this command.
(common-interpreters) extensions/common-interpreters/yarn run build finished with code 2
failed  common-interpreters Error: run,build failed with code 2
    at ChildProcess.<anonymous> (/Users/veland/Downloads/vortex/BuildSubprojects.js:101:18)
    at ChildProcess.emit (node:events:524:28)
    at maybeClose (node:internal/child_process:1104:16)
    at Socket.<anonymous> (node:internal/child_process:456:11)
    at Socket.emit (node:events:524:28)
    at Pipe.<anonymous> (node:net:343:12)
-- started: extensions/gameinfo-steam/yarn install
-- copying files
-- yarn install v1.22.5
-- [1/4] Resolving packages...
-- success Already up-to-date.
-- Done in 0.59s.
-- started: extensions/gameinfo-steam/yarn run build
-- yarn run v1.22.5
-- $ npm run webpack && extractInfo
-- > gameinfo-steam@0.0.1 webpack
-- > node ./node_modules/webpack/bin/webpack --config webpack.config.js --progress --profile --color
xx [webpack-cli] [31mFailed to load '/Users/veland/Downloads/vortex/extensions/gameinfo-steam/webpack.config.js' config[39m
xx [webpack-cli] [31mError: Cannot find module '/Users/veland/Downloads/vortex/extensions/gameinfo-steam/node_modules/vortex-api/lib/index.js'. Please verify that the package.json has a valid "main" entry
xx     at tryPackage (node:internal/modules/cjs/loader:489:19)
xx     at Module._findPath (node:internal/modules/cjs/loader:763:18)
xx     at Module._resolveFilename (node:internal/modules/cjs/loader:1198:27)
xx     at Module._load (node:internal/modules/cjs/loader:1043:27)
xx     at Module.require (node:internal/modules/cjs/loader:1298:19)
xx     at require (node:internal/modules/helpers:182:18)
xx     at Object.<anonymous> (/Users/veland/Downloads/vortex/extensions/gameinfo-steam/webpack.config.js:1:23)
xx     at Module._compile (node:internal/modules/cjs/loader:1529:14)
xx     at Module._extensions..js (node:internal/modules/cjs/loader:1613:10)
xx     at Module.load (node:internal/modules/cjs/loader:1275:32) {
xx   code: 'MODULE_NOT_FOUND',
xx   path: '/Users/veland/Downloads/vortex/extensions/gameinfo-steam/node_modules/vortex-api/package.json',
xx   requestPath: 'vortex-api'
xx }[39m
xx error Command failed with exit code 2.
-- info Visit https://yarnpkg.com/en/docs/cli/run for documentation about this command.
(gameinfo-steam) extensions/gameinfo-steam/yarn run build finished with code 2
failed  gameinfo-steam Error: run,build failed with code 2
    at ChildProcess.<anonymous> (/Users/veland/Downloads/vortex/BuildSubprojects.js:101:18)
    at ChildProcess.emit (node:events:524:28)
    at maybeClose (node:internal/child_process:1104:16)
    at ChildProcess._handle.onexit (node:internal/child_process:304:5)
-- started: extensions/feedback/yarn install
-- copying files
-- yarn install v1.22.5
-- [1/4] Resolving packages...
-- success Already up-to-date.
-- Done in 0.52s.
-- started: extensions/feedback/yarn run build
-- yarn run v1.22.5
-- $ npm run webpack && extractInfo && copyfiles -f src/stylesheets/feedback.scss dist && copyfiles -f issues.json dist
-- > feedback@0.0.1 webpack
-- > node ./node_modules/webpack/bin/webpack --config webpack.config.js --progress --profile --color
xx [webpack-cli] [31mFailed to load '/Users/veland/Downloads/vortex/extensions/feedback/webpack.config.js' config[39m
xx [webpack-cli] [31mError: Cannot find module '/Users/veland/Downloads/vortex/extensions/feedback/node_modules/vortex-api/lib/index.js'. Please verify that the package.json has a valid "main" entry
xx     at tryPackage (node:internal/modules/cjs/loader:489:19)
xx     at Module._findPath (node:internal/modules/cjs/loader:763:18)
xx     at Module._resolveFilename (node:internal/modules/cjs/loader:1198:27)
xx     at Module._load (node:internal/modules/cjs/loader:1043:27)
xx     at Module.require (node:internal/modules/cjs/loader:1298:19)
xx     at require (node:internal/modules/helpers:182:18)
xx     at Object.<anonymous> (/Users/veland/Downloads/vortex/extensions/feedback/webpack.config.js:1:23)
xx     at Module._compile (node:internal/modules/cjs/loader:1529:14)
xx     at Module._extensions..js (node:internal/modules/cjs/loader:1613:10)
xx     at Module.load (node:internal/modules/cjs/loader:1275:32) {
xx   code: 'MODULE_NOT_FOUND',
xx   path: '/Users/veland/Downloads/vortex/extensions/feedback/node_modules/vortex-api/package.json',
xx   requestPath: 'vortex-api'
xx }[39m
xx error Command failed with exit code 2.
-- info Visit https://yarnpkg.com/en/docs/cli/run for documentation about this command.
(feedback) extensions/feedback/yarn run build finished with code 2
-- started: extensions/modtype-gedosato/yarn install
-- copying files
-- yarn install v1.22.5
-- [1/4] Resolving packages...
-- success Already up-to-date.
-- Done in 0.65s.
-- started: extensions/modtype-gedosato/yarn run build
-- yarn run v1.22.5
-- $ npm run webpack && extractInfo
-- > modtype-gedosato@0.0.1 webpack
-- > node ./node_modules/webpack/bin/webpack --config webpack.config.js --progress --profile --color
xx [webpack-cli] [31mFailed to load '/Users/veland/Downloads/vortex/extensions/modtype-gedosato/webpack.config.js' config[39m
xx [webpack-cli] [31mError: Cannot find module '/Users/veland/Downloads/vortex/extensions/modtype-gedosato/node_modules/vortex-api/lib/index.js'. Please verify that the package.json has a valid "main" entry
xx     at tryPackage (node:internal/modules/cjs/loader:489:19)
xx     at Module._findPath (node:internal/modules/cjs/loader:763:18)
xx     at Module._resolveFilename (node:internal/modules/cjs/loader:1198:27)
xx     at Module._load (node:internal/modules/cjs/loader:1043:27)
xx     at Module.require (node:internal/modules/cjs/loader:1298:19)
xx     at require (node:internal/modules/helpers:182:18)
xx     at Object.<anonymous> (/Users/veland/Downloads/vortex/extensions/modtype-gedosato/webpack.config.js:1:23)
xx     at Module._compile (node:internal/modules/cjs/loader:1529:14)
xx     at Module._extensions..js (node:internal/modules/cjs/loader:1613:10)
xx     at Module.load (node:internal/modules/cjs/loader:1275:32) {
xx   code: 'MODULE_NOT_FOUND',
xx   path: '/Users/veland/Downloads/vortex/extensions/modtype-gedosato/node_modules/vortex-api/package.json',
xx   requestPath: 'vortex-api'
xx }[39m
xx error Command failed with exit code 2.
-- info Visit https://yarnpkg.com/en/docs/cli/run for documentation about this command.
(modtype-gedosato) extensions/modtype-gedosato/yarn run build finished with code 2
failed  feedback Error: run,build failed with code 2
    at ChildProcess.<anonymous> (/Users/veland/Downloads/vortex/BuildSubprojects.js:101:18)
    at ChildProcess.emit (node:events:524:28)
    at maybeClose (node:internal/child_process:1104:16)
    at Socket.<anonymous> (node:internal/child_process:456:11)
    at Socket.emit (node:events:524:28)
    at Pipe.<anonymous> (node:net:343:12)
failed  modtype-gedosato Error: run,build failed with code 2
    at ChildProcess.<anonymous> (/Users/veland/Downloads/vortex/BuildSubprojects.js:101:18)
    at ChildProcess.emit (node:events:524:28)
    at maybeClose (node:internal/child_process:1104:16)
    at Socket.<anonymous> (node:internal/child_process:456:11)
    at Socket.emit (node:events:524:28)
    at Pipe.<anonymous> (node:net:343:12)
-- started: extensions/modtype-dazip/yarn install
-- copying files
-- yarn install v1.22.5
-- [1/4] Resolving packages...
-- success Already up-to-date.
-- Done in 0.61s.
-- started: extensions/modtype-dazip/yarn run build
-- yarn run v1.22.5
-- $ npm run webpack && extractInfo
-- > modtype-dazip@1.0.0 webpack
-- > node ./node_modules/webpack/bin/webpack --config webpack.config.js --progress --profile --color
xx [webpack-cli] [31mFailed to load '/Users/veland/Downloads/vortex/extensions/modtype-dazip/webpack.config.js' config[39m
xx [webpack-cli] [31mError: Cannot find module '/Users/veland/Downloads/vortex/extensions/modtype-dazip/node_modules/vortex-api/lib/index.js'. Please verify that the package.json has a valid "main" entry
xx     at tryPackage (node:internal/modules/cjs/loader:489:19)
xx     at Module._findPath (node:internal/modules/cjs/loader:763:18)
xx     at Module._resolveFilename (node:internal/modules/cjs/loader:1198:27)
xx     at Module._load (node:internal/modules/cjs/loader:1043:27)
xx     at Module.require (node:internal/modules/cjs/loader:1298:19)
xx     at require (node:internal/modules/helpers:182:18)
xx     at Object.<anonymous> (/Users/veland/Downloads/vortex/extensions/modtype-dazip/webpack.config.js:1:23)
xx     at Module._compile (node:internal/modules/cjs/loader:1529:14)
xx     at Module._extensions..js (node:internal/modules/cjs/loader:1613:10)
xx     at Module.load (node:internal/modules/cjs/loader:1275:32) {
xx   code: 'MODULE_NOT_FOUND',
xx   path: '/Users/veland/Downloads/vortex/extensions/modtype-dazip/node_modules/vortex-api/package.json',
xx   requestPath: 'vortex-api'
xx }[39m
xx error Command failed with exit code 2.
-- info Visit https://yarnpkg.com/en/docs/cli/run for documentation about this command.
(modtype-dragonage) extensions/modtype-dazip/yarn run build finished with code 2
failed  modtype-dragonage Error: run,build failed with code 2
    at ChildProcess.<anonymous> (/Users/veland/Downloads/vortex/BuildSubprojects.js:101:18)
    at ChildProcess.emit (node:events:524:28)
    at maybeClose (node:internal/child_process:1104:16)
    at Socket.<anonymous> (node:internal/child_process:456:11)
    at Socket.emit (node:events:524:28)
    at Pipe.<anonymous> (node:net:343:12)
-- started: extensions/mod-content/yarn install
-- copying files
-- yarn install v1.22.5
-- [1/4] Resolving packages...
-- success Already up-to-date.
-- Done in 0.59s.
-- started: extensions/mod-content/yarn run build
-- yarn run v1.22.5
-- $ npm run webpack && copyfiles -f src/icons.svg dist && copyfiles -f src/mod-content.scss dist && extractInfo
-- > mod-content@0.2.3 webpack
-- > node ./node_modules/webpack/bin/webpack --config webpack.config.js --progress --profile --color
xx [webpack-cli] [31mFailed to load '/Users/veland/Downloads/vortex/extensions/mod-content/webpack.config.js' config[39m
xx [webpack-cli] [31mError: Cannot find module '/Users/veland/Downloads/vortex/extensions/mod-content/node_modules/vortex-api/lib/index.js'. Please verify that the package.json has a valid "main" entry
xx     at tryPackage (node:internal/modules/cjs/loader:489:19)
xx     at Module._findPath (node:internal/modules/cjs/loader:763:18)
xx     at Module._resolveFilename (node:internal/modules/cjs/loader:1198:27)
xx     at Module._load (node:internal/modules/cjs/loader:1043:27)
xx     at Module.require (node:internal/modules/cjs/loader:1298:19)
xx     at require (node:internal/modules/helpers:182:18)
xx     at Object.<anonymous> (/Users/veland/Downloads/vortex/extensions/mod-content/webpack.config.js:1:23)
xx     at Module._compile (node:internal/modules/cjs/loader:1529:14)
xx     at Module._extensions..js (node:internal/modules/cjs/loader:1613:10)
xx     at Module.load (node:internal/modules/cjs/loader:1275:32) {
xx   code: 'MODULE_NOT_FOUND',
xx   path: '/Users/veland/Downloads/vortex/extensions/mod-content/node_modules/vortex-api/package.json',
xx   requestPath: 'vortex-api'
xx }[39m
xx error Command failed with exit code 2.
-- info Visit https://yarnpkg.com/en/docs/cli/run for documentation about this command.
(mod-content) extensions/mod-content/yarn run build finished with code 2
failed  mod-content Error: run,build failed with code 2
    at ChildProcess.<anonymous> (/Users/veland/Downloads/vortex/BuildSubprojects.js:101:18)
    at ChildProcess.emit (node:events:524:28)
    at maybeClose (node:internal/child_process:1104:16)
    at Socket.<anonymous> (node:internal/child_process:456:11)
    at Socket.emit (node:events:524:28)
    at Pipe.<anonymous> (node:net:343:12)
-- started: extensions/collections/yarn install
-- copying files
-- yarn install v1.22.5
-- [1/4] Resolving packages...
-- success Already up-to-date.
-- Done in 0.68s.
-- started: extensions/collections/yarn run build
-- yarn run v1.22.5
-- $ npm run webpack && npm run copy_assets && extractInfo
-- > collections@0.1.17 webpack
-- > node ./node_modules/webpack/bin/webpack --config webpack.config.js --progress --profile --color
xx [webpack-cli] [31mFailed to load '/Users/veland/Downloads/vortex/extensions/collections/webpack.config.js' config[39m
xx [webpack-cli] [31mError: Cannot find module '/Users/veland/Downloads/vortex/extensions/collections/node_modules/vortex-api/lib/index.js'. Please verify that the package.json has a valid "main" entry
xx     at tryPackage (node:internal/modules/cjs/loader:489:19)
xx     at Module._findPath (node:internal/modules/cjs/loader:763:18)
xx     at Module._resolveFilename (node:internal/modules/cjs/loader:1198:27)
xx     at Module._load (node:internal/modules/cjs/loader:1043:27)
xx     at Module.require (node:internal/modules/cjs/loader:1298:19)
xx     at require (node:internal/modules/helpers:182:18)
xx     at Object.<anonymous> (/Users/veland/Downloads/vortex/extensions/collections/webpack.config.js:2:23)
xx     at Module._compile (node:internal/modules/cjs/loader:1529:14)
xx     at Module._extensions..js (node:internal/modules/cjs/loader:1613:10)
xx     at Module.load (node:internal/modules/cjs/loader:1275:32) {
xx   code: 'MODULE_NOT_FOUND',
xx   path: '/Users/veland/Downloads/vortex/extensions/collections/node_modules/vortex-api/package.json',
xx   requestPath: 'vortex-api'
xx }[39m
xx error Command failed with exit code 2.
-- info Visit https://yarnpkg.com/en/docs/cli/run for documentation about this command.
(collections) extensions/collections/yarn run build finished with code 2
failed  collections Error: run,build failed with code 2
    at ChildProcess.<anonymous> (/Users/veland/Downloads/vortex/BuildSubprojects.js:101:18)
    at ChildProcess.emit (node:events:524:28)
    at maybeClose (node:internal/child_process:1104:16)
    at Socket.<anonymous> (node:internal/child_process:456:11)
    at Socket.emit (node:events:524:28)
    at Pipe.<anonymous> (node:net:343:12)
-- started: extensions/gamebryo-ba2-support/yarn install
-- copying files
-- yarn install v1.22.5
-- [1/4] Resolving packages...
-- success Already up-to-date.
-- Done in 0.70s.
-- started: extensions/gamebryo-ba2-support/yarn run build
-- yarn run v1.22.5
-- $ npm run tsc && npm run webpack && npm run copy_ba2tk && extractInfo
-- > gamebryo-ba2-support@0.0.1 tsc
-- > tsc -p .
-- > gamebryo-ba2-support@0.0.1 webpack
-- > node ./node_modules/webpack/bin/webpack --config webpack.config.js --progress --profile --color
xx [webpack-cli] [31mFailed to load '/Users/veland/Downloads/vortex/extensions/gamebryo-ba2-support/webpack.config.js' config[39m
xx [webpack-cli] [31mError: Cannot find module '/Users/veland/Downloads/vortex/extensions/gamebryo-ba2-support/node_modules/vortex-api/lib/index.js'. Please verify that the package.json has a valid "main" entry
xx     at tryPackage (node:internal/modules/cjs/loader:489:19)
xx     at Module._findPath (node:internal/modules/cjs/loader:763:18)
xx     at Module._resolveFilename (node:internal/modules/cjs/loader:1198:27)
xx     at Module._load (node:internal/modules/cjs/loader:1043:27)
xx     at Module.require (node:internal/modules/cjs/loader:1298:19)
xx     at require (node:internal/modules/helpers:182:18)
xx     at Object.<anonymous> (/Users/veland/Downloads/vortex/extensions/gamebryo-ba2-support/webpack.config.js:1:23)
xx     at Module._compile (node:internal/modules/cjs/loader:1529:14)
xx     at Module._extensions..js (node:internal/modules/cjs/loader:1613:10)
xx     at Module.load (node:internal/modules/cjs/loader:1275:32) {
xx   code: 'MODULE_NOT_FOUND',
xx   path: '/Users/veland/Downloads/vortex/extensions/gamebryo-ba2-support/node_modules/vortex-api/package.json',
xx   requestPath: 'vortex-api'
xx }[39m
xx error Command failed with exit code 2.
-- info Visit https://yarnpkg.com/en/docs/cli/run for documentation about this command.
(gamebryo-ba2-support) extensions/gamebryo-ba2-support/yarn run build finished with code 2
failed  gamebryo-ba2-support Error: run,build failed with code 2
    at ChildProcess.<anonymous> (/Users/veland/Downloads/vortex/BuildSubprojects.js:101:18)
    at ChildProcess.emit (node:events:524:28)
    at maybeClose (node:internal/child_process:1104:16)
    at Socket.<anonymous> (node:internal/child_process:456:11)
    at Socket.emit (node:events:524:28)
    at Pipe.<anonymous> (node:net:343:12)
-- started: extensions/titlebar-launcher/yarn install
-- copying files
-- yarn install v1.22.5
-- [1/4] Resolving packages...
-- success Already up-to-date.
-- Done in 0.61s.
-- started: extensions/titlebar-launcher/yarn run build
-- yarn run v1.22.5
-- $ npm run webpack && copyfiles -f titlebar-launcher.scss dist && copyfiles -f src/images/* dist && extractInfo
-- > titlebar-launcher@1.0.6 webpack
-- > webpack --config webpack.config.js --progress --profile --color
xx [webpack-cli] [31mFailed to load '/Users/veland/Downloads/vortex/extensions/titlebar-launcher/webpack.config.js' config[39m
xx [webpack-cli] [31mError: Cannot find module '/Users/veland/Downloads/vortex/extensions/titlebar-launcher/node_modules/vortex-api/lib/index.js'. Please verify that the package.json has a valid "main" entry
xx     at tryPackage (node:internal/modules/cjs/loader:489:19)
xx     at Module._findPath (node:internal/modules/cjs/loader:763:18)
xx     at Module._resolveFilename (node:internal/modules/cjs/loader:1198:27)
xx     at Module._load (node:internal/modules/cjs/loader:1043:27)
xx     at Module.require (node:internal/modules/cjs/loader:1298:19)
xx     at require (node:internal/modules/helpers:182:18)
xx     at Object.<anonymous> (/Users/veland/Downloads/vortex/extensions/titlebar-launcher/webpack.config.js:1:23)
xx     at Module._compile (node:internal/modules/cjs/loader:1529:14)
xx     at Module._extensions..js (node:internal/modules/cjs/loader:1613:10)
xx     at Module.load (node:internal/modules/cjs/loader:1275:32) {
xx   code: 'MODULE_NOT_FOUND',
xx   path: '/Users/veland/Downloads/vortex/extensions/titlebar-launcher/node_modules/vortex-api/package.json',
xx   requestPath: 'vortex-api'
xx }[39m
xx error Command failed with exit code 2.
-- info Visit https://yarnpkg.com/en/docs/cli/run for documentation about this command.
(titlebar-launcher) extensions/titlebar-launcher/yarn run build finished with code 2
failed  titlebar-launcher Error: run,build failed with code 2
    at ChildProcess.<anonymous> (/Users/veland/Downloads/vortex/BuildSubprojects.js:101:18)
    at ChildProcess.emit (node:events:524:28)
    at maybeClose (node:internal/child_process:1104:16)
    at ChildProcess._handle.onexit (node:internal/child_process:304:5)
-- started: extensions/test-gameversion/yarn install
-- copying files
-- yarn install v1.22.5
-- [1/4] Resolving packages...
-- success Already up-to-date.
-- Done in 0.75s.
-- started: extensions/test-gameversion/yarn run build
-- yarn run v1.22.5
-- $ npm run webpack && extractInfo
-- > test-gameversion@0.1.1 webpack
-- > webpack --config webpack.config.js --progress --profile --color
xx [webpack-cli] [31mFailed to load '/Users/veland/Downloads/vortex/extensions/test-gameversion/webpack.config.js' config[39m
xx [webpack-cli] [31mError: Cannot find module '/Users/veland/Downloads/vortex/extensions/test-gameversion/node_modules/vortex-api/lib/index.js'. Please verify that the package.json has a valid "main" entry
xx     at tryPackage (node:internal/modules/cjs/loader:489:19)
xx     at Module._findPath (node:internal/modules/cjs/loader:763:18)
xx     at Module._resolveFilename (node:internal/modules/cjs/loader:1198:27)
xx     at Module._load (node:internal/modules/cjs/loader:1043:27)
xx     at Module.require (node:internal/modules/cjs/loader:1298:19)
xx     at require (node:internal/modules/helpers:182:18)
xx     at Object.<anonymous> (/Users/veland/Downloads/vortex/extensions/test-gameversion/webpack.config.js:1:23)
xx     at Module._compile (node:internal/modules/cjs/loader:1529:14)
xx     at Module._extensions..js (node:internal/modules/cjs/loader:1613:10)
xx     at Module.load (node:internal/modules/cjs/loader:1275:32) {
xx   code: 'MODULE_NOT_FOUND',
xx   path: '/Users/veland/Downloads/vortex/extensions/test-gameversion/node_modules/vortex-api/package.json',
xx   requestPath: 'vortex-api'
xx }[39m
xx error Command failed with exit code 2.
-- info Visit https://yarnpkg.com/en/docs/cli/run for documentation about this command.
(test-gameversion) extensions/test-gameversion/yarn run build finished with code 2
failed  test-gameversion Error: run,build failed with code 2
    at ChildProcess.<anonymous> (/Users/veland/Downloads/vortex/BuildSubprojects.js:101:18)
    at ChildProcess.emit (node:events:524:28)
    at maybeClose (node:internal/child_process:1104:16)
    at Socket.<anonymous> (node:internal/child_process:456:11)
    at Socket.emit (node:events:524:28)
    at Pipe.<anonymous> (node:net:343:12)
-- started: extensions/mod-report/yarn install
-- copying files
-- yarn install v1.22.5
-- [1/4] Resolving packages...
-- success Already up-to-date.
-- Done in 0.77s.
-- started: extensions/mod-report/yarn run build
-- yarn run v1.22.5
-- $ npm run webpack && extractInfo
-- > mod-report@0.0.7 webpack
-- > node ./node_modules/webpack/bin/webpack --config webpack.config.js --progress --profile --color
xx [webpack-cli] [31mFailed to load '/Users/veland/Downloads/vortex/extensions/mod-report/webpack.config.js' config[39m
xx [webpack-cli] [31mError: Cannot find module '/Users/veland/Downloads/vortex/extensions/mod-report/node_modules/vortex-api/lib/index.js'. Please verify that the package.json has a valid "main" entry
xx     at tryPackage (node:internal/modules/cjs/loader:489:19)
xx     at Module._findPath (node:internal/modules/cjs/loader:763:18)
xx     at Module._resolveFilename (node:internal/modules/cjs/loader:1198:27)
xx     at Module._load (node:internal/modules/cjs/loader:1043:27)
xx     at Module.require (node:internal/modules/cjs/loader:1298:19)
xx     at require (node:internal/modules/helpers:182:18)
xx     at Object.<anonymous> (/Users/veland/Downloads/vortex/extensions/mod-report/webpack.config.js:2:23)
xx     at Module._compile (node:internal/modules/cjs/loader:1529:14)
xx     at Module._extensions..js (node:internal/modules/cjs/loader:1613:10)
xx     at Module.load (node:internal/modules/cjs/loader:1275:32) {
xx   code: 'MODULE_NOT_FOUND',
xx   path: '/Users/veland/Downloads/vortex/extensions/mod-report/node_modules/vortex-api/package.json',
xx   requestPath: 'vortex-api'
xx }[39m
xx error Command failed with exit code 2.
-- info Visit https://yarnpkg.com/en/docs/cli/run for documentation about this command.
(mod-report) extensions/mod-report/yarn run build finished with code 2
failed  mod-report Error: run,build failed with code 2
    at ChildProcess.<anonymous> (/Users/veland/Downloads/vortex/BuildSubprojects.js:101:18)
    at ChildProcess.emit (node:events:524:28)
    at maybeClose (node:internal/child_process:1104:16)
    at Socket.<anonymous> (node:internal/child_process:456:11)
    at Socket.emit (node:events:524:28)
    at Pipe.<anonymous> (node:net:343:12)
-- started: extensions/theme-switcher/yarn install
-- copying files
-- yarn install v1.22.5
-- [1/4] Resolving packages...
-- success Already up-to-date.
-- Done in 0.49s.
-- started: extensions/theme-switcher/yarn run build
-- yarn run v1.22.5
-- $ yarn run webpack && yarn run copy_themes && yarn run copy_lib && yarn run copy_to_out && yarn run copy_to_app
-- $ yarn node ./node_modules/webpack/bin/webpack --config webpack.config.js --stats-error-details --progress --profile --color
xx [webpack-cli] [31mFailed to load '/Users/veland/Downloads/vortex/extensions/theme-switcher/webpack.config.js' config[39m
xx [webpack-cli] [31mError: Cannot find module '/Users/veland/Downloads/vortex/extensions/theme-switcher/node_modules/vortex-api/lib/index.js'. Please verify that the package.json has a valid "main" entry
xx     at tryPackage (node:internal/modules/cjs/loader:489:19)
xx     at Module._findPath (node:internal/modules/cjs/loader:763:18)
xx     at Module._resolveFilename (node:internal/modules/cjs/loader:1198:27)
xx     at Module._load (node:internal/modules/cjs/loader:1043:27)
xx     at Module.require (node:internal/modules/cjs/loader:1298:19)
xx     at require (node:internal/modules/helpers:182:18)
xx     at Object.<anonymous> (/Users/veland/Downloads/vortex/extensions/theme-switcher/webpack.config.js:1:23)
xx     at Module._compile (node:internal/modules/cjs/loader:1529:14)
xx     at Module._extensions..js (node:internal/modules/cjs/loader:1613:10)
xx     at Module.load (node:internal/modules/cjs/loader:1275:32) {
xx   code: 'MODULE_NOT_FOUND',
xx   path: '/Users/veland/Downloads/vortex/extensions/theme-switcher/node_modules/vortex-api/package.json',
xx   requestPath: 'vortex-api'
xx }[39m
xx [2K
xx [1G
xx [31merror[39m Command failed.
xx Exit code: 2
xx Command: /Users/veland/.nvm/versions/node/v20.19.4/bin/node
xx Arguments: ./node_modules/webpack/bin/webpack --config webpack.config.js --stats-error-details --progress --profile --color
xx Directory: /Users/veland/Downloads/vortex/extensions/theme-switcher
xx Output:
-- [2K
-- [1G[34minfo[39m Visit [1mhttps://yarnpkg.com/en/docs/cli/node[22m for documentation about this command.
xx error Command failed with exit code 2.
-- info Visit https://yarnpkg.com/en/docs/cli/run for documentation about this command.
xx error Command failed with exit code 2.
-- info Visit https://yarnpkg.com/en/docs/cli/run for documentation about this command.
(theme-switcher) extensions/theme-switcher/yarn run build finished with code 2
failed  theme-switcher Error: run,build failed with code 2
    at ChildProcess.<anonymous> (/Users/veland/Downloads/vortex/BuildSubprojects.js:101:18)
    at ChildProcess.emit (node:events:524:28)
    at maybeClose (node:internal/child_process:1104:16)
    at Socket.<anonymous> (node:internal/child_process:456:11)
    at Socket.emit (node:events:524:28)
    at Pipe.<anonymous> (node:net:343:12)
-- started: extensions/modtype-umm/yarn install
-- copying files
-- yarn install v1.22.5
-- [1/4] Resolving packages...
-- success Already up-to-date.
-- $ generate-validation -t ./tsconfig.json
-- { tsConfigFilePath: 'tsconfig.json' }
-- {
--   compilerOptions: {
--     target: 'es6',
--     module: 'commonjs',
--     moduleResolution: 'node',
--     noImplicitAny: false,
--     removeComments: true,
--     preserveConstEnums: true,
--     rootDir: './src',
--     outDir: './out',
--     jsx: 'react',
--     sourceMap: true,
--     skipLibCheck: true,
--     esModuleInterop: true
--   },
--   exclude: [ 'node_modules' ],
--   files: [ 'src/index.ts' ]
-- }
-- {
--   dest: 'out',
--   src: 'src',
--   rootDir: '.',
--   __dirname: '/Users/veland/Downloads/vortex/extensions/modtype-umm/node_modules/ts-v-gen',
--   argv: '/Users/veland/Downloads/vortex/extensions/modtype-umm/node_modules/.bin/generate-validation'
-- }
-- { srcPath: 'src', schemasOut: 'out/generatedSchemas' }
xx strict mode: missing type "array" for keyword "exported" at "#" (strictTypes)
xx DeprecationWarning: 'createImportDeclaration' has been deprecated since v4.8.0. Decorators are no longer supported for this function. Callers should switch to an overload that does not accept a 'decorators' parameter.
xx DeprecationWarning: 'createParameterDeclaration' has been deprecated since v4.8.0. Decorators have been combined with modifiers. Callers should switch to an overload that does not accept a 'decorators' parameter.
xx DeprecationWarning: 'createFunctionDeclaration' has been deprecated since v4.8.0. Decorators are no longer supported for this function. Callers should switch to an overload that does not accept a 'decorators' parameter.
-- Done in 2.37s.
-- started: extensions/modtype-umm/yarn run build
-- yarn run v1.22.5
-- $ npm run webpack && extractInfo
-- > modtype-umm@1.0.4 webpack
-- > node ./node_modules/webpack/bin/webpack --config webpack.config.js --progress --profile --color
xx [webpack-cli] [31mFailed to load '/Users/veland/Downloads/vortex/extensions/modtype-umm/webpack.config.js' config[39m
xx [webpack-cli] [31mError: Cannot find module '/Users/veland/Downloads/vortex/extensions/modtype-umm/node_modules/vortex-api/lib/index.js'. Please verify that the package.json has a valid "main" entry
xx     at tryPackage (node:internal/modules/cjs/loader:489:19)
xx     at Module._findPath (node:internal/modules/cjs/loader:763:18)
xx     at Module._resolveFilename (node:internal/modules/cjs/loader:1198:27)
xx     at Module._load (node:internal/modules/cjs/loader:1043:27)
xx     at Module.require (node:internal/modules/cjs/loader:1298:19)
xx     at require (node:internal/modules/helpers:182:18)
xx     at Object.<anonymous> (/Users/veland/Downloads/vortex/extensions/modtype-umm/webpack.config.js:1:23)
xx     at Module._compile (node:internal/modules/cjs/loader:1529:14)
xx     at Module._extensions..js (node:internal/modules/cjs/loader:1613:10)
xx     at Module.load (node:internal/modules/cjs/loader:1275:32) {
xx   code: 'MODULE_NOT_FOUND',
xx   path: '/Users/veland/Downloads/vortex/extensions/modtype-umm/node_modules/vortex-api/package.json',
xx   requestPath: 'vortex-api'
xx }[39m
xx error Command failed with exit code 2.
-- info Visit https://yarnpkg.com/en/docs/cli/run for documentation about this command.
(modtype-umm) extensions/modtype-umm/yarn run build finished with code 2
failed  modtype-umm Error: run,build failed with code 2
    at ChildProcess.<anonymous> (/Users/veland/Downloads/vortex/BuildSubprojects.js:101:18)
    at ChildProcess.emit (node:events:524:28)
    at maybeClose (node:internal/child_process:1104:16)
    at ChildProcess._handle.onexit (node:internal/child_process:304:5)
-- started: extensions/meta-editor/yarn install
-- copying files
-- yarn install v1.22.5
-- [1/4] Resolving packages...
-- success Already up-to-date.
-- Done in 0.78s.
-- started: extensions/meta-editor/yarn run build
-- yarn run v1.22.5
-- $ npm run webpack && copyfiles -f src/stylesheets/metaeditor.scss dist && extractInfo
-- > meta-editor@0.0.1 webpack
-- > node ./node_modules/webpack/bin/webpack --config webpack.config.js --progress --profile --color
xx [webpack-cli] [31mFailed to load '/Users/veland/Downloads/vortex/extensions/meta-editor/webpack.config.js' config[39m
xx [webpack-cli] [31mError: Cannot find module '/Users/veland/Downloads/vortex/extensions/meta-editor/node_modules/vortex-api/lib/index.js'. Please verify that the package.json has a valid "main" entry
xx     at tryPackage (node:internal/modules/cjs/loader:489:19)
xx     at Module._findPath (node:internal/modules/cjs/loader:763:18)
xx     at Module._resolveFilename (node:internal/modules/cjs/loader:1198:27)
xx     at Module._load (node:internal/modules/cjs/loader:1043:27)
xx     at Module.require (node:internal/modules/cjs/loader:1298:19)
xx     at require (node:internal/modules/helpers:182:18)
xx     at Object.<anonymous> (/Users/veland/Downloads/vortex/extensions/meta-editor/webpack.config.js:1:23)
xx     at Module._compile (node:internal/modules/cjs/loader:1529:14)
xx     at Module._extensions..js (node:internal/modules/cjs/loader:1613:10)
xx     at Module.load (node:internal/modules/cjs/loader:1275:32) {
xx   code: 'MODULE_NOT_FOUND',
xx   path: '/Users/veland/Downloads/vortex/extensions/meta-editor/node_modules/vortex-api/package.json',
xx   requestPath: 'vortex-api'
xx }[39m
xx error Command failed with exit code 2.
-- info Visit https://yarnpkg.com/en/docs/cli/run for documentation about this command.
(meta-editor) extensions/meta-editor/yarn run build finished with code 2
failed  meta-editor Error: run,build failed with code 2
    at ChildProcess.<anonymous> (/Users/veland/Downloads/vortex/BuildSubprojects.js:101:18)
    at ChildProcess.emit (node:events:524:28)
    at maybeClose (node:internal/child_process:1104:16)
    at Socket.<anonymous> (node:internal/child_process:456:11)
    at Socket.emit (node:events:524:28)
    at Pipe.<anonymous> (node:net:343:12)
-- started: extensions/game-pillarsofeternity2/yarn install
-- copying files
-- yarn install v1.22.5
-- [1/4] Resolving packages...
-- success Already up-to-date.
-- Done in 0.67s.
-- started: extensions/game-pillarsofeternity2/yarn run build
-- yarn run v1.22.5
-- $ yarn run webpack && yarn run copy_gameart && yarn run copy_scss && extractInfo
-- $ node ./node_modules/webpack/bin/webpack --config webpack.config.js --progress --profile --color
xx [webpack-cli] [31mFailed to load '/Users/veland/Downloads/vortex/extensions/game-pillarsofeternity2/webpack.config.js' config[39m
xx [webpack-cli] [31mError: Cannot find module '/Users/veland/Downloads/vortex/extensions/game-pillarsofeternity2/node_modules/vortex-api/lib/index.js'. Please verify that the package.json has a valid "main" entry
xx     at tryPackage (node:internal/modules/cjs/loader:489:19)
xx     at Module._findPath (node:internal/modules/cjs/loader:763:18)
xx     at Module._resolveFilename (node:internal/modules/cjs/loader:1198:27)
xx     at Module._load (node:internal/modules/cjs/loader:1043:27)
xx     at Module.require (node:internal/modules/cjs/loader:1298:19)
xx     at require (node:internal/modules/helpers:182:18)
xx     at Object.<anonymous> (/Users/veland/Downloads/vortex/extensions/game-pillarsofeternity2/webpack.config.js:2:23)
xx     at Module._compile (node:internal/modules/cjs/loader:1529:14)
xx     at Module._extensions..js (node:internal/modules/cjs/loader:1613:10)
xx     at Module.load (node:internal/modules/cjs/loader:1275:32) {
xx   code: 'MODULE_NOT_FOUND',
xx   path: '/Users/veland/Downloads/vortex/extensions/game-pillarsofeternity2/node_modules/vortex-api/package.json',
xx   requestPath: 'vortex-api'
xx }[39m
xx error Command failed with exit code 2.
-- info Visit https://yarnpkg.com/en/docs/cli/run for documentation about this command.
xx error Command failed with exit code 2.
-- info Visit https://yarnpkg.com/en/docs/cli/run for documentation about this command.
(game-pillarsofeternity2) extensions/game-pillarsofeternity2/yarn run build finished with code 2
failed  game-pillarsofeternity2 Error: run,build failed with code 2
    at ChildProcess.<anonymous> (/Users/veland/Downloads/vortex/BuildSubprojects.js:101:18)
    at ChildProcess.emit (node:events:524:28)
    at maybeClose (node:internal/child_process:1104:16)
    at ChildProcess._handle.onexit (node:internal/child_process:304:5)
-- started: extensions/gameversion-hash/yarn install
-- copying files
-- yarn install v1.22.5
-- [1/4] Resolving packages...
-- [2/4] Fetching packages...
-- [3/4] Linking dependencies...
xx warning "@types/redux-thunk > redux-thunk@2.4.1" has unmet peer dependency "redux@^4".
xx warning "vortex-ext-dependencies > babel-loader@9.1.2" has unmet peer dependency "@babel/core@^7.12.0".
-- [4/4] Building fresh packages...
xx error /Users/veland/Downloads/vortex/extensions/gameversion-hash/node_modules/vortexmt: Command failed.
xx Exit code: 7
xx Command: prebuild-install -r napi -t 4 -a x64 || node-gyp rebuild
xx Arguments: 
xx Directory: /Users/veland/Downloads/vortex/extensions/gameversion-hash/node_modules/vortexmt
xx Output:
xx prebuild-install WARN install No prebuilt binaries found (target=4 runtime=napi arch=x64 libc= platform=darwin)
xx gyp info it worked if it ends with ok
xx gyp info using node-gyp@7.1.2
xx gyp info using node@20.19.4 | darwin | arm64
xx gyp info find Python using Python version 3.13.7 found at "/usr/local/opt/python@3.13/bin/python3.13"
xx gyp ERR! UNCAUGHT EXCEPTION 
xx gyp ERR! stack TypeError: Cannot assign to read only property 'cflags' of object '#<Object>'
xx gyp ERR! stack     at createConfigFile (/Users/veland/Downloads/vortex/extensions/gameversion-hash/node_modules/node-gyp/lib/configure.js:117:21)
xx gyp ERR! stack     at /Users/veland/Downloads/vortex/extensions/gameversion-hash/node_modules/node-gyp/lib/configure.js:84:9
xx gyp ERR! stack     at FSReqCallback.oncomplete (node:fs:188:23)
xx gyp ERR! System Darwin 25.0.0
xx gyp ERR! command "/Users/veland/.nvm/versions/node/v20.19.4/bin/node" "/Users/veland/Downloads/vortex/extensions/gameversion-hash/node_modules/vortexmt/node_modules/.bin/node-gyp" "rebuild"
xx gyp ERR! cwd /Users/veland/Downloads/vortex/extensions/gameversion-hash/node_modules/vortexmt
xx gyp ERR! node -v v20.19.4
xx gyp ERR! node-gyp -v v7.1.2
xx gyp ERR! Node-gyp failed to build your package.
xx gyp ERR! Try to update npm and/or node-gyp and if it does not help file an issue with the package author.
-- info Visit https://yarnpkg.com/en/docs/cli/install for documentation about this command.
(gameversion-hash) extensions/gameversion-hash/yarn install finished with code 7
failed  gameversion-hash Error: install failed with code 7
    at ChildProcess.<anonymous> (/Users/veland/Downloads/vortex/BuildSubprojects.js:101:18)
    at ChildProcess.emit (node:events:524:28)
    at maybeClose (node:internal/child_process:1104:16)
    at ChildProcess._handle.onexit (node:internal/child_process:304:5)

Retrying failed builds...
⏭️  Skipping Windows-only module "gamebryo-plugin-management" as we are running on macOS
⏭️  Skipping Windows-only module "gamebryo-bsa-support" as we are running on macOS
⏭️  Skipping Windows-only module "gamestore-gog" as we are running on macOS
⏭️  Skipping Windows-only module "nmm-import-tool" as we are running on macOS
⏭️  Skipping Windows-only module "mo-import" as we are running on macOS
⏭️  Skipping Windows-only module "fnis-integration" as we are running on macOS
⏭️  Skipping Windows-only module "test-setup" as we are running on macOS
-- started: extensions/gamebryo-savegame-management/yarn install
-- copying files
-- yarn install v1.22.5
xx warning package-lock.json found. Your project contains lock files generated by tools other than Yarn. It is advised not to mix package managers in order to avoid resolution inconsistencies caused by unsynchronized lock files. To clear this warning, remove package-lock.json.
-- [1/4] Resolving packages...
xx error Package "gamebryo-savegame" refers to a non-existing file '"/Users/veland/Downloads/vortex/extensions/gamebryo-savegame-management/node_modules/node-gamebryo-savegames"'.
-- info Visit https://yarnpkg.com/en/docs/cli/install for documentation about this command.
(gamebryo-savegame-management) extensions/gamebryo-savegame-management/yarn install finished with code 1
failed  gamebryo-savegame-management Error: install failed with code 1
    at ChildProcess.<anonymous> (/Users/veland/Downloads/vortex/BuildSubprojects.js:101:18)
    at ChildProcess.emit (node:events:524:28)
    at maybeClose (node:internal/child_process:1104:16)
    at Socket.<anonymous> (node:internal/child_process:456:11)
    at Socket.emit (node:events:524:28)
    at Pipe.<anonymous> (node:net:343:12)
(gamebryo-archive-check) extensions/gamebryo-archive-check/yarn install finished with code 0
(gamebryo-plugin-indexlock) extensions/gamebryo-plugin-indexlock/yarn install finished with code 0
(gamebryo-test-settings) extensions/gamebryo-test-settings/yarn install finished with code 0
(gamestore-uplay) extensions/gamestore-uplay/yarn install finished with code 0
(documentation) extensions/documentation/yarn install finished with code 0
(extension-dashlet) extensions/extension-dashlet/yarn install finished with code 0
(gamebryo-ba2-support) extensions/gamebryo-ba2-support/yarn install finished with code 0
(common-interpreters) extensions/common-interpreters/yarn install finished with code 0
(quickbms-support) extensions/quickbms-support/yarn install finished with code 0
(gamestore-origin) extensions/gamestore-origin/yarn install finished with code 0
(gamebryo-archive-invalidation) extensions/gamebryo-archive-invalidation/yarn install finished with code 0
(gamestore-macappstore) extensions/gamestore-macappstore/yarn install finished with code 0
(modtype-dinput) extensions/modtype-dinput/yarn install finished with code 0
(mtframework-arc-support) extensions/mtframework-arc-support/yarn install finished with code 0
(modtype-bepinex) extensions/modtype-bepinex/yarn install finished with code 0
(mod-highlight) extensions/mod-highlight/yarn install finished with code 0
(feedback) extensions/feedback/yarn install finished with code 0
(mod-dependency-manager) extensions/mod-dependency-manager/yarn install finished with code 0
(modtype-gedosato) extensions/modtype-gedosato/yarn install finished with code 0
(changelog-dashlet) extensions/changelog-dashlet/yarn install finished with code 0
(modtype-dragonage) extensions/modtype-dazip/yarn install finished with code 0
(test-gameversion) extensions/test-gameversion/yarn install finished with code 0
(modtype-enb) extensions/modtype-enb/yarn install finished with code 0
(script-extender-error-check) extensions/script-extender-error-check/yarn install finished with code 0
(titlebar-launcher) extensions/titlebar-launcher/yarn install finished with code 0
(game-pillarsofeternity2) extensions/game-pillarsofeternity2/yarn install finished with code 0
(meta-editor) extensions/meta-editor/yarn install finished with code 0
(mod-report) extensions/mod-report/yarn install finished with code 0
(open-directory) extensions/open-directory/yarn install finished with code 0
(mod-content) extensions/mod-content/yarn install finished with code 0
(gameinfo-steam) extensions/gameinfo-steam/yarn install finished with code 0
(new-file-monitor) extensions/new-file-monitor/yarn install finished with code 0
(local-gamesettings) extensions/local-gamesettings/yarn install finished with code 0
(theme-switcher) extensions/theme-switcher/yarn install finished with code 0
(gamestore-xbox) extensions/gamestore-xbox/yarn install finished with code 0
(issue-tracker) extensions/issue-tracker/yarn install finished with code 0
(collections) extensions/collections/yarn install finished with code 0
(script-extender-installer) extensions/script-extender-installer/yarn install finished with code 0
-- started: extensions/gamebryo-plugin-indexlock/yarn install
-- copying files
-- yarn install v1.22.5
-- [1/4] Resolving packages...
-- success Already up-to-date.
-- Done in 0.30s.
-- started: extensions/gamebryo-plugin-indexlock/yarn run build
-- yarn run v1.22.5
-- $ npm run webpack && extractInfo
-- > gamebryo-plugin-indexlock@0.1.0 webpack
-- > webpack --config webpack.config.js --progress --profile --color
xx [webpack-cli] [31mFailed to load '/Users/veland/Downloads/vortex/extensions/gamebryo-plugin-indexlock/webpack.config.js' config[39m
xx [webpack-cli] [31mError: Cannot find module '/Users/veland/Downloads/vortex/extensions/gamebryo-plugin-indexlock/node_modules/vortex-api/lib/index.js'. Please verify that the package.json has a valid "main" entry
xx     at tryPackage (node:internal/modules/cjs/loader:489:19)
xx     at Module._findPath (node:internal/modules/cjs/loader:763:18)
xx     at Module._resolveFilename (node:internal/modules/cjs/loader:1198:27)
xx     at Module._load (node:internal/modules/cjs/loader:1043:27)
xx     at Module.require (node:internal/modules/cjs/loader:1298:19)
xx     at require (node:internal/modules/helpers:182:18)
xx     at Object.<anonymous> (/Users/veland/Downloads/vortex/extensions/gamebryo-plugin-indexlock/webpack.config.js:1:23)
xx     at Module._compile (node:internal/modules/cjs/loader:1529:14)
xx     at Module._extensions..js (node:internal/modules/cjs/loader:1613:10)
xx     at Module.load (node:internal/modules/cjs/loader:1275:32) {
xx   code: 'MODULE_NOT_FOUND',
xx   path: '/Users/veland/Downloads/vortex/extensions/gamebryo-plugin-indexlock/node_modules/vortex-api/package.json',
xx   requestPath: 'vortex-api'
xx }[39m
xx error Command failed with exit code 2.
-- info Visit https://yarnpkg.com/en/docs/cli/run for documentation about this command.
(gamebryo-plugin-indexlock) extensions/gamebryo-plugin-indexlock/yarn run build finished with code 2
failed  gamebryo-plugin-indexlock Error: run,build failed with code 2
    at ChildProcess.<anonymous> (/Users/veland/Downloads/vortex/BuildSubprojects.js:101:18)
    at ChildProcess.emit (node:events:524:28)
    at maybeClose (node:internal/child_process:1104:16)
    at ChildProcess._handle.onexit (node:internal/child_process:304:5)
-- started: extensions/gamebryo-archive-check/yarn install
-- copying files
-- yarn install v1.22.5
-- [1/4] Resolving packages...
-- success Already up-to-date.
-- Done in 0.25s.
-- started: extensions/gamebryo-archive-check/yarn run build
-- yarn run v1.22.5
-- $ npm run webpack && extractInfo
-- > gamebryo-archive-check@1.0.5 webpack
-- > node ./node_modules/webpack/bin/webpack --config webpack.config.js --progress --profile --color
-- logging started
xx [webpack-cli] [31mFailed to load '/Users/veland/Downloads/vortex/extensions/gamebryo-archive-check/webpack.config.js' config[39m
xx [webpack-cli] [31mError: Cannot find module 'original-fs'
xx Require stack:
xx - /Users/veland/Downloads/vortex/extensions/gamebryo-archive-check/node_modules/vortex-api/lib/util/fs.js
xx - /Users/veland/Downloads/vortex/extensions/gamebryo-archive-check/node_modules/vortex-api/lib/util/i18n.js
xx - /Users/veland/Downloads/vortex/extensions/gamebryo-archive-check/node_modules/vortex-api/lib/util/errorHandling.js
xx - /Users/veland/Downloads/vortex/extensions/gamebryo-archive-check/node_modules/vortex-api/lib/extensions/mod_management/InstallManager.js
xx - /Users/veland/Downloads/vortex/extensions/gamebryo-archive-check/node_modules/vortex-api/lib/util/message.js
xx - /Users/veland/Downloads/vortex/extensions/gamebryo-archive-check/node_modules/vortex-api/lib/util/api.js
xx - /Users/veland/Downloads/vortex/extensions/gamebryo-archive-check/node_modules/vortex-api/lib/index.js
xx - /Users/veland/Downloads/vortex/extensions/gamebryo-archive-check/webpack.config.js
xx - /Users/veland/Downloads/vortex/extensions/gamebryo-archive-check/node_modules/webpack-cli/lib/webpack-cli.js
xx - /Users/veland/Downloads/vortex/extensions/gamebryo-archive-check/node_modules/webpack-cli/lib/bootstrap.js
xx - /Users/veland/Downloads/vortex/extensions/gamebryo-archive-check/node_modules/webpack-cli/bin/cli.js
xx - /Users/veland/Downloads/vortex/extensions/gamebryo-archive-check/node_modules/webpack/bin/webpack.js
xx     at Module._resolveFilename (node:internal/modules/cjs/loader:1212:15)
xx     at Module._load (node:internal/modules/cjs/loader:1043:27)
xx     at Module.require (node:internal/modules/cjs/loader:1298:19)
xx     at require (node:internal/modules/helpers:182:18)
xx     at Object.<anonymous> (/Users/veland/Downloads/vortex/extensions/gamebryo-archive-check/node_modules/vortex-api/lib/util/fs.js:106:21)
xx     at Module._compile (node:internal/modules/cjs/loader:1529:14)
xx     at Module._extensions..js (node:internal/modules/cjs/loader:1613:10)
xx     at Module.load (node:internal/modules/cjs/loader:1275:32)
xx     at Module._load (node:internal/modules/cjs/loader:1096:12)
xx     at Module.require (node:internal/modules/cjs/loader:1298:19)
xx     at require (node:internal/modules/helpers:182:18)
xx     at Object.<anonymous> (/Users/veland/Downloads/vortex/extensions/gamebryo-archive-check/node_modules/vortex-api/lib/util/i18n.js:55:25)
xx     at Module._compile (node:internal/modules/cjs/loader:1529:14)
xx     at Module._extensions..js (node:internal/modules/cjs/loader:1613:10)
xx     at Module.load (node:internal/modules/cjs/loader:1275:32)
xx     at Module._load (node:internal/modules/cjs/loader:1096:12) {
xx   code: 'MODULE_NOT_FOUND',
xx   requireStack: [
xx     '/Users/veland/Downloads/vortex/extensions/gamebryo-archive-check/node_modules/vortex-api/lib/util/fs.js',
xx     '/Users/veland/Downloads/vortex/extensions/gamebryo-archive-check/node_modules/vortex-api/lib/util/i18n.js',
xx     '/Users/veland/Downloads/vortex/extensions/gamebryo-archive-check/node_modules/vortex-api/lib/util/errorHandling.js',
xx     '/Users/veland/Downloads/vortex/extensions/gamebryo-archive-check/node_modules/vortex-api/lib/extensions/mod_management/InstallManager.js',
xx     '/Users/veland/Downloads/vortex/extensions/gamebryo-archive-check/node_modules/vortex-api/lib/util/message.js',
xx     '/Users/veland/Downloads/vortex/extensions/gamebryo-archive-check/node_modules/vortex-api/lib/util/api.js',
xx     '/Users/veland/Downloads/vortex/extensions/gamebryo-archive-check/node_modules/vortex-api/lib/index.js',
xx     '/Users/veland/Downloads/vortex/extensions/gamebryo-archive-check/webpack.config.js',
xx     '/Users/veland/Downloads/vortex/extensions/gamebryo-archive-check/node_modules/webpack-cli/lib/webpack-cli.js',
xx     '/Users/veland/Downloads/vortex/extensions/gamebryo-archive-check/node_modules/webpack-cli/lib/bootstrap.js',
xx     '/Users/veland/Downloads/vortex/extensions/gamebryo-archive-check/node_modules/webpack-cli/bin/cli.js',
xx     '/Users/veland/Downloads/vortex/extensions/gamebryo-archive-check/node_modules/webpack/bin/webpack.js'
xx   ]
xx }[39m
xx error Command failed with exit code 2.
-- info Visit https://yarnpkg.com/en/docs/cli/run for documentation about this command.
(gamebryo-archive-check) extensions/gamebryo-archive-check/yarn run build finished with code 2
failed  gamebryo-archive-check Error: run,build failed with code 2
    at ChildProcess.<anonymous> (/Users/veland/Downloads/vortex/BuildSubprojects.js:101:18)
    at ChildProcess.emit (node:events:524:28)
    at maybeClose (node:internal/child_process:1104:16)
    at Socket.<anonymous> (node:internal/child_process:456:11)
    at Socket.emit (node:events:524:28)
    at Pipe.<anonymous> (node:net:343:12)
-- started: extensions/gamestore-origin/yarn install
-- copying files
-- yarn install v1.22.5
-- [1/4] Resolving packages...
-- success Already up-to-date.
-- Done in 0.55s.
-- started: extensions/gamestore-origin/yarn run build
-- yarn run v1.22.5
-- $ npm run webpack && extractInfo
-- > gamestore-origin@0.1.0 webpack
-- > node ./node_modules/webpack/bin/webpack --config webpack.config.js --progress --profile --color
xx [webpack-cli] [31mFailed to load '/Users/veland/Downloads/vortex/extensions/gamestore-origin/webpack.config.js' config[39m
xx [webpack-cli] [31mError: Cannot find module '/Users/veland/Downloads/vortex/extensions/gamestore-origin/node_modules/vortex-api/lib/index.js'. Please verify that the package.json has a valid "main" entry
xx     at tryPackage (node:internal/modules/cjs/loader:489:19)
xx     at Module._findPath (node:internal/modules/cjs/loader:763:18)
xx     at Module._resolveFilename (node:internal/modules/cjs/loader:1198:27)
xx     at Module._load (node:internal/modules/cjs/loader:1043:27)
xx     at Module.require (node:internal/modules/cjs/loader:1298:19)
xx     at require (node:internal/modules/helpers:182:18)
xx     at Object.<anonymous> (/Users/veland/Downloads/vortex/extensions/gamestore-origin/webpack.config.js:1:23)
xx     at Module._compile (node:internal/modules/cjs/loader:1529:14)
xx     at Module._extensions..js (node:internal/modules/cjs/loader:1613:10)
xx     at Module.load (node:internal/modules/cjs/loader:1275:32) {
xx   code: 'MODULE_NOT_FOUND',
xx   path: '/Users/veland/Downloads/vortex/extensions/gamestore-origin/node_modules/vortex-api/package.json',
xx   requestPath: 'vortex-api'
xx }[39m
xx error Command failed with exit code 2.
-- info Visit https://yarnpkg.com/en/docs/cli/run for documentation about this command.
(gamestore-origin) extensions/gamestore-origin/yarn run build finished with code 2
failed  gamestore-origin Error: run,build failed with code 2
    at ChildProcess.<anonymous> (/Users/veland/Downloads/vortex/BuildSubprojects.js:101:18)
    at ChildProcess.emit (node:events:524:28)
    at maybeClose (node:internal/child_process:1104:16)
    at Socket.<anonymous> (node:internal/child_process:456:11)
    at Socket.emit (node:events:524:28)
    at Pipe.<anonymous> (node:net:343:12)
-- started: extensions/gamestore-uplay/yarn install
-- copying files
-- yarn install v1.22.5
-- [1/4] Resolving packages...
-- success Already up-to-date.
-- Done in 0.49s.
-- started: extensions/gamestore-uplay/yarn run build
-- yarn run v1.22.5
-- $ npm run webpack && extractInfo
-- > gamestore-uplay@0.0.4 webpack
-- > node ./node_modules/webpack/bin/webpack --config webpack.config.js --progress --profile --color
xx [webpack-cli] [31mFailed to load '/Users/veland/Downloads/vortex/extensions/gamestore-uplay/webpack.config.js' config[39m
xx [webpack-cli] [31mError: Cannot find module '/Users/veland/Downloads/vortex/extensions/gamestore-uplay/node_modules/vortex-api/lib/index.js'. Please verify that the package.json has a valid "main" entry
xx     at tryPackage (node:internal/modules/cjs/loader:489:19)
xx     at Module._findPath (node:internal/modules/cjs/loader:763:18)
xx     at Module._resolveFilename (node:internal/modules/cjs/loader:1198:27)
xx     at Module._load (node:internal/modules/cjs/loader:1043:27)
xx     at Module.require (node:internal/modules/cjs/loader:1298:19)
xx     at require (node:internal/modules/helpers:182:18)
xx     at Object.<anonymous> (/Users/veland/Downloads/vortex/extensions/gamestore-uplay/webpack.config.js:2:23)
xx     at Module._compile (node:internal/modules/cjs/loader:1529:14)
xx     at Module._extensions..js (node:internal/modules/cjs/loader:1613:10)
xx     at Module.load (node:internal/modules/cjs/loader:1275:32) {
xx   code: 'MODULE_NOT_FOUND',
xx   path: '/Users/veland/Downloads/vortex/extensions/gamestore-uplay/node_modules/vortex-api/package.json',
xx   requestPath: 'vortex-api'
xx }[39m
xx error Command failed with exit code 2.
-- info Visit https://yarnpkg.com/en/docs/cli/run for documentation about this command.
(gamestore-uplay) extensions/gamestore-uplay/yarn run build finished with code 2
failed  gamestore-uplay Error: run,build failed with code 2
    at ChildProcess.<anonymous> (/Users/veland/Downloads/vortex/BuildSubprojects.js:101:18)
    at ChildProcess.emit (node:events:524:28)
    at maybeClose (node:internal/child_process:1104:16)
    at Socket.<anonymous> (node:internal/child_process:456:11)
    at Socket.emit (node:events:524:28)
    at Pipe.<anonymous> (node:net:343:12)
-- started: extensions/extension-dashlet/yarn install
-- copying files
-- yarn install v1.22.5
-- [1/4] Resolving packages...
-- success Already up-to-date.
-- Done in 0.42s.
-- started: extensions/extension-dashlet/yarn run build
-- yarn run v1.22.5
-- $ npm run webpack && copyfiles -f src/extensions-dashlet.scss dist && extractInfo
-- > extensions-dashlet@0.0.3 webpack
-- > webpack --config webpack.config.js --progress --profile --color
xx [webpack-cli] [31mFailed to load '/Users/veland/Downloads/vortex/extensions/extension-dashlet/webpack.config.js' config[39m
xx [webpack-cli] [31mError: Cannot find module '/Users/veland/Downloads/vortex/extensions/extension-dashlet/node_modules/vortex-api/lib/index.js'. Please verify that the package.json has a valid "main" entry
xx     at tryPackage (node:internal/modules/cjs/loader:489:19)
xx     at Module._findPath (node:internal/modules/cjs/loader:763:18)
xx     at Module._resolveFilename (node:internal/modules/cjs/loader:1198:27)
xx     at Module._load (node:internal/modules/cjs/loader:1043:27)
xx     at Module.require (node:internal/modules/cjs/loader:1298:19)
xx     at require (node:internal/modules/helpers:182:18)
xx     at Object.<anonymous> (/Users/veland/Downloads/vortex/extensions/extension-dashlet/webpack.config.js:2:23)
xx     at Module._compile (node:internal/modules/cjs/loader:1529:14)
xx     at Module._extensions..js (node:internal/modules/cjs/loader:1613:10)
xx     at Module.load (node:internal/modules/cjs/loader:1275:32) {
xx   code: 'MODULE_NOT_FOUND',
xx   path: '/Users/veland/Downloads/vortex/extensions/extension-dashlet/node_modules/vortex-api/package.json',
xx   requestPath: 'vortex-api'
xx }[39m
xx error Command failed with exit code 2.
-- info Visit https://yarnpkg.com/en/docs/cli/run for documentation about this command.
(extension-dashlet) extensions/extension-dashlet/yarn run build finished with code 2
failed  extension-dashlet Error: run,build failed with code 2
    at ChildProcess.<anonymous> (/Users/veland/Downloads/vortex/BuildSubprojects.js:101:18)
    at ChildProcess.emit (node:events:524:28)
    at maybeClose (node:internal/child_process:1104:16)
    at Socket.<anonymous> (node:internal/child_process:456:11)
    at Socket.emit (node:events:524:28)
    at Pipe.<anonymous> (node:net:343:12)
-- started: extensions/test-gameversion/yarn install
-- copying files
-- yarn install v1.22.5
-- [1/4] Resolving packages...
-- success Already up-to-date.
-- Done in 0.70s.
-- started: extensions/test-gameversion/yarn run build
-- yarn run v1.22.5
-- $ npm run webpack && extractInfo
-- > test-gameversion@0.1.1 webpack
-- > webpack --config webpack.config.js --progress --profile --color
xx [webpack-cli] [31mFailed to load '/Users/veland/Downloads/vortex/extensions/test-gameversion/webpack.config.js' config[39m
xx [webpack-cli] [31mError: Cannot find module '/Users/veland/Downloads/vortex/extensions/test-gameversion/node_modules/vortex-api/lib/index.js'. Please verify that the package.json has a valid "main" entry
xx     at tryPackage (node:internal/modules/cjs/loader:489:19)
xx     at Module._findPath (node:internal/modules/cjs/loader:763:18)
xx     at Module._resolveFilename (node:internal/modules/cjs/loader:1198:27)
xx     at Module._load (node:internal/modules/cjs/loader:1043:27)
xx     at Module.require (node:internal/modules/cjs/loader:1298:19)
xx     at require (node:internal/modules/helpers:182:18)
xx     at Object.<anonymous> (/Users/veland/Downloads/vortex/extensions/test-gameversion/webpack.config.js:1:23)
xx     at Module._compile (node:internal/modules/cjs/loader:1529:14)
xx     at Module._extensions..js (node:internal/modules/cjs/loader:1613:10)
xx     at Module.load (node:internal/modules/cjs/loader:1275:32) {
xx   code: 'MODULE_NOT_FOUND',
xx   path: '/Users/veland/Downloads/vortex/extensions/test-gameversion/node_modules/vortex-api/package.json',
xx   requestPath: 'vortex-api'
xx }[39m
xx error Command failed with exit code 2.
-- info Visit https://yarnpkg.com/en/docs/cli/run for documentation about this command.
(test-gameversion) extensions/test-gameversion/yarn run build finished with code 2
failed  test-gameversion Error: run,build failed with code 2
    at ChildProcess.<anonymous> (/Users/veland/Downloads/vortex/BuildSubprojects.js:101:18)
    at ChildProcess.emit (node:events:524:28)
    at maybeClose (node:internal/child_process:1104:16)
    at Socket.<anonymous> (node:internal/child_process:456:11)
    at Socket.emit (node:events:524:28)
    at Pipe.<anonymous> (node:net:343:12)
-- started: extensions/gamebryo-test-settings/yarn install
-- copying files
-- yarn install v1.22.5
-- [1/4] Resolving packages...
-- success Already up-to-date.
-- Done in 0.55s.
-- started: extensions/gamebryo-test-settings/yarn run build
-- yarn run v1.22.5
-- $ npm run webpack && extractInfo
-- > gamebryo-test-settings@0.1.5 webpack
-- > webpack --config webpack.config.js --progress --profile --color
xx [webpack-cli] [31mFailed to load '/Users/veland/Downloads/vortex/extensions/gamebryo-test-settings/webpack.config.js' config[39m
xx [webpack-cli] [31mError: Cannot find module '/Users/veland/Downloads/vortex/extensions/gamebryo-test-settings/node_modules/vortex-api/lib/index.js'. Please verify that the package.json has a valid "main" entry
xx     at tryPackage (node:internal/modules/cjs/loader:489:19)
xx     at Module._findPath (node:internal/modules/cjs/loader:763:18)
xx     at Module._resolveFilename (node:internal/modules/cjs/loader:1198:27)
xx     at Module._load (node:internal/modules/cjs/loader:1043:27)
xx     at Module.require (node:internal/modules/cjs/loader:1298:19)
xx     at require (node:internal/modules/helpers:182:18)
xx     at Object.<anonymous> (/Users/veland/Downloads/vortex/extensions/gamebryo-test-settings/webpack.config.js:1:23)
xx     at Module._compile (node:internal/modules/cjs/loader:1529:14)
xx     at Module._extensions..js (node:internal/modules/cjs/loader:1613:10)
xx     at Module.load (node:internal/modules/cjs/loader:1275:32) {
xx   code: 'MODULE_NOT_FOUND',
xx   path: '/Users/veland/Downloads/vortex/extensions/gamebryo-test-settings/node_modules/vortex-api/package.json',
xx   requestPath: 'vortex-api'
xx }[39m
xx error Command failed with exit code 2.
-- info Visit https://yarnpkg.com/en/docs/cli/run for documentation about this command.
(gamebryo-test-settings) extensions/gamebryo-test-settings/yarn run build finished with code 2
failed  gamebryo-test-settings Error: run,build failed with code 2
    at ChildProcess.<anonymous> (/Users/veland/Downloads/vortex/BuildSubprojects.js:101:18)
    at ChildProcess.emit (node:events:524:28)
    at maybeClose (node:internal/child_process:1104:16)
    at Socket.<anonymous> (node:internal/child_process:456:11)
    at Socket.emit (node:events:524:28)
    at Pipe.<anonymous> (node:net:343:12)
-- started: extensions/gamebryo-archive-invalidation/yarn install
-- copying files
-- yarn install v1.22.5
-- [1/4] Resolving packages...
-- success Already up-to-date.
-- Done in 0.54s.
-- started: extensions/gamebryo-archive-invalidation/yarn run build
-- yarn run v1.22.5
-- $ npm run webpack && extractInfo
-- > gamebryo-archive-invalidation@0.1.4 webpack
-- > webpack --config webpack.config.js --progress --profile --color
xx [webpack-cli] [31mFailed to load '/Users/veland/Downloads/vortex/extensions/gamebryo-archive-invalidation/webpack.config.js' config[39m
xx [webpack-cli] [31mError: Cannot find module '/Users/veland/Downloads/vortex/extensions/gamebryo-archive-invalidation/node_modules/vortex-api/lib/index.js'. Please verify that the package.json has a valid "main" entry
xx     at tryPackage (node:internal/modules/cjs/loader:489:19)
xx     at Module._findPath (node:internal/modules/cjs/loader:763:18)
xx     at Module._resolveFilename (node:internal/modules/cjs/loader:1198:27)
xx     at Module._load (node:internal/modules/cjs/loader:1043:27)
xx     at Module.require (node:internal/modules/cjs/loader:1298:19)
xx     at require (node:internal/modules/helpers:182:18)
xx     at Object.<anonymous> (/Users/veland/Downloads/vortex/extensions/gamebryo-archive-invalidation/webpack.config.js:1:23)
xx     at Module._compile (node:internal/modules/cjs/loader:1529:14)
xx     at Module._extensions..js (node:internal/modules/cjs/loader:1613:10)
xx     at Module.load (node:internal/modules/cjs/loader:1275:32) {
xx   code: 'MODULE_NOT_FOUND',
xx   path: '/Users/veland/Downloads/vortex/extensions/gamebryo-archive-invalidation/node_modules/vortex-api/package.json',
xx   requestPath: 'vortex-api'
xx }[39m
xx error Command failed with exit code 2.
-- info Visit https://yarnpkg.com/en/docs/cli/run for documentation about this command.
(gamebryo-archive-invalidation) extensions/gamebryo-archive-invalidation/yarn run build finished with code 2
failed  gamebryo-archive-invalidation Error: run,build failed with code 2
    at ChildProcess.<anonymous> (/Users/veland/Downloads/vortex/BuildSubprojects.js:101:18)
    at ChildProcess.emit (node:events:524:28)
    at maybeClose (node:internal/child_process:1104:16)
    at Socket.<anonymous> (node:internal/child_process:456:11)
    at Socket.emit (node:events:524:28)
    at Pipe.<anonymous> (node:net:343:12)
(modtype-umm) extensions/modtype-umm/yarn install finished with code 0
-- started: extensions/documentation/yarn install
-- copying files
-- yarn install v1.22.5
-- [1/4] Resolving packages...
-- success Already up-to-date.
-- Done in 0.27s.
-- started: extensions/documentation/yarn run build
-- yarn run v1.22.5
-- $ npm run webpack && copyfiles -f src/stylesheets/*.scss dist && extractInfo
-- > documentation@1.0.1 webpack
-- > node ./node_modules/webpack/bin/webpack --config webpack.config.js --progress --profile --color
xx [webpack-cli] [31mFailed to load '/Users/veland/Downloads/vortex/extensions/documentation/webpack.config.js' config[39m
xx [webpack-cli] [31mError: Cannot find module '/Users/veland/Downloads/vortex/extensions/documentation/node_modules/vortex-api/lib/index.js'. Please verify that the package.json has a valid "main" entry
xx     at tryPackage (node:internal/modules/cjs/loader:489:19)
xx     at Module._findPath (node:internal/modules/cjs/loader:763:18)
xx     at Module._resolveFilename (node:internal/modules/cjs/loader:1198:27)
xx     at Module._load (node:internal/modules/cjs/loader:1043:27)
xx     at Module.require (node:internal/modules/cjs/loader:1298:19)
xx     at require (node:internal/modules/helpers:182:18)
xx     at Object.<anonymous> (/Users/veland/Downloads/vortex/extensions/documentation/webpack.config.js:1:23)
xx     at Module._compile (node:internal/modules/cjs/loader:1529:14)
xx     at Module._extensions..js (node:internal/modules/cjs/loader:1613:10)
xx     at Module.load (node:internal/modules/cjs/loader:1275:32) {
xx   code: 'MODULE_NOT_FOUND',
xx   path: '/Users/veland/Downloads/vortex/extensions/documentation/node_modules/vortex-api/package.json',
xx   requestPath: 'vortex-api'
xx }[39m
xx error Command failed with exit code 2.
-- info Visit https://yarnpkg.com/en/docs/cli/run for documentation about this command.
(documentation) extensions/documentation/yarn run build finished with code 2
failed  documentation Error: run,build failed with code 2
    at ChildProcess.<anonymous> (/Users/veland/Downloads/vortex/BuildSubprojects.js:101:18)
    at ChildProcess.emit (node:events:524:28)
    at maybeClose (node:internal/child_process:1104:16)
    at ChildProcess._handle.onexit (node:internal/child_process:304:5)
-- started: extensions/common-interpreters/yarn install
-- copying files
-- yarn install v1.22.5
-- [1/4] Resolving packages...
-- success Already up-to-date.
-- Done in 0.35s.
-- started: extensions/common-interpreters/yarn run build
-- yarn run v1.22.5
-- $ npm run webpack && extractInfo
-- > common-interpreters@1.0.0 webpack
-- > node ./node_modules/webpack/bin/webpack --config webpack.config.js --progress --profile --color
xx [webpack-cli] [31mFailed to load '/Users/veland/Downloads/vortex/extensions/common-interpreters/webpack.config.js' config[39m
xx [webpack-cli] [31mError: Cannot find module '/Users/veland/Downloads/vortex/extensions/common-interpreters/node_modules/vortex-api/lib/index.js'. Please verify that the package.json has a valid "main" entry
xx     at tryPackage (node:internal/modules/cjs/loader:489:19)
xx     at Module._findPath (node:internal/modules/cjs/loader:763:18)
xx     at Module._resolveFilename (node:internal/modules/cjs/loader:1198:27)
xx     at Module._load (node:internal/modules/cjs/loader:1043:27)
xx     at Module.require (node:internal/modules/cjs/loader:1298:19)
xx     at require (node:internal/modules/helpers:182:18)
xx     at Object.<anonymous> (/Users/veland/Downloads/vortex/extensions/common-interpreters/webpack.config.js:2:23)
xx     at Module._compile (node:internal/modules/cjs/loader:1529:14)
xx     at Module._extensions..js (node:internal/modules/cjs/loader:1613:10)
xx     at Module.load (node:internal/modules/cjs/loader:1275:32) {
xx   code: 'MODULE_NOT_FOUND',
xx   path: '/Users/veland/Downloads/vortex/extensions/common-interpreters/node_modules/vortex-api/package.json',
xx   requestPath: 'vortex-api'
xx }[39m
xx error Command failed with exit code 2.
-- info Visit https://yarnpkg.com/en/docs/cli/run for documentation about this command.
(common-interpreters) extensions/common-interpreters/yarn run build finished with code 2
failed  common-interpreters Error: run,build failed with code 2
    at ChildProcess.<anonymous> (/Users/veland/Downloads/vortex/BuildSubprojects.js:101:18)
    at ChildProcess.emit (node:events:524:28)
    at maybeClose (node:internal/child_process:1104:16)
    at Socket.<anonymous> (node:internal/child_process:456:11)
    at Socket.emit (node:events:524:28)
    at Pipe.<anonymous> (node:net:343:12)
-- started: extensions/modtype-enb/yarn install
-- copying files
-- yarn install v1.22.5
-- [1/4] Resolving packages...
-- success Already up-to-date.
-- Done in 0.61s.
-- started: extensions/modtype-enb/yarn run build
-- yarn run v1.22.5
-- $ npm run webpack && extractInfo
-- > modtype-enb@0.0.2 webpack
-- > node ./node_modules/webpack/bin/webpack --config webpack.config.js --progress --profile --color
xx [webpack-cli] [31mFailed to load '/Users/veland/Downloads/vortex/extensions/modtype-enb/webpack.config.js' config[39m
xx [webpack-cli] [31mError: Cannot find module '/Users/veland/Downloads/vortex/extensions/modtype-enb/node_modules/vortex-api/lib/index.js'. Please verify that the package.json has a valid "main" entry
xx     at tryPackage (node:internal/modules/cjs/loader:489:19)
xx     at Module._findPath (node:internal/modules/cjs/loader:763:18)
xx     at Module._resolveFilename (node:internal/modules/cjs/loader:1198:27)
xx     at Module._load (node:internal/modules/cjs/loader:1043:27)
xx     at Module.require (node:internal/modules/cjs/loader:1298:19)
xx     at require (node:internal/modules/helpers:182:18)
xx     at Object.<anonymous> (/Users/veland/Downloads/vortex/extensions/modtype-enb/webpack.config.js:1:23)
xx     at Module._compile (node:internal/modules/cjs/loader:1529:14)
xx     at Module._extensions..js (node:internal/modules/cjs/loader:1613:10)
xx     at Module.load (node:internal/modules/cjs/loader:1275:32) {
xx   code: 'MODULE_NOT_FOUND',
xx   path: '/Users/veland/Downloads/vortex/extensions/modtype-enb/node_modules/vortex-api/package.json',
xx   requestPath: 'vortex-api'
xx }[39m
xx error Command failed with exit code 2.
-- info Visit https://yarnpkg.com/en/docs/cli/run for documentation about this command.
(modtype-enb) extensions/modtype-enb/yarn run build finished with code 2
failed  modtype-enb Error: run,build failed with code 2
    at ChildProcess.<anonymous> (/Users/veland/Downloads/vortex/BuildSubprojects.js:101:18)
    at ChildProcess.emit (node:events:524:28)
    at maybeClose (node:internal/child_process:1104:16)
    at Socket.<anonymous> (node:internal/child_process:456:11)
    at Socket.emit (node:events:524:28)
    at Pipe.<anonymous> (node:net:343:12)
-- started: extensions/gamestore-macappstore/yarn install
-- copying files
-- yarn install v1.22.5
-- [1/4] Resolving packages...
-- success Already up-to-date.
-- Done in 0.54s.
-- started: extensions/gamestore-macappstore/yarn run build
-- yarn run v1.22.5
-- $ npm run webpack && extractInfo
-- > gamestore-macappstore@1.0.0 webpack
-- > webpack --config webpack.config.js --progress --profile --color
xx [webpack-cli] [31mFailed to load '/Users/veland/Downloads/vortex/extensions/gamestore-macappstore/webpack.config.js' config[39m
xx [webpack-cli] [31mError: Cannot find module '/Users/veland/Downloads/vortex/extensions/gamestore-macappstore/node_modules/vortex-api/lib/index.js'. Please verify that the package.json has a valid "main" entry
xx     at tryPackage (node:internal/modules/cjs/loader:489:19)
xx     at Module._findPath (node:internal/modules/cjs/loader:763:18)
xx     at Module._resolveFilename (node:internal/modules/cjs/loader:1198:27)
xx     at Module._load (node:internal/modules/cjs/loader:1043:27)
xx     at Module.require (node:internal/modules/cjs/loader:1298:19)
xx     at require (node:internal/modules/helpers:182:18)
xx     at Object.<anonymous> (/Users/veland/Downloads/vortex/extensions/gamestore-macappstore/webpack.config.js:2:23)
xx     at Module._compile (node:internal/modules/cjs/loader:1529:14)
xx     at Module._extensions..js (node:internal/modules/cjs/loader:1613:10)
xx     at Module.load (node:internal/modules/cjs/loader:1275:32) {
xx   code: 'MODULE_NOT_FOUND',
xx   path: '/Users/veland/Downloads/vortex/extensions/gamestore-macappstore/node_modules/vortex-api/package.json',
xx   requestPath: 'vortex-api'
xx }[39m
xx error Command failed with exit code 2.
-- info Visit https://yarnpkg.com/en/docs/cli/run for documentation about this command.
(gamestore-macappstore) extensions/gamestore-macappstore/yarn run build finished with code 2
failed  gamestore-macappstore Error: run,build failed with code 2
    at ChildProcess.<anonymous> (/Users/veland/Downloads/vortex/BuildSubprojects.js:101:18)
    at ChildProcess.emit (node:events:524:28)
    at maybeClose (node:internal/child_process:1104:16)
    at ChildProcess._handle.onexit (node:internal/child_process:304:5)
-- started: extensions/mod-dependency-manager/yarn install
-- copying files
-- yarn install v1.22.5
-- [1/4] Resolving packages...
-- success Already up-to-date.
-- Done in 0.48s.
-- started: extensions/mod-dependency-manager/yarn run build
-- yarn run v1.22.5
-- $ npm run webpack && copyfiles -f src/stylesheets/*.scss dist && copyfiles -f src/language.json dist && extractInfo
-- > mod-dependency-manager@0.2.22 webpack
-- > webpack --config webpack.config.js --progress --profile --color
xx [webpack-cli] [31mFailed to load '/Users/veland/Downloads/vortex/extensions/mod-dependency-manager/webpack.config.js' config[39m
xx [webpack-cli] [31mError: Cannot find module '/Users/veland/Downloads/vortex/extensions/mod-dependency-manager/node_modules/vortex-api/lib/index.js'. Please verify that the package.json has a valid "main" entry
xx     at tryPackage (node:internal/modules/cjs/loader:489:19)
xx     at Module._findPath (node:internal/modules/cjs/loader:763:18)
xx     at Module._resolveFilename (node:internal/modules/cjs/loader:1198:27)
xx     at Module._load (node:internal/modules/cjs/loader:1043:27)
xx     at Module.require (node:internal/modules/cjs/loader:1298:19)
xx     at require (node:internal/modules/helpers:182:18)
xx     at Object.<anonymous> (/Users/veland/Downloads/vortex/extensions/mod-dependency-manager/webpack.config.js:1:23)
xx     at Module._compile (node:internal/modules/cjs/loader:1529:14)
xx     at Module._extensions..js (node:internal/modules/cjs/loader:1613:10)
xx     at Module.load (node:internal/modules/cjs/loader:1275:32) {
xx   code: 'MODULE_NOT_FOUND',
xx   path: '/Users/veland/Downloads/vortex/extensions/mod-dependency-manager/node_modules/vortex-api/package.json',
xx   requestPath: 'vortex-api'
xx }[39m
xx error Command failed with exit code 2.
-- info Visit https://yarnpkg.com/en/docs/cli/run for documentation about this command.
(mod-dependency-manager) extensions/mod-dependency-manager/yarn run build finished with code 2
failed  mod-dependency-manager Error: run,build failed with code 2
    at ChildProcess.<anonymous> (/Users/veland/Downloads/vortex/BuildSubprojects.js:101:18)
    at ChildProcess.emit (node:events:524:28)
    at maybeClose (node:internal/child_process:1104:16)
    at ChildProcess._handle.onexit (node:internal/child_process:304:5)
-- started: extensions/mod-report/yarn install
-- copying files
-- yarn install v1.22.5
-- [1/4] Resolving packages...
-- success Already up-to-date.
-- Done in 0.67s.
-- started: extensions/mod-report/yarn run build
-- yarn run v1.22.5
-- $ npm run webpack && extractInfo
-- > mod-report@0.0.7 webpack
-- > node ./node_modules/webpack/bin/webpack --config webpack.config.js --progress --profile --color
xx [webpack-cli] [31mFailed to load '/Users/veland/Downloads/vortex/extensions/mod-report/webpack.config.js' config[39m
xx [webpack-cli] [31mError: Cannot find module '/Users/veland/Downloads/vortex/extensions/mod-report/node_modules/vortex-api/lib/index.js'. Please verify that the package.json has a valid "main" entry
xx     at tryPackage (node:internal/modules/cjs/loader:489:19)
xx     at Module._findPath (node:internal/modules/cjs/loader:763:18)
xx     at Module._resolveFilename (node:internal/modules/cjs/loader:1198:27)
xx     at Module._load (node:internal/modules/cjs/loader:1043:27)
xx     at Module.require (node:internal/modules/cjs/loader:1298:19)
xx     at require (node:internal/modules/helpers:182:18)
xx     at Object.<anonymous> (/Users/veland/Downloads/vortex/extensions/mod-report/webpack.config.js:2:23)
xx     at Module._compile (node:internal/modules/cjs/loader:1529:14)
xx     at Module._extensions..js (node:internal/modules/cjs/loader:1613:10)
xx     at Module.load (node:internal/modules/cjs/loader:1275:32) {
xx   code: 'MODULE_NOT_FOUND',
xx   path: '/Users/veland/Downloads/vortex/extensions/mod-report/node_modules/vortex-api/package.json',
xx   requestPath: 'vortex-api'
xx }[39m
xx error Command failed with exit code 2.
-- info Visit https://yarnpkg.com/en/docs/cli/run for documentation about this command.
(mod-report) extensions/mod-report/yarn run build finished with code 2
failed  mod-report Error: run,build failed with code 2
    at ChildProcess.<anonymous> (/Users/veland/Downloads/vortex/BuildSubprojects.js:101:18)
    at ChildProcess.emit (node:events:524:28)
    at maybeClose (node:internal/child_process:1104:16)
    at ChildProcess._handle.onexit (node:internal/child_process:304:5)
-- started: extensions/mtframework-arc-support/yarn install
-- copying files
-- yarn install v1.22.5
-- [1/4] Resolving packages...
-- success Already up-to-date.
-- Done in 0.46s.
-- started: extensions/mtframework-arc-support/yarn run build
-- yarn run v1.22.5
-- $ npm run webpack && node download_arctool.js && extractInfo
-- > mtframework-arc-support@0.1.1 webpack
-- > node ./node_modules/webpack/bin/webpack --config webpack.config.js --progress --profile --color
xx [webpack-cli] [31mFailed to load '/Users/veland/Downloads/vortex/extensions/mtframework-arc-support/webpack.config.js' config[39m
xx [webpack-cli] [31mError: Cannot find module '/Users/veland/Downloads/vortex/extensions/mtframework-arc-support/node_modules/vortex-api/lib/index.js'. Please verify that the package.json has a valid "main" entry
xx     at tryPackage (node:internal/modules/cjs/loader:489:19)
xx     at Module._findPath (node:internal/modules/cjs/loader:763:18)
xx     at Module._resolveFilename (node:internal/modules/cjs/loader:1198:27)
xx     at Module._load (node:internal/modules/cjs/loader:1043:27)
xx     at Module.require (node:internal/modules/cjs/loader:1298:19)
xx     at require (node:internal/modules/helpers:182:18)
xx     at Object.<anonymous> (/Users/veland/Downloads/vortex/extensions/mtframework-arc-support/webpack.config.js:1:23)
xx     at Module._compile (node:internal/modules/cjs/loader:1529:14)
xx     at Module._extensions..js (node:internal/modules/cjs/loader:1613:10)
xx     at Module.load (node:internal/modules/cjs/loader:1275:32) {
xx   code: 'MODULE_NOT_FOUND',
xx   path: '/Users/veland/Downloads/vortex/extensions/mtframework-arc-support/node_modules/vortex-api/package.json',
xx   requestPath: 'vortex-api'
xx }[39m
xx error Command failed with exit code 2.
-- info Visit https://yarnpkg.com/en/docs/cli/run for documentation about this command.
(mtframework-arc-support) extensions/mtframework-arc-support/yarn run build finished with code 2
failed  mtframework-arc-support Error: run,build failed with code 2
    at ChildProcess.<anonymous> (/Users/veland/Downloads/vortex/BuildSubprojects.js:101:18)
    at ChildProcess.emit (node:events:524:28)
    at maybeClose (node:internal/child_process:1104:16)
    at ChildProcess._handle.onexit (node:internal/child_process:304:5)
-- started: extensions/modtype-dinput/yarn install
-- copying files
-- yarn install v1.22.5
-- [1/4] Resolving packages...
-- success Already up-to-date.
-- Done in 0.54s.
-- started: extensions/modtype-dinput/yarn run build
-- yarn run v1.22.5
-- $ npm run webpack && extractInfo
-- > modtype-dinput@0.1.0 webpack
-- > node ./node_modules/webpack/bin/webpack --config webpack.config.js --progress --profile --color
xx [webpack-cli] [31mFailed to load '/Users/veland/Downloads/vortex/extensions/modtype-dinput/webpack.config.js' config[39m
xx [webpack-cli] [31mError: Cannot find module '/Users/veland/Downloads/vortex/extensions/modtype-dinput/node_modules/vortex-api/lib/index.js'. Please verify that the package.json has a valid "main" entry
xx     at tryPackage (node:internal/modules/cjs/loader:489:19)
xx     at Module._findPath (node:internal/modules/cjs/loader:763:18)
xx     at Module._resolveFilename (node:internal/modules/cjs/loader:1198:27)
xx     at Module._load (node:internal/modules/cjs/loader:1043:27)
xx     at Module.require (node:internal/modules/cjs/loader:1298:19)
xx     at require (node:internal/modules/helpers:182:18)
xx     at Object.<anonymous> (/Users/veland/Downloads/vortex/extensions/modtype-dinput/webpack.config.js:1:23)
xx     at Module._compile (node:internal/modules/cjs/loader:1529:14)
xx     at Module._extensions..js (node:internal/modules/cjs/loader:1613:10)
xx     at Module.load (node:internal/modules/cjs/loader:1275:32) {
xx   code: 'MODULE_NOT_FOUND',
xx   path: '/Users/veland/Downloads/vortex/extensions/modtype-dinput/node_modules/vortex-api/package.json',
xx   requestPath: 'vortex-api'
xx }[39m
xx error Command failed with exit code 2.
-- info Visit https://yarnpkg.com/en/docs/cli/run for documentation about this command.
(modtype-dinput) extensions/modtype-dinput/yarn run build finished with code 2
failed  modtype-dinput Error: run,build failed with code 2
    at ChildProcess.<anonymous> (/Users/veland/Downloads/vortex/BuildSubprojects.js:101:18)
    at ChildProcess.emit (node:events:524:28)
    at maybeClose (node:internal/child_process:1104:16)
    at Socket.<anonymous> (node:internal/child_process:456:11)
    at Socket.emit (node:events:524:28)
    at Pipe.<anonymous> (node:net:343:12)
-- started: extensions/changelog-dashlet/yarn install
-- copying files
-- yarn install v1.22.5
-- [1/4] Resolving packages...
-- success Already up-to-date.
-- Done in 0.57s.
-- started: extensions/changelog-dashlet/yarn run build
-- yarn run v1.22.5
-- $ npm run webpack && npm run copy_scss && extractInfo
-- > changelog-dashlet@0.0.5 webpack
-- > node ./node_modules/webpack/bin/webpack --config webpack.config.js --progress --profile --color
xx [webpack-cli] [31mFailed to load '/Users/veland/Downloads/vortex/extensions/changelog-dashlet/webpack.config.js' config[39m
xx [webpack-cli] [31mError: Cannot find module '/Users/veland/Downloads/vortex/extensions/changelog-dashlet/node_modules/vortex-api/lib/index.js'. Please verify that the package.json has a valid "main" entry
xx     at tryPackage (node:internal/modules/cjs/loader:489:19)
xx     at Module._findPath (node:internal/modules/cjs/loader:763:18)
xx     at Module._resolveFilename (node:internal/modules/cjs/loader:1198:27)
xx     at Module._load (node:internal/modules/cjs/loader:1043:27)
xx     at Module.require (node:internal/modules/cjs/loader:1298:19)
xx     at require (node:internal/modules/helpers:182:18)
xx     at Object.<anonymous> (/Users/veland/Downloads/vortex/extensions/changelog-dashlet/webpack.config.js:2:23)
xx     at Module._compile (node:internal/modules/cjs/loader:1529:14)
xx     at Module._extensions..js (node:internal/modules/cjs/loader:1613:10)
xx     at Module.load (node:internal/modules/cjs/loader:1275:32) {
xx   code: 'MODULE_NOT_FOUND',
xx   path: '/Users/veland/Downloads/vortex/extensions/changelog-dashlet/node_modules/vortex-api/package.json',
xx   requestPath: 'vortex-api'
xx }[39m
xx error Command failed with exit code 2.
-- info Visit https://yarnpkg.com/en/docs/cli/run for documentation about this command.
(changelog-dashlet) extensions/changelog-dashlet/yarn run build finished with code 2
failed  changelog-dashlet Error: run,build failed with code 2
    at ChildProcess.<anonymous> (/Users/veland/Downloads/vortex/BuildSubprojects.js:101:18)
    at ChildProcess.emit (node:events:524:28)
    at maybeClose (node:internal/child_process:1104:16)
    at ChildProcess._handle.onexit (node:internal/child_process:304:5)
-- started: extensions/modtype-dazip/yarn install
-- copying files
-- yarn install v1.22.5
-- [1/4] Resolving packages...
-- success Already up-to-date.
-- Done in 0.68s.
-- started: extensions/modtype-dazip/yarn run build
-- yarn run v1.22.5
-- $ npm run webpack && extractInfo
-- > modtype-dazip@1.0.0 webpack
-- > node ./node_modules/webpack/bin/webpack --config webpack.config.js --progress --profile --color
xx [webpack-cli] [31mFailed to load '/Users/veland/Downloads/vortex/extensions/modtype-dazip/webpack.config.js' config[39m
xx [webpack-cli] [31mError: Cannot find module '/Users/veland/Downloads/vortex/extensions/modtype-dazip/node_modules/vortex-api/lib/index.js'. Please verify that the package.json has a valid "main" entry
xx     at tryPackage (node:internal/modules/cjs/loader:489:19)
xx     at Module._findPath (node:internal/modules/cjs/loader:763:18)
xx     at Module._resolveFilename (node:internal/modules/cjs/loader:1198:27)
xx     at Module._load (node:internal/modules/cjs/loader:1043:27)
xx     at Module.require (node:internal/modules/cjs/loader:1298:19)
xx     at require (node:internal/modules/helpers:182:18)
xx     at Object.<anonymous> (/Users/veland/Downloads/vortex/extensions/modtype-dazip/webpack.config.js:1:23)
xx     at Module._compile (node:internal/modules/cjs/loader:1529:14)
xx     at Module._extensions..js (node:internal/modules/cjs/loader:1613:10)
xx     at Module.load (node:internal/modules/cjs/loader:1275:32) {
xx   code: 'MODULE_NOT_FOUND',
xx   path: '/Users/veland/Downloads/vortex/extensions/modtype-dazip/node_modules/vortex-api/package.json',
xx   requestPath: 'vortex-api'
xx }[39m
xx error Command failed with exit code 2.
-- info Visit https://yarnpkg.com/en/docs/cli/run for documentation about this command.
(modtype-dragonage) extensions/modtype-dazip/yarn run build finished with code 2
failed  modtype-dragonage Error: run,build failed with code 2
    at ChildProcess.<anonymous> (/Users/veland/Downloads/vortex/BuildSubprojects.js:101:18)
    at ChildProcess.emit (node:events:524:28)
    at maybeClose (node:internal/child_process:1104:16)
    at Socket.<anonymous> (node:internal/child_process:456:11)
    at Socket.emit (node:events:524:28)
    at Pipe.<anonymous> (node:net:343:12)
-- started: extensions/feedback/yarn install
-- copying files
-- yarn install v1.22.5
-- [1/4] Resolving packages...
-- success Already up-to-date.
-- Done in 0.55s.
-- started: extensions/feedback/yarn run build
-- yarn run v1.22.5
-- $ npm run webpack && extractInfo && copyfiles -f src/stylesheets/feedback.scss dist && copyfiles -f issues.json dist
-- > feedback@0.0.1 webpack
-- > node ./node_modules/webpack/bin/webpack --config webpack.config.js --progress --profile --color
xx [webpack-cli] [31mFailed to load '/Users/veland/Downloads/vortex/extensions/feedback/webpack.config.js' config[39m
xx [webpack-cli] [31mError: Cannot find module '/Users/veland/Downloads/vortex/extensions/feedback/node_modules/vortex-api/lib/index.js'. Please verify that the package.json has a valid "main" entry
xx     at tryPackage (node:internal/modules/cjs/loader:489:19)
xx     at Module._findPath (node:internal/modules/cjs/loader:763:18)
xx     at Module._resolveFilename (node:internal/modules/cjs/loader:1198:27)
xx     at Module._load (node:internal/modules/cjs/loader:1043:27)
xx     at Module.require (node:internal/modules/cjs/loader:1298:19)
xx     at require (node:internal/modules/helpers:182:18)
xx     at Object.<anonymous> (/Users/veland/Downloads/vortex/extensions/feedback/webpack.config.js:1:23)
xx     at Module._compile (node:internal/modules/cjs/loader:1529:14)
xx     at Module._extensions..js (node:internal/modules/cjs/loader:1613:10)
xx     at Module.load (node:internal/modules/cjs/loader:1275:32) {
xx   code: 'MODULE_NOT_FOUND',
xx   path: '/Users/veland/Downloads/vortex/extensions/feedback/node_modules/vortex-api/package.json',
xx   requestPath: 'vortex-api'
xx }[39m
xx error Command failed with exit code 2.
-- info Visit https://yarnpkg.com/en/docs/cli/run for documentation about this command.
(feedback) extensions/feedback/yarn run build finished with code 2
failed  feedback Error: run,build failed with code 2
    at ChildProcess.<anonymous> (/Users/veland/Downloads/vortex/BuildSubprojects.js:101:18)
    at ChildProcess.emit (node:events:524:28)
    at maybeClose (node:internal/child_process:1104:16)
    at ChildProcess._handle.onexit (node:internal/child_process:304:5)
-- started: extensions/script-extender-error-check/yarn install
-- copying files
-- yarn install v1.22.5
-- [1/4] Resolving packages...
-- success Already up-to-date.
-- Done in 0.52s.
-- started: extensions/script-extender-error-check/yarn run build
-- yarn run v1.22.5
-- $ npm run webpack && copyfiles -f src/style.scss dist && extractInfo
-- > script-extender-error-check@0.1.1 webpack
-- > webpack --config webpack.config.js --progress --profile --color
xx [webpack-cli] [31mFailed to load '/Users/veland/Downloads/vortex/extensions/script-extender-error-check/webpack.config.js' config[39m
xx [webpack-cli] [31mError: Cannot find module '/Users/veland/Downloads/vortex/extensions/script-extender-error-check/node_modules/vortex-api/lib/index.js'. Please verify that the package.json has a valid "main" entry
xx     at tryPackage (node:internal/modules/cjs/loader:489:19)
xx     at Module._findPath (node:internal/modules/cjs/loader:763:18)
xx     at Module._resolveFilename (node:internal/modules/cjs/loader:1198:27)
xx     at Module._load (node:internal/modules/cjs/loader:1043:27)
xx     at Module.require (node:internal/modules/cjs/loader:1298:19)
xx     at require (node:internal/modules/helpers:182:18)
xx     at Object.<anonymous> (/Users/veland/Downloads/vortex/extensions/script-extender-error-check/webpack.config.js:1:23)
xx     at Module._compile (node:internal/modules/cjs/loader:1529:14)
xx     at Module._extensions..js (node:internal/modules/cjs/loader:1613:10)
xx     at Module.load (node:internal/modules/cjs/loader:1275:32) {
xx   code: 'MODULE_NOT_FOUND',
xx   path: '/Users/veland/Downloads/vortex/extensions/script-extender-error-check/node_modules/vortex-api/package.json',
xx   requestPath: 'vortex-api'
xx }[39m
xx error Command failed with exit code 2.
-- info Visit https://yarnpkg.com/en/docs/cli/run for documentation about this command.
(script-extender-error-check) extensions/script-extender-error-check/yarn run build finished with code 2
failed  script-extender-error-check Error: run,build failed with code 2
    at ChildProcess.<anonymous> (/Users/veland/Downloads/vortex/BuildSubprojects.js:101:18)
    at ChildProcess.emit (node:events:524:28)
    at maybeClose (node:internal/child_process:1104:16)
    at Socket.<anonymous> (node:internal/child_process:456:11)
    at Socket.emit (node:events:524:28)
    at Pipe.<anonymous> (node:net:343:12)
-- started: extensions/gamebryo-ba2-support/yarn install
-- copying files
-- yarn install v1.22.5
-- [1/4] Resolving packages...
-- success Already up-to-date.
-- Done in 0.54s.
-- started: extensions/gamebryo-ba2-support/yarn run build
-- yarn run v1.22.5
-- $ npm run tsc && npm run webpack && npm run copy_ba2tk && extractInfo
-- > gamebryo-ba2-support@0.0.1 tsc
-- > tsc -p .
-- > gamebryo-ba2-support@0.0.1 webpack
-- > node ./node_modules/webpack/bin/webpack --config webpack.config.js --progress --profile --color
xx [webpack-cli] [31mFailed to load '/Users/veland/Downloads/vortex/extensions/gamebryo-ba2-support/webpack.config.js' config[39m
xx [webpack-cli] [31mError: Cannot find module '/Users/veland/Downloads/vortex/extensions/gamebryo-ba2-support/node_modules/vortex-api/lib/index.js'. Please verify that the package.json has a valid "main" entry
xx     at tryPackage (node:internal/modules/cjs/loader:489:19)
xx     at Module._findPath (node:internal/modules/cjs/loader:763:18)
xx     at Module._resolveFilename (node:internal/modules/cjs/loader:1198:27)
xx     at Module._load (node:internal/modules/cjs/loader:1043:27)
xx     at Module.require (node:internal/modules/cjs/loader:1298:19)
xx     at require (node:internal/modules/helpers:182:18)
xx     at Object.<anonymous> (/Users/veland/Downloads/vortex/extensions/gamebryo-ba2-support/webpack.config.js:1:23)
xx     at Module._compile (node:internal/modules/cjs/loader:1529:14)
xx     at Module._extensions..js (node:internal/modules/cjs/loader:1613:10)
xx     at Module.load (node:internal/modules/cjs/loader:1275:32) {
xx   code: 'MODULE_NOT_FOUND',
xx   path: '/Users/veland/Downloads/vortex/extensions/gamebryo-ba2-support/node_modules/vortex-api/package.json',
xx   requestPath: 'vortex-api'
xx }[39m
xx error Command failed with exit code 2.
-- info Visit https://yarnpkg.com/en/docs/cli/run for documentation about this command.
(gamebryo-ba2-support) extensions/gamebryo-ba2-support/yarn run build finished with code 2
failed  gamebryo-ba2-support Error: run,build failed with code 2
    at ChildProcess.<anonymous> (/Users/veland/Downloads/vortex/BuildSubprojects.js:101:18)
    at ChildProcess.emit (node:events:524:28)
    at maybeClose (node:internal/child_process:1104:16)
    at Socket.<anonymous> (node:internal/child_process:456:11)
    at Socket.emit (node:events:524:28)
    at Pipe.<anonymous> (node:net:343:12)
-- started: extensions/modtype-bepinex/yarn install
-- copying files
-- yarn install v1.22.5
-- [1/4] Resolving packages...
-- success Already up-to-date.
-- Done in 0.50s.
-- started: extensions/modtype-bepinex/yarn run build
-- yarn run v1.22.5
-- $ npm run webpack && extractInfo && npm run copyassets
-- > modtype-bepinex@0.2.9 webpack
-- > node ./node_modules/webpack/bin/webpack --config webpack.config.js --progress --profile --color
xx [webpack-cli] [31mFailed to load '/Users/veland/Downloads/vortex/extensions/modtype-bepinex/webpack.config.js' config[39m
xx [webpack-cli] [31mError: Cannot find module '/Users/veland/Downloads/vortex/extensions/modtype-bepinex/node_modules/vortex-api/lib/index.js'. Please verify that the package.json has a valid "main" entry
xx     at tryPackage (node:internal/modules/cjs/loader:489:19)
xx     at Module._findPath (node:internal/modules/cjs/loader:763:18)
xx     at Module._resolveFilename (node:internal/modules/cjs/loader:1198:27)
xx     at Module._load (node:internal/modules/cjs/loader:1043:27)
xx     at Module.require (node:internal/modules/cjs/loader:1298:19)
xx     at require (node:internal/modules/helpers:182:18)
xx     at Object.<anonymous> (/Users/veland/Downloads/vortex/extensions/modtype-bepinex/webpack.config.js:1:23)
xx     at Module._compile (node:internal/modules/cjs/loader:1529:14)
xx     at Module._extensions..js (node:internal/modules/cjs/loader:1613:10)
xx     at Module.load (node:internal/modules/cjs/loader:1275:32) {
xx   code: 'MODULE_NOT_FOUND',
xx   path: '/Users/veland/Downloads/vortex/extensions/modtype-bepinex/node_modules/vortex-api/package.json',
xx   requestPath: 'vortex-api'
xx }[39m
xx error Command failed with exit code 2.
-- info Visit https://yarnpkg.com/en/docs/cli/run for documentation about this command.
(modtype-bepinex) extensions/modtype-bepinex/yarn run build finished with code 2
failed  modtype-bepinex Error: run,build failed with code 2
    at ChildProcess.<anonymous> (/Users/veland/Downloads/vortex/BuildSubprojects.js:101:18)
    at ChildProcess.emit (node:events:524:28)
    at maybeClose (node:internal/child_process:1104:16)
    at Socket.<anonymous> (node:internal/child_process:456:11)
    at Socket.emit (node:events:524:28)
    at Pipe.<anonymous> (node:net:343:12)
-- started: extensions/mod-highlight/yarn install
-- copying files
-- yarn install v1.22.5
-- [1/4] Resolving packages...
-- success Already up-to-date.
-- Done in 0.56s.
-- started: extensions/mod-highlight/yarn run build
-- yarn run v1.22.5
-- $ npm run webpack && copyfiles -f src/stylesheets/mod-highlight.scss dist && extractInfo
-- > mod-highlight@0.1.0 webpack
-- > node ./node_modules/webpack/bin/webpack --config webpack.config.js --progress --profile --color
xx [webpack-cli] [31mFailed to load '/Users/veland/Downloads/vortex/extensions/mod-highlight/webpack.config.js' config[39m
xx [webpack-cli] [31mError: Cannot find module '/Users/veland/Downloads/vortex/extensions/mod-highlight/node_modules/vortex-api/lib/index.js'. Please verify that the package.json has a valid "main" entry
xx     at tryPackage (node:internal/modules/cjs/loader:489:19)
xx     at Module._findPath (node:internal/modules/cjs/loader:763:18)
xx     at Module._resolveFilename (node:internal/modules/cjs/loader:1198:27)
xx     at Module._load (node:internal/modules/cjs/loader:1043:27)
xx     at Module.require (node:internal/modules/cjs/loader:1298:19)
xx     at require (node:internal/modules/helpers:182:18)
xx     at Object.<anonymous> (/Users/veland/Downloads/vortex/extensions/mod-highlight/webpack.config.js:1:23)
xx     at Module._compile (node:internal/modules/cjs/loader:1529:14)
xx     at Module._extensions..js (node:internal/modules/cjs/loader:1613:10)
xx     at Module.load (node:internal/modules/cjs/loader:1275:32) {
xx   code: 'MODULE_NOT_FOUND',
xx   path: '/Users/veland/Downloads/vortex/extensions/mod-highlight/node_modules/vortex-api/package.json',
xx   requestPath: 'vortex-api'
xx }[39m
xx error Command failed with exit code 2.
-- info Visit https://yarnpkg.com/en/docs/cli/run for documentation about this command.
(mod-highlight) extensions/mod-highlight/yarn run build finished with code 2
failed  mod-highlight Error: run,build failed with code 2
    at ChildProcess.<anonymous> (/Users/veland/Downloads/vortex/BuildSubprojects.js:101:18)
    at ChildProcess.emit (node:events:524:28)
    at maybeClose (node:internal/child_process:1104:16)
    at ChildProcess._handle.onexit (node:internal/child_process:304:5)
-- started: extensions/modtype-gedosato/yarn install
-- copying files
-- yarn install v1.22.5
-- [1/4] Resolving packages...
-- success Already up-to-date.
-- Done in 0.55s.
-- started: extensions/modtype-gedosato/yarn run build
-- yarn run v1.22.5
-- $ npm run webpack && extractInfo
-- > modtype-gedosato@0.0.1 webpack
-- > node ./node_modules/webpack/bin/webpack --config webpack.config.js --progress --profile --color
xx [webpack-cli] [31mFailed to load '/Users/veland/Downloads/vortex/extensions/modtype-gedosato/webpack.config.js' config[39m
xx [webpack-cli] [31mError: Cannot find module '/Users/veland/Downloads/vortex/extensions/modtype-gedosato/node_modules/vortex-api/lib/index.js'. Please verify that the package.json has a valid "main" entry
xx     at tryPackage (node:internal/modules/cjs/loader:489:19)
xx     at Module._findPath (node:internal/modules/cjs/loader:763:18)
xx     at Module._resolveFilename (node:internal/modules/cjs/loader:1198:27)
xx     at Module._load (node:internal/modules/cjs/loader:1043:27)
xx     at Module.require (node:internal/modules/cjs/loader:1298:19)
xx     at require (node:internal/modules/helpers:182:18)
xx     at Object.<anonymous> (/Users/veland/Downloads/vortex/extensions/modtype-gedosato/webpack.config.js:1:23)
xx     at Module._compile (node:internal/modules/cjs/loader:1529:14)
xx     at Module._extensions..js (node:internal/modules/cjs/loader:1613:10)
xx     at Module.load (node:internal/modules/cjs/loader:1275:32) {
xx   code: 'MODULE_NOT_FOUND',
xx   path: '/Users/veland/Downloads/vortex/extensions/modtype-gedosato/node_modules/vortex-api/package.json',
xx   requestPath: 'vortex-api'
xx }[39m
xx error Command failed with exit code 2.
-- info Visit https://yarnpkg.com/en/docs/cli/run for documentation about this command.
(modtype-gedosato) extensions/modtype-gedosato/yarn run build finished with code 2
failed  modtype-gedosato Error: run,build failed with code 2
    at ChildProcess.<anonymous> (/Users/veland/Downloads/vortex/BuildSubprojects.js:101:18)
    at ChildProcess.emit (node:events:524:28)
    at maybeClose (node:internal/child_process:1104:16)
    at Socket.<anonymous> (node:internal/child_process:456:11)
    at Socket.emit (node:events:524:28)
    at Pipe.<anonymous> (node:net:343:12)
-- started: extensions/titlebar-launcher/yarn install
-- copying files
-- yarn install v1.22.5
-- [1/4] Resolving packages...
-- success Already up-to-date.
-- Done in 0.60s.
-- started: extensions/titlebar-launcher/yarn run build
-- yarn run v1.22.5
-- $ npm run webpack && copyfiles -f titlebar-launcher.scss dist && copyfiles -f src/images/* dist && extractInfo
-- > titlebar-launcher@1.0.6 webpack
-- > webpack --config webpack.config.js --progress --profile --color
xx [webpack-cli] [31mFailed to load '/Users/veland/Downloads/vortex/extensions/titlebar-launcher/webpack.config.js' config[39m
xx [webpack-cli] [31mError: Cannot find module '/Users/veland/Downloads/vortex/extensions/titlebar-launcher/node_modules/vortex-api/lib/index.js'. Please verify that the package.json has a valid "main" entry
xx     at tryPackage (node:internal/modules/cjs/loader:489:19)
xx     at Module._findPath (node:internal/modules/cjs/loader:763:18)
xx     at Module._resolveFilename (node:internal/modules/cjs/loader:1198:27)
xx     at Module._load (node:internal/modules/cjs/loader:1043:27)
xx     at Module.require (node:internal/modules/cjs/loader:1298:19)
xx     at require (node:internal/modules/helpers:182:18)
xx     at Object.<anonymous> (/Users/veland/Downloads/vortex/extensions/titlebar-launcher/webpack.config.js:1:23)
xx     at Module._compile (node:internal/modules/cjs/loader:1529:14)
xx     at Module._extensions..js (node:internal/modules/cjs/loader:1613:10)
xx     at Module.load (node:internal/modules/cjs/loader:1275:32) {
xx   code: 'MODULE_NOT_FOUND',
xx   path: '/Users/veland/Downloads/vortex/extensions/titlebar-launcher/node_modules/vortex-api/package.json',
xx   requestPath: 'vortex-api'
xx }[39m
xx error Command failed with exit code 2.
-- info Visit https://yarnpkg.com/en/docs/cli/run for documentation about this command.
(titlebar-launcher) extensions/titlebar-launcher/yarn run build finished with code 2
failed  titlebar-launcher Error: run,build failed with code 2
    at ChildProcess.<anonymous> (/Users/veland/Downloads/vortex/BuildSubprojects.js:101:18)
    at ChildProcess.emit (node:events:524:28)
    at maybeClose (node:internal/child_process:1104:16)
    at ChildProcess._handle.onexit (node:internal/child_process:304:5)
-- started: extensions/issue-tracker/yarn install
-- copying files
-- yarn install v1.22.5
-- [1/4] Resolving packages...
-- success Already up-to-date.
-- Done in 0.87s.
-- started: extensions/issue-tracker/yarn run build
-- yarn run v1.22.5
-- $ npm run webpack && npm run copy_scss && extractInfo
-- > issue-tracker@0.1.4 webpack
-- > node ./node_modules/webpack/bin/webpack --config webpack.config.js --progress --profile --color
xx [webpack-cli] [31mFailed to load '/Users/veland/Downloads/vortex/extensions/issue-tracker/webpack.config.js' config[39m
xx [webpack-cli] [31mError: Cannot find module '/Users/veland/Downloads/vortex/extensions/issue-tracker/node_modules/vortex-api/lib/index.js'. Please verify that the package.json has a valid "main" entry
xx     at tryPackage (node:internal/modules/cjs/loader:489:19)
xx     at Module._findPath (node:internal/modules/cjs/loader:763:18)
xx     at Module._resolveFilename (node:internal/modules/cjs/loader:1198:27)
xx     at Module._load (node:internal/modules/cjs/loader:1043:27)
xx     at Module.require (node:internal/modules/cjs/loader:1298:19)
xx     at require (node:internal/modules/helpers:182:18)
xx     at Object.<anonymous> (/Users/veland/Downloads/vortex/extensions/issue-tracker/webpack.config.js:2:23)
xx     at Module._compile (node:internal/modules/cjs/loader:1529:14)
xx     at Module._extensions..js (node:internal/modules/cjs/loader:1613:10)
xx     at Module.load (node:internal/modules/cjs/loader:1275:32) {
xx   code: 'MODULE_NOT_FOUND',
xx   path: '/Users/veland/Downloads/vortex/extensions/issue-tracker/node_modules/vortex-api/package.json',
xx   requestPath: 'vortex-api'
xx }[39m
xx error Command failed with exit code 2.
-- info Visit https://yarnpkg.com/en/docs/cli/run for documentation about this command.
(issue-tracker) extensions/issue-tracker/yarn run build finished with code 2
failed  issue-tracker Error: run,build failed with code 2
    at ChildProcess.<anonymous> (/Users/veland/Downloads/vortex/BuildSubprojects.js:101:18)
    at ChildProcess.emit (node:events:524:28)
    at maybeClose (node:internal/child_process:1104:16)
    at Socket.<anonymous> (node:internal/child_process:456:11)
    at Socket.emit (node:events:524:28)
    at Pipe.<anonymous> (node:net:343:12)
-- started: extensions/collections/yarn install
-- copying files
-- yarn install v1.22.5
-- [1/4] Resolving packages...
-- success Already up-to-date.
-- Done in 0.88s.
-- started: extensions/collections/yarn run build
-- yarn run v1.22.5
-- $ npm run webpack && npm run copy_assets && extractInfo
-- > collections@0.1.17 webpack
-- > node ./node_modules/webpack/bin/webpack --config webpack.config.js --progress --profile --color
xx [webpack-cli] [31mFailed to load '/Users/veland/Downloads/vortex/extensions/collections/webpack.config.js' config[39m
xx [webpack-cli] [31mError: Cannot find module '/Users/veland/Downloads/vortex/extensions/collections/node_modules/vortex-api/lib/index.js'. Please verify that the package.json has a valid "main" entry
xx     at tryPackage (node:internal/modules/cjs/loader:489:19)
xx     at Module._findPath (node:internal/modules/cjs/loader:763:18)
xx     at Module._resolveFilename (node:internal/modules/cjs/loader:1198:27)
xx     at Module._load (node:internal/modules/cjs/loader:1043:27)
xx     at Module.require (node:internal/modules/cjs/loader:1298:19)
xx     at require (node:internal/modules/helpers:182:18)
xx     at Object.<anonymous> (/Users/veland/Downloads/vortex/extensions/collections/webpack.config.js:2:23)
xx     at Module._compile (node:internal/modules/cjs/loader:1529:14)
xx     at Module._extensions..js (node:internal/modules/cjs/loader:1613:10)
xx     at Module.load (node:internal/modules/cjs/loader:1275:32) {
xx   code: 'MODULE_NOT_FOUND',
xx   path: '/Users/veland/Downloads/vortex/extensions/collections/node_modules/vortex-api/package.json',
xx   requestPath: 'vortex-api'
xx }[39m
xx error Command failed with exit code 2.
-- info Visit https://yarnpkg.com/en/docs/cli/run for documentation about this command.
(collections) extensions/collections/yarn run build finished with code 2
failed  collections Error: run,build failed with code 2
    at ChildProcess.<anonymous> (/Users/veland/Downloads/vortex/BuildSubprojects.js:101:18)
    at ChildProcess.emit (node:events:524:28)
    at maybeClose (node:internal/child_process:1104:16)
    at Socket.<anonymous> (node:internal/child_process:456:11)
    at Socket.emit (node:events:524:28)
    at Pipe.<anonymous> (node:net:343:12)
-- started: extensions/local-gamesettings/yarn install
-- copying files
-- yarn install v1.22.5
-- [1/4] Resolving packages...
-- success Already up-to-date.
-- Done in 0.78s.
-- started: extensions/local-gamesettings/yarn run build
-- yarn run v1.22.5
-- $ npm run webpack && extractInfo
-- > local-gamesettings@0.1.4 webpack
-- > node ./node_modules/webpack/bin/webpack --config webpack.config.js --progress --profile --color
xx [webpack-cli] [31mFailed to load '/Users/veland/Downloads/vortex/extensions/local-gamesettings/webpack.config.js' config[39m
xx [webpack-cli] [31mError: Cannot find module '/Users/veland/Downloads/vortex/extensions/local-gamesettings/node_modules/vortex-api/lib/index.js'. Please verify that the package.json has a valid "main" entry
xx     at tryPackage (node:internal/modules/cjs/loader:489:19)
xx     at Module._findPath (node:internal/modules/cjs/loader:763:18)
xx     at Module._resolveFilename (node:internal/modules/cjs/loader:1198:27)
xx     at Module._load (node:internal/modules/cjs/loader:1043:27)
xx     at Module.require (node:internal/modules/cjs/loader:1298:19)
xx     at require (node:internal/modules/helpers:182:18)
xx     at Object.<anonymous> (/Users/veland/Downloads/vortex/extensions/local-gamesettings/webpack.config.js:1:23)
xx     at Module._compile (node:internal/modules/cjs/loader:1529:14)
xx     at Module._extensions..js (node:internal/modules/cjs/loader:1613:10)
xx     at Module.load (node:internal/modules/cjs/loader:1275:32) {
xx   code: 'MODULE_NOT_FOUND',
xx   path: '/Users/veland/Downloads/vortex/extensions/local-gamesettings/node_modules/vortex-api/package.json',
xx   requestPath: 'vortex-api'
xx }[39m
xx error Command failed with exit code 2.
-- info Visit https://yarnpkg.com/en/docs/cli/run for documentation about this command.
(local-gamesettings) extensions/local-gamesettings/yarn run build finished with code 2
failed  local-gamesettings Error: run,build failed with code 2
    at ChildProcess.<anonymous> (/Users/veland/Downloads/vortex/BuildSubprojects.js:101:18)
    at ChildProcess.emit (node:events:524:28)
    at maybeClose (node:internal/child_process:1104:16)
    at ChildProcess._handle.onexit (node:internal/child_process:304:5)
-- started: extensions/quickbms-support/yarn install
-- copying files
-- yarn install v1.22.5
-- [1/4] Resolving packages...
-- success Already up-to-date.
-- Done in 0.36s.
-- started: extensions/quickbms-support/yarn run build
-- yarn run v1.22.5
-- $ npm run webpack && node download_dependencies.js && extractInfo
-- > quickbms-support@0.2.5 webpack
-- > node ./node_modules/webpack/bin/webpack --config webpack.config.js --progress --profile --color
xx [webpack-cli] [31mFailed to load '/Users/veland/Downloads/vortex/extensions/quickbms-support/webpack.config.js' config[39m
xx [webpack-cli] [31mError: Cannot find module '/Users/veland/Downloads/vortex/extensions/quickbms-support/node_modules/vortex-api/lib/index.js'. Please verify that the package.json has a valid "main" entry
xx     at tryPackage (node:internal/modules/cjs/loader:489:19)
xx     at Module._findPath (node:internal/modules/cjs/loader:763:18)
xx     at Module._resolveFilename (node:internal/modules/cjs/loader:1198:27)
xx     at Module._load (node:internal/modules/cjs/loader:1043:27)
xx     at Module.require (node:internal/modules/cjs/loader:1298:19)
xx     at require (node:internal/modules/helpers:182:18)
xx     at Object.<anonymous> (/Users/veland/Downloads/vortex/extensions/quickbms-support/webpack.config.js:2:23)
xx     at Module._compile (node:internal/modules/cjs/loader:1529:14)
xx     at Module._extensions..js (node:internal/modules/cjs/loader:1613:10)
xx     at Module.load (node:internal/modules/cjs/loader:1275:32) {
xx   code: 'MODULE_NOT_FOUND',
xx   path: '/Users/veland/Downloads/vortex/extensions/quickbms-support/node_modules/vortex-api/package.json',
xx   requestPath: 'vortex-api'
xx }[39m
xx error Command failed with exit code 2.
-- info Visit https://yarnpkg.com/en/docs/cli/run for documentation about this command.
(quickbms-support) extensions/quickbms-support/yarn run build finished with code 2
failed  quickbms-support Error: run,build failed with code 2
    at ChildProcess.<anonymous> (/Users/veland/Downloads/vortex/BuildSubprojects.js:101:18)
    at ChildProcess.emit (node:events:524:28)
    at maybeClose (node:internal/child_process:1104:16)
    at ChildProcess._handle.onexit (node:internal/child_process:304:5)
-- started: extensions/open-directory/yarn install
-- copying files
-- yarn install v1.22.5
-- [1/4] Resolving packages...
-- success Already up-to-date.
-- Done in 0.68s.
-- started: extensions/open-directory/yarn run build
-- yarn run v1.22.5
-- $ npm run webpack && extractInfo
-- > open-directory@0.1.3 webpack
-- > node ./node_modules/webpack/bin/webpack --config webpack.config.js --progress --profile --color
xx [webpack-cli] [31mFailed to load '/Users/veland/Downloads/vortex/extensions/open-directory/webpack.config.js' config[39m
xx [webpack-cli] [31mError: Cannot find module '/Users/veland/Downloads/vortex/extensions/open-directory/node_modules/vortex-api/lib/index.js'. Please verify that the package.json has a valid "main" entry
xx     at tryPackage (node:internal/modules/cjs/loader:489:19)
xx     at Module._findPath (node:internal/modules/cjs/loader:763:18)
xx     at Module._resolveFilename (node:internal/modules/cjs/loader:1198:27)
xx     at Module._load (node:internal/modules/cjs/loader:1043:27)
xx     at Module.require (node:internal/modules/cjs/loader:1298:19)
xx     at require (node:internal/modules/helpers:182:18)
xx     at Object.<anonymous> (/Users/veland/Downloads/vortex/extensions/open-directory/webpack.config.js:1:23)
xx     at Module._compile (node:internal/modules/cjs/loader:1529:14)
xx     at Module._extensions..js (node:internal/modules/cjs/loader:1613:10)
xx     at Module.load (node:internal/modules/cjs/loader:1275:32) {
xx   code: 'MODULE_NOT_FOUND',
xx   path: '/Users/veland/Downloads/vortex/extensions/open-directory/node_modules/vortex-api/package.json',
xx   requestPath: 'vortex-api'
xx }[39m
xx error Command failed with exit code 2.
-- info Visit https://yarnpkg.com/en/docs/cli/run for documentation about this command.
(open-directory) extensions/open-directory/yarn run build finished with code 2
failed  open-directory Error: run,build failed with code 2
    at ChildProcess.<anonymous> (/Users/veland/Downloads/vortex/BuildSubprojects.js:101:18)
    at ChildProcess.emit (node:events:524:28)
    at maybeClose (node:internal/child_process:1104:16)
    at ChildProcess._handle.onexit (node:internal/child_process:304:5)
-- started: extensions/gameinfo-steam/yarn install
-- copying files
-- yarn install v1.22.5
-- [1/4] Resolving packages...
-- success Already up-to-date.
-- Done in 0.62s.
-- started: extensions/gameinfo-steam/yarn run build
-- yarn run v1.22.5
-- $ npm run webpack && extractInfo
-- > gameinfo-steam@0.0.1 webpack
-- > node ./node_modules/webpack/bin/webpack --config webpack.config.js --progress --profile --color
xx [webpack-cli] [31mFailed to load '/Users/veland/Downloads/vortex/extensions/gameinfo-steam/webpack.config.js' config[39m
xx [webpack-cli] [31mError: Cannot find module '/Users/veland/Downloads/vortex/extensions/gameinfo-steam/node_modules/vortex-api/lib/index.js'. Please verify that the package.json has a valid "main" entry
xx     at tryPackage (node:internal/modules/cjs/loader:489:19)
xx     at Module._findPath (node:internal/modules/cjs/loader:763:18)
xx     at Module._resolveFilename (node:internal/modules/cjs/loader:1198:27)
xx     at Module._load (node:internal/modules/cjs/loader:1043:27)
xx     at Module.require (node:internal/modules/cjs/loader:1298:19)
xx     at require (node:internal/modules/helpers:182:18)
xx     at Object.<anonymous> (/Users/veland/Downloads/vortex/extensions/gameinfo-steam/webpack.config.js:1:23)
xx     at Module._compile (node:internal/modules/cjs/loader:1529:14)
xx     at Module._extensions..js (node:internal/modules/cjs/loader:1613:10)
xx     at Module.load (node:internal/modules/cjs/loader:1275:32) {
xx   code: 'MODULE_NOT_FOUND',
xx   path: '/Users/veland/Downloads/vortex/extensions/gameinfo-steam/node_modules/vortex-api/package.json',
xx   requestPath: 'vortex-api'
xx }[39m
xx error Command failed with exit code 2.
-- info Visit https://yarnpkg.com/en/docs/cli/run for documentation about this command.
(gameinfo-steam) extensions/gameinfo-steam/yarn run build finished with code 2
failed  gameinfo-steam Error: run,build failed with code 2
    at ChildProcess.<anonymous> (/Users/veland/Downloads/vortex/BuildSubprojects.js:101:18)
    at ChildProcess.emit (node:events:524:28)
    at maybeClose (node:internal/child_process:1104:16)
    at ChildProcess._handle.onexit (node:internal/child_process:304:5)
-- started: extensions/new-file-monitor/yarn install
-- copying files
-- yarn install v1.22.5
-- [1/4] Resolving packages...
-- success Already up-to-date.
-- Done in 0.67s.
-- started: extensions/new-file-monitor/yarn run build
-- yarn run v1.22.5
-- $ npm run webpack && copyfiles -f src/stylesheets/import-tool.scss dist && copyfiles -f src/images/* dist && extractInfo
-- > new-file-monitor@0.1.0 webpack
-- > webpack --config webpack.config.js --progress --profile --color
xx [webpack-cli] [31mFailed to load '/Users/veland/Downloads/vortex/extensions/new-file-monitor/webpack.config.js' config[39m
xx [webpack-cli] [31mError: Cannot find module '/Users/veland/Downloads/vortex/extensions/new-file-monitor/node_modules/vortex-api/lib/index.js'. Please verify that the package.json has a valid "main" entry
xx     at tryPackage (node:internal/modules/cjs/loader:489:19)
xx     at Module._findPath (node:internal/modules/cjs/loader:763:18)
xx     at Module._resolveFilename (node:internal/modules/cjs/loader:1198:27)
xx     at Module._load (node:internal/modules/cjs/loader:1043:27)
xx     at Module.require (node:internal/modules/cjs/loader:1298:19)
xx     at require (node:internal/modules/helpers:182:18)
xx     at Object.<anonymous> (/Users/veland/Downloads/vortex/extensions/new-file-monitor/webpack.config.js:1:23)
xx     at Module._compile (node:internal/modules/cjs/loader:1529:14)
xx     at Module._extensions..js (node:internal/modules/cjs/loader:1613:10)
xx     at Module.load (node:internal/modules/cjs/loader:1275:32) {
xx   code: 'MODULE_NOT_FOUND',
xx   path: '/Users/veland/Downloads/vortex/extensions/new-file-monitor/node_modules/vortex-api/package.json',
xx   requestPath: 'vortex-api'
xx }[39m
xx error Command failed with exit code 2.
-- info Visit https://yarnpkg.com/en/docs/cli/run for documentation about this command.
(new-file-monitor) extensions/new-file-monitor/yarn run build finished with code 2
failed  new-file-monitor Error: run,build failed with code 2
    at ChildProcess.<anonymous> (/Users/veland/Downloads/vortex/BuildSubprojects.js:101:18)
    at ChildProcess.emit (node:events:524:28)
    at maybeClose (node:internal/child_process:1104:16)
    at Socket.<anonymous> (node:internal/child_process:456:11)
    at Socket.emit (node:events:524:28)
    at Pipe.<anonymous> (node:net:343:12)
-- started: extensions/gamestore-xbox/yarn install
-- copying files
-- yarn install v1.22.5
-- [1/4] Resolving packages...
-- success Already up-to-date.
-- Done in 0.83s.
-- started: extensions/gamestore-xbox/yarn run build
-- yarn run v1.22.5
-- $ npm run webpack && extractInfo
-- > gamestore-xbox@0.2.3 webpack
-- > node ./node_modules/webpack/bin/webpack --config webpack.config.js --progress --profile --color
xx [webpack-cli] [31mFailed to load '/Users/veland/Downloads/vortex/extensions/gamestore-xbox/webpack.config.js' config[39m
xx [webpack-cli] [31mError: Cannot find module '/Users/veland/Downloads/vortex/extensions/gamestore-xbox/node_modules/vortex-api/lib/index.js'. Please verify that the package.json has a valid "main" entry
xx     at tryPackage (node:internal/modules/cjs/loader:489:19)
xx     at Module._findPath (node:internal/modules/cjs/loader:763:18)
xx     at Module._resolveFilename (node:internal/modules/cjs/loader:1198:27)
xx     at Module._load (node:internal/modules/cjs/loader:1043:27)
xx     at Module.require (node:internal/modules/cjs/loader:1298:19)
xx     at require (node:internal/modules/helpers:182:18)
xx     at Object.<anonymous> (/Users/veland/Downloads/vortex/extensions/gamestore-xbox/webpack.config.js:1:23)
xx     at Module._compile (node:internal/modules/cjs/loader:1529:14)
xx     at Module._extensions..js (node:internal/modules/cjs/loader:1613:10)
xx     at Module.load (node:internal/modules/cjs/loader:1275:32) {
xx   code: 'MODULE_NOT_FOUND',
xx   path: '/Users/veland/Downloads/vortex/extensions/gamestore-xbox/node_modules/vortex-api/package.json',
xx   requestPath: 'vortex-api'
xx }[39m
xx error Command failed with exit code 2.
-- info Visit https://yarnpkg.com/en/docs/cli/run for documentation about this command.
(gamestore-xbox) extensions/gamestore-xbox/yarn run build finished with code 2
failed  gamestore-xbox Error: run,build failed with code 2
    at ChildProcess.<anonymous> (/Users/veland/Downloads/vortex/BuildSubprojects.js:101:18)
    at ChildProcess.emit (node:events:524:28)
    at maybeClose (node:internal/child_process:1104:16)
    at Socket.<anonymous> (node:internal/child_process:456:11)
    at Socket.emit (node:events:524:28)
    at Pipe.<anonymous> (node:net:343:12)
-- started: extensions/meta-editor/yarn install
-- copying files
-- yarn install v1.22.5
-- [1/4] Resolving packages...
-- success Already up-to-date.
-- Done in 0.75s.
-- started: extensions/meta-editor/yarn run build
-- yarn run v1.22.5
-- $ npm run webpack && copyfiles -f src/stylesheets/metaeditor.scss dist && extractInfo
-- > meta-editor@0.0.1 webpack
-- > node ./node_modules/webpack/bin/webpack --config webpack.config.js --progress --profile --color
xx [webpack-cli] [31mFailed to load '/Users/veland/Downloads/vortex/extensions/meta-editor/webpack.config.js' config[39m
xx [webpack-cli] [31mError: Cannot find module '/Users/veland/Downloads/vortex/extensions/meta-editor/node_modules/vortex-api/lib/index.js'. Please verify that the package.json has a valid "main" entry
xx     at tryPackage (node:internal/modules/cjs/loader:489:19)
xx     at Module._findPath (node:internal/modules/cjs/loader:763:18)
xx     at Module._resolveFilename (node:internal/modules/cjs/loader:1198:27)
xx     at Module._load (node:internal/modules/cjs/loader:1043:27)
xx     at Module.require (node:internal/modules/cjs/loader:1298:19)
xx     at require (node:internal/modules/helpers:182:18)
xx     at Object.<anonymous> (/Users/veland/Downloads/vortex/extensions/meta-editor/webpack.config.js:1:23)
xx     at Module._compile (node:internal/modules/cjs/loader:1529:14)
xx     at Module._extensions..js (node:internal/modules/cjs/loader:1613:10)
xx     at Module.load (node:internal/modules/cjs/loader:1275:32) {
xx   code: 'MODULE_NOT_FOUND',
xx   path: '/Users/veland/Downloads/vortex/extensions/meta-editor/node_modules/vortex-api/package.json',
xx   requestPath: 'vortex-api'
xx }[39m
xx error Command failed with exit code 2.
-- info Visit https://yarnpkg.com/en/docs/cli/run for documentation about this command.
(meta-editor) extensions/meta-editor/yarn run build finished with code 2
failed  meta-editor Error: run,build failed with code 2
    at ChildProcess.<anonymous> (/Users/veland/Downloads/vortex/BuildSubprojects.js:101:18)
    at ChildProcess.emit (node:events:524:28)
    at maybeClose (node:internal/child_process:1104:16)
    at Socket.<anonymous> (node:internal/child_process:456:11)
    at Socket.emit (node:events:524:28)
    at Pipe.<anonymous> (node:net:343:12)
-- started: extensions/mod-content/yarn install
-- copying files
-- yarn install v1.22.5
-- [1/4] Resolving packages...
-- success Already up-to-date.
-- Done in 0.68s.
-- started: extensions/mod-content/yarn run build
-- yarn run v1.22.5
-- $ npm run webpack && copyfiles -f src/icons.svg dist && copyfiles -f src/mod-content.scss dist && extractInfo
-- > mod-content@0.2.3 webpack
-- > node ./node_modules/webpack/bin/webpack --config webpack.config.js --progress --profile --color
xx [webpack-cli] [31mFailed to load '/Users/veland/Downloads/vortex/extensions/mod-content/webpack.config.js' config[39m
xx [webpack-cli] [31mError: Cannot find module '/Users/veland/Downloads/vortex/extensions/mod-content/node_modules/vortex-api/lib/index.js'. Please verify that the package.json has a valid "main" entry
xx     at tryPackage (node:internal/modules/cjs/loader:489:19)
xx     at Module._findPath (node:internal/modules/cjs/loader:763:18)
xx     at Module._resolveFilename (node:internal/modules/cjs/loader:1198:27)
xx     at Module._load (node:internal/modules/cjs/loader:1043:27)
xx     at Module.require (node:internal/modules/cjs/loader:1298:19)
xx     at require (node:internal/modules/helpers:182:18)
xx     at Object.<anonymous> (/Users/veland/Downloads/vortex/extensions/mod-content/webpack.config.js:1:23)
xx     at Module._compile (node:internal/modules/cjs/loader:1529:14)
xx     at Module._extensions..js (node:internal/modules/cjs/loader:1613:10)
xx     at Module.load (node:internal/modules/cjs/loader:1275:32) {
xx   code: 'MODULE_NOT_FOUND',
xx   path: '/Users/veland/Downloads/vortex/extensions/mod-content/node_modules/vortex-api/package.json',
xx   requestPath: 'vortex-api'
xx }[39m
xx error Command failed with exit code 2.
-- info Visit https://yarnpkg.com/en/docs/cli/run for documentation about this command.
(mod-content) extensions/mod-content/yarn run build finished with code 2
failed  mod-content Error: run,build failed with code 2
    at ChildProcess.<anonymous> (/Users/veland/Downloads/vortex/BuildSubprojects.js:101:18)
    at ChildProcess.emit (node:events:524:28)
    at maybeClose (node:internal/child_process:1104:16)
    at Socket.<anonymous> (node:internal/child_process:456:11)
    at Socket.emit (node:events:524:28)
    at Pipe.<anonymous> (node:net:343:12)
-- started: extensions/modtype-umm/yarn install
-- copying files
-- yarn install v1.22.5
-- [1/4] Resolving packages...
-- success Already up-to-date.
-- $ generate-validation -t ./tsconfig.json
-- { tsConfigFilePath: 'tsconfig.json' }
-- {
--   compilerOptions: {
--     target: 'es6',
--     module: 'commonjs',
--     moduleResolution: 'node',
--     noImplicitAny: false,
--     removeComments: true,
--     preserveConstEnums: true,
--     rootDir: './src',
--     outDir: './out',
--     jsx: 'react',
--     sourceMap: true,
--     skipLibCheck: true,
--     esModuleInterop: true
--   },
--   exclude: [ 'node_modules' ],
--   files: [ 'src/index.ts' ]
-- }
-- {
--   dest: 'out',
--   src: 'src',
--   rootDir: '.',
--   __dirname: '/Users/veland/Downloads/vortex/extensions/modtype-umm/node_modules/ts-v-gen',
--   argv: '/Users/veland/Downloads/vortex/extensions/modtype-umm/node_modules/.bin/generate-validation'
-- }
-- { srcPath: 'src', schemasOut: 'out/generatedSchemas' }
xx strict mode: missing type "array" for keyword "exported" at "#" (strictTypes)
xx DeprecationWarning: 'createImportDeclaration' has been deprecated since v4.8.0. Decorators are no longer supported for this function. Callers should switch to an overload that does not accept a 'decorators' parameter.
xx DeprecationWarning: 'createParameterDeclaration' has been deprecated since v4.8.0. Decorators have been combined with modifiers. Callers should switch to an overload that does not accept a 'decorators' parameter.
xx DeprecationWarning: 'createFunctionDeclaration' has been deprecated since v4.8.0. Decorators are no longer supported for this function. Callers should switch to an overload that does not accept a 'decorators' parameter.
-- Done in 2.47s.
-- started: extensions/modtype-umm/yarn run build
-- yarn run v1.22.5
-- $ npm run webpack && extractInfo
-- > modtype-umm@1.0.4 webpack
-- > node ./node_modules/webpack/bin/webpack --config webpack.config.js --progress --profile --color
xx [webpack-cli] [31mFailed to load '/Users/veland/Downloads/vortex/extensions/modtype-umm/webpack.config.js' config[39m
xx [webpack-cli] [31mError: Cannot find module '/Users/veland/Downloads/vortex/extensions/modtype-umm/node_modules/vortex-api/lib/index.js'. Please verify that the package.json has a valid "main" entry
xx     at tryPackage (node:internal/modules/cjs/loader:489:19)
xx     at Module._findPath (node:internal/modules/cjs/loader:763:18)
xx     at Module._resolveFilename (node:internal/modules/cjs/loader:1198:27)
xx     at Module._load (node:internal/modules/cjs/loader:1043:27)
xx     at Module.require (node:internal/modules/cjs/loader:1298:19)
xx     at require (node:internal/modules/helpers:182:18)
xx     at Object.<anonymous> (/Users/veland/Downloads/vortex/extensions/modtype-umm/webpack.config.js:1:23)
xx     at Module._compile (node:internal/modules/cjs/loader:1529:14)
xx     at Module._extensions..js (node:internal/modules/cjs/loader:1613:10)
xx     at Module.load (node:internal/modules/cjs/loader:1275:32) {
xx   code: 'MODULE_NOT_FOUND',
xx   path: '/Users/veland/Downloads/vortex/extensions/modtype-umm/node_modules/vortex-api/package.json',
xx   requestPath: 'vortex-api'
xx }[39m
xx error Command failed with exit code 2.
-- info Visit https://yarnpkg.com/en/docs/cli/run for documentation about this command.
(modtype-umm) extensions/modtype-umm/yarn run build finished with code 2
failed  modtype-umm Error: run,build failed with code 2
    at ChildProcess.<anonymous> (/Users/veland/Downloads/vortex/BuildSubprojects.js:101:18)
    at ChildProcess.emit (node:events:524:28)
    at maybeClose (node:internal/child_process:1104:16)
    at Socket.<anonymous> (node:internal/child_process:456:11)
    at Socket.emit (node:events:524:28)
    at Pipe.<anonymous> (node:net:343:12)
-- started: extensions/script-extender-installer/yarn install
-- copying files
-- yarn install v1.22.5
-- [1/4] Resolving packages...
-- success Already up-to-date.
-- Done in 0.74s.
-- started: extensions/script-extender-installer/yarn run build
-- yarn run v1.22.5
-- $ npm run webpack && extractInfo
-- > script-extender-installer@1.1.14 webpack
-- > node ./node_modules/webpack/bin/webpack --config webpack.config.js --progress --profile --color
xx [webpack-cli] [31mFailed to load '/Users/veland/Downloads/vortex/extensions/script-extender-installer/webpack.config.js' config[39m
xx [webpack-cli] [31mError: Cannot find module '/Users/veland/Downloads/vortex/extensions/script-extender-installer/node_modules/vortex-api/lib/index.js'. Please verify that the package.json has a valid "main" entry
xx     at tryPackage (node:internal/modules/cjs/loader:489:19)
xx     at Module._findPath (node:internal/modules/cjs/loader:763:18)
xx     at Module._resolveFilename (node:internal/modules/cjs/loader:1198:27)
xx     at Module._load (node:internal/modules/cjs/loader:1043:27)
xx     at Module.require (node:internal/modules/cjs/loader:1298:19)
xx     at require (node:internal/modules/helpers:182:18)
xx     at Object.<anonymous> (/Users/veland/Downloads/vortex/extensions/script-extender-installer/webpack.config.js:2:23)
xx     at Module._compile (node:internal/modules/cjs/loader:1529:14)
xx     at Module._extensions..js (node:internal/modules/cjs/loader:1613:10)
xx     at Module.load (node:internal/modules/cjs/loader:1275:32) {
xx   code: 'MODULE_NOT_FOUND',
xx   path: '/Users/veland/Downloads/vortex/extensions/script-extender-installer/node_modules/vortex-api/package.json',
xx   requestPath: 'vortex-api'
xx }[39m
xx error Command failed with exit code 2.
-- info Visit https://yarnpkg.com/en/docs/cli/run for documentation about this command.
(script-extender-installer) extensions/script-extender-installer/yarn run build finished with code 2
failed  script-extender-installer Error: run,build failed with code 2
    at ChildProcess.<anonymous> (/Users/veland/Downloads/vortex/BuildSubprojects.js:101:18)
    at ChildProcess.emit (node:events:524:28)
    at maybeClose (node:internal/child_process:1104:16)
    at Socket.<anonymous> (node:internal/child_process:456:11)
    at Socket.emit (node:events:524:28)
    at Pipe.<anonymous> (node:net:343:12)
-- started: extensions/theme-switcher/yarn install
-- copying files
-- yarn install v1.22.5
-- [1/4] Resolving packages...
-- success Already up-to-date.
-- Done in 0.91s.
-- started: extensions/theme-switcher/yarn run build
-- yarn run v1.22.5
-- $ yarn run webpack && yarn run copy_themes && yarn run copy_lib && yarn run copy_to_out && yarn run copy_to_app
-- $ yarn node ./node_modules/webpack/bin/webpack --config webpack.config.js --stats-error-details --progress --profile --color
xx [webpack-cli] [31mFailed to load '/Users/veland/Downloads/vortex/extensions/theme-switcher/webpack.config.js' config[39m
xx [webpack-cli] [31mError: Cannot find module '/Users/veland/Downloads/vortex/extensions/theme-switcher/node_modules/vortex-api/lib/index.js'. Please verify that the package.json has a valid "main" entry
xx     at tryPackage (node:internal/modules/cjs/loader:489:19)
xx     at Module._findPath (node:internal/modules/cjs/loader:763:18)
xx     at Module._resolveFilename (node:internal/modules/cjs/loader:1198:27)
xx     at Module._load (node:internal/modules/cjs/loader:1043:27)
xx     at Module.require (node:internal/modules/cjs/loader:1298:19)
xx     at require (node:internal/modules/helpers:182:18)
xx     at Object.<anonymous> (/Users/veland/Downloads/vortex/extensions/theme-switcher/webpack.config.js:1:23)
xx     at Module._compile (node:internal/modules/cjs/loader:1529:14)
xx     at Module._extensions..js (node:internal/modules/cjs/loader:1613:10)
xx     at Module.load (node:internal/modules/cjs/loader:1275:32) {
xx   code: 'MODULE_NOT_FOUND',
xx   path: '/Users/veland/Downloads/vortex/extensions/theme-switcher/node_modules/vortex-api/package.json',
xx   requestPath: 'vortex-api'
xx }[39m
xx [2K
xx [1G
xx [31merror[39m Command failed.
xx Exit code: 2
xx Command: /Users/veland/.nvm/versions/node/v20.19.4/bin/node
xx Arguments: ./node_modules/webpack/bin/webpack --config webpack.config.js --stats-error-details --progress --profile --color
xx Directory: /Users/veland/Downloads/vortex/extensions/theme-switcher
xx Output:
-- [2K
-- [1G[34minfo[39m Visit [1mhttps://yarnpkg.com/en/docs/cli/node[22m for documentation about this command.
xx error Command failed with exit code 2.
-- info Visit https://yarnpkg.com/en/docs/cli/run for documentation about this command.
xx error Command failed with exit code 2.
-- info Visit https://yarnpkg.com/en/docs/cli/run for documentation about this command.
(theme-switcher) extensions/theme-switcher/yarn run build finished with code 2
failed  theme-switcher Error: run,build failed with code 2
    at ChildProcess.<anonymous> (/Users/veland/Downloads/vortex/BuildSubprojects.js:101:18)
    at ChildProcess.emit (node:events:524:28)
    at maybeClose (node:internal/child_process:1104:16)
    at ChildProcess._handle.onexit (node:internal/child_process:304:5)
-- started: extensions/game-pillarsofeternity2/yarn install
-- copying files
-- yarn install v1.22.5
-- [1/4] Resolving packages...
-- success Already up-to-date.
-- Done in 0.69s.
-- started: extensions/game-pillarsofeternity2/yarn run build
-- yarn run v1.22.5
-- $ yarn run webpack && yarn run copy_gameart && yarn run copy_scss && extractInfo
-- $ node ./node_modules/webpack/bin/webpack --config webpack.config.js --progress --profile --color
xx [webpack-cli] [31mFailed to load '/Users/veland/Downloads/vortex/extensions/game-pillarsofeternity2/webpack.config.js' config[39m
xx [webpack-cli] [31mError: Cannot find module '/Users/veland/Downloads/vortex/extensions/game-pillarsofeternity2/node_modules/vortex-api/lib/index.js'. Please verify that the package.json has a valid "main" entry
xx     at tryPackage (node:internal/modules/cjs/loader:489:19)
xx     at Module._findPath (node:internal/modules/cjs/loader:763:18)
xx     at Module._resolveFilename (node:internal/modules/cjs/loader:1198:27)
xx     at Module._load (node:internal/modules/cjs/loader:1043:27)
xx     at Module.require (node:internal/modules/cjs/loader:1298:19)
xx     at require (node:internal/modules/helpers:182:18)
xx     at Object.<anonymous> (/Users/veland/Downloads/vortex/extensions/game-pillarsofeternity2/webpack.config.js:2:23)
xx     at Module._compile (node:internal/modules/cjs/loader:1529:14)
xx     at Module._extensions..js (node:internal/modules/cjs/loader:1613:10)
xx     at Module.load (node:internal/modules/cjs/loader:1275:32) {
xx   code: 'MODULE_NOT_FOUND',
xx   path: '/Users/veland/Downloads/vortex/extensions/game-pillarsofeternity2/node_modules/vortex-api/package.json',
xx   requestPath: 'vortex-api'
xx }[39m
xx error Command failed with exit code 2.
-- info Visit https://yarnpkg.com/en/docs/cli/run for documentation about this command.
xx error Command failed with exit code 2.
-- info Visit https://yarnpkg.com/en/docs/cli/run for documentation about this command.
(game-pillarsofeternity2) extensions/game-pillarsofeternity2/yarn run build finished with code 2
failed  game-pillarsofeternity2 Error: run,build failed with code 2
    at ChildProcess.<anonymous> (/Users/veland/Downloads/vortex/BuildSubprojects.js:101:18)
    at ChildProcess.emit (node:events:524:28)
    at maybeClose (node:internal/child_process:1104:16)
    at ChildProcess._handle.onexit (node:internal/child_process:304:5)
-- started: extensions/gameversion-hash/yarn install
-- copying files
-- yarn install v1.22.5
-- [1/4] Resolving packages...
-- [2/4] Fetching packages...
-- [3/4] Linking dependencies...
xx warning "@types/redux-thunk > redux-thunk@2.4.1" has unmet peer dependency "redux@^4".
xx warning "vortex-ext-dependencies > babel-loader@9.1.2" has unmet peer dependency "@babel/core@^7.12.0".
-- [4/4] Building fresh packages...
xx error /Users/veland/Downloads/vortex/extensions/gameversion-hash/node_modules/vortexmt: Command failed.
xx Exit code: 7
xx Command: prebuild-install -r napi -t 4 -a x64 || node-gyp rebuild
xx Arguments: 
xx Directory: /Users/veland/Downloads/vortex/extensions/gameversion-hash/node_modules/vortexmt
xx Output:
xx prebuild-install WARN install No prebuilt binaries found (target=4 runtime=napi arch=x64 libc= platform=darwin)
xx gyp info it worked if it ends with ok
xx gyp info using node-gyp@7.1.2
xx gyp info using node@20.19.4 | darwin | arm64
xx gyp info find Python using Python version 3.13.7 found at "/usr/local/opt/python@3.13/bin/python3.13"
xx gyp ERR! UNCAUGHT EXCEPTION 
xx gyp ERR! stack TypeError: Cannot assign to read only property 'cflags' of object '#<Object>'
xx gyp ERR! stack     at createConfigFile (/Users/veland/Downloads/vortex/extensions/gameversion-hash/node_modules/node-gyp/lib/configure.js:117:21)
xx gyp ERR! stack     at /Users/veland/Downloads/vortex/extensions/gameversion-hash/node_modules/node-gyp/lib/configure.js:84:9
xx gyp ERR! stack     at FSReqCallback.oncomplete (node:fs:188:23)
xx gyp ERR! System Darwin 25.0.0
xx gyp ERR! command "/Users/veland/.nvm/versions/node/v20.19.4/bin/node" "/Users/veland/Downloads/vortex/extensions/gameversion-hash/node_modules/vortexmt/node_modules/.bin/node-gyp" "rebuild"
xx gyp ERR! cwd /Users/veland/Downloads/vortex/extensions/gameversion-hash/node_modules/vortexmt
xx gyp ERR! node -v v20.19.4
xx gyp ERR! node-gyp -v v7.1.2
xx gyp ERR! Node-gyp failed to build your package.
xx gyp ERR! Try to update npm and/or node-gyp and if it does not help file an issue with the package author.
-- info Visit https://yarnpkg.com/en/docs/cli/install for documentation about this command.
(gameversion-hash) extensions/gameversion-hash/yarn install finished with code 7
failed  gameversion-hash Error: install failed with code 7
    at ChildProcess.<anonymous> (/Users/veland/Downloads/vortex/BuildSubprojects.js:101:18)
    at ChildProcess.emit (node:events:524:28)
    at maybeClose (node:internal/child_process:1104:16)
    at ChildProcess._handle.onexit (node:internal/child_process:304:5)
